Component: ARM Compiler 5.06 update 6 (build 750) Tool: armlink [4d35ed]

==============================================================================

Section Cross References

    startup_stm32h723xx.o(RESET) refers to startup_stm32h723xx.o(STACK) for __initial_sp
    startup_stm32h723xx.o(RESET) refers to startup_stm32h723xx.o(.text) for Reset_Handler
    startup_stm32h723xx.o(RESET) refers to stm32h7xx_it.o(i.NMI_Handler) for NMI_Handler
    startup_stm32h723xx.o(RESET) refers to stm32h7xx_it.o(i.HardFault_Handler) for HardFault_Handler
    startup_stm32h723xx.o(RESET) refers to stm32h7xx_it.o(i.MemManage_Handler) for MemManage_Handler
    startup_stm32h723xx.o(RESET) refers to stm32h7xx_it.o(i.BusFault_Handler) for BusFault_Handler
    startup_stm32h723xx.o(RESET) refers to stm32h7xx_it.o(i.UsageFault_Handler) for UsageFault_Handler
    startup_stm32h723xx.o(RESET) refers to port.o(.emb_text) for SVC_Handler
    startup_stm32h723xx.o(RESET) refers to stm32h7xx_it.o(i.DebugMon_Handler) for DebugMon_Handler
    startup_stm32h723xx.o(RESET) refers to cmsis_os2.o(i.SysTick_Handler) for SysTick_Handler
    startup_stm32h723xx.o(RESET) refers to stm32h7xx_it.o(i.DMA1_Stream2_IRQHandler) for DMA1_Stream2_IRQHandler
    startup_stm32h723xx.o(RESET) refers to stm32h7xx_it.o(i.DMA1_Stream3_IRQHandler) for DMA1_Stream3_IRQHandler
    startup_stm32h723xx.o(RESET) refers to stm32h7xx_it.o(i.FDCAN1_IT0_IRQHandler) for FDCAN1_IT0_IRQHandler
    startup_stm32h723xx.o(RESET) refers to stm32h7xx_it.o(i.FDCAN2_IT0_IRQHandler) for FDCAN2_IT0_IRQHandler
    startup_stm32h723xx.o(RESET) refers to stm32h7xx_it.o(i.TIM4_IRQHandler) for TIM4_IRQHandler
    startup_stm32h723xx.o(RESET) refers to stm32h7xx_it.o(i.TIM8_UP_TIM13_IRQHandler) for TIM8_UP_TIM13_IRQHandler
    startup_stm32h723xx.o(RESET) refers to stm32h7xx_it.o(i.UART5_IRQHandler) for UART5_IRQHandler
    startup_stm32h723xx.o(RESET) refers to stm32h7xx_it.o(i.OTG_HS_IRQHandler) for OTG_HS_IRQHandler
    startup_stm32h723xx.o(RESET) refers to stm32h7xx_it.o(i.UART7_IRQHandler) for UART7_IRQHandler
    startup_stm32h723xx.o(RESET) refers to stm32h7xx_it.o(i.FDCAN3_IT0_IRQHandler) for FDCAN3_IT0_IRQHandler
    startup_stm32h723xx.o(.text) refers to system_stm32h7xx.o(i.ExitRun0Mode) for ExitRun0Mode
    startup_stm32h723xx.o(.text) refers to system_stm32h7xx.o(i.SystemInit) for SystemInit
    startup_stm32h723xx.o(.text) refers to entry.o(.ARM.Collect$$$$00000000) for __main
    main.o(i.HAL_TIM_PeriodElapsedCallback) refers to stm32h7xx_hal.o(i.HAL_IncTick) for HAL_IncTick
    main.o(i.MPU_Config) refers to stm32h7xx_hal_cortex.o(i.HAL_MPU_Disable) for HAL_MPU_Disable
    main.o(i.MPU_Config) refers to stm32h7xx_hal_cortex.o(i.HAL_MPU_ConfigRegion) for HAL_MPU_ConfigRegion
    main.o(i.MPU_Config) refers to stm32h7xx_hal_cortex.o(i.HAL_MPU_Enable) for HAL_MPU_Enable
    main.o(i.SystemClock_Config) refers to memseta.o(.text) for __aeabi_memclr4
    main.o(i.SystemClock_Config) refers to stm32h7xx_hal_pwr_ex.o(i.HAL_PWREx_ConfigSupply) for HAL_PWREx_ConfigSupply
    main.o(i.SystemClock_Config) refers to stm32h7xx_hal_rcc.o(i.HAL_RCC_OscConfig) for HAL_RCC_OscConfig
    main.o(i.SystemClock_Config) refers to main.o(i.Error_Handler) for Error_Handler
    main.o(i.SystemClock_Config) refers to stm32h7xx_hal_rcc.o(i.HAL_RCC_ClockConfig) for HAL_RCC_ClockConfig
    main.o(i.main) refers to main.o(i.MPU_Config) for MPU_Config
    main.o(i.main) refers to stm32h7xx_hal.o(i.HAL_Init) for HAL_Init
    main.o(i.main) refers to main.o(i.SystemClock_Config) for SystemClock_Config
    main.o(i.main) refers to gpio.o(i.MX_GPIO_Init) for MX_GPIO_Init
    main.o(i.main) refers to dma.o(i.MX_DMA_Init) for MX_DMA_Init
    main.o(i.main) refers to tim.o(i.MX_TIM2_Init) for MX_TIM2_Init
    main.o(i.main) refers to tim.o(i.MX_TIM4_Init) for MX_TIM4_Init
    main.o(i.main) refers to usart.o(i.MX_UART5_Init) for MX_UART5_Init
    main.o(i.main) refers to usart.o(i.MX_UART7_Init) for MX_UART7_Init
    main.o(i.main) refers to fdcan.o(i.MX_FDCAN1_Init) for MX_FDCAN1_Init
    main.o(i.main) refers to fdcan.o(i.MX_FDCAN2_Init) for MX_FDCAN2_Init
    main.o(i.main) refers to fdcan.o(i.MX_FDCAN3_Init) for MX_FDCAN3_Init
    main.o(i.main) refers to bsp_can.o(i.BSP_CAN_Init) for BSP_CAN_Init
    main.o(i.main) refers to bsp_uart.o(i.BSP_USART_Init) for BSP_USART_Init
    main.o(i.main) refers to stm32h7xx_hal_tim.o(i.HAL_TIM_Base_Start) for HAL_TIM_Base_Start
    main.o(i.main) refers to stm32h7xx_hal_tim.o(i.HAL_TIM_PWM_Start) for HAL_TIM_PWM_Start
    main.o(i.main) refers to stm32h7xx_hal_tim.o(i.HAL_TIM_Base_Start_IT) for HAL_TIM_Base_Start_IT
    main.o(i.main) refers to stm32h7xx_hal.o(i.HAL_Delay) for HAL_Delay
    main.o(i.main) refers to register.o(i.Structue_Init) for Structue_Init
    main.o(i.main) refers to lift.o(i.lift_init) for lift_init
    main.o(i.main) refers to kfs.o(i.kfs_three_kfs_spin_main_lift_pos_init) for kfs_three_kfs_spin_main_lift_pos_init
[...]
    USBD_LL_IsoOUTIncomplete                 0x0800c901   Thumb Code    72  usbd_core.o(i.USBD_LL_IsoOUTIncomplete)
    USBD_LL_OpenEP                           0x0800c949   Thumb Code    48  usbd_conf.o(i.USBD_LL_OpenEP)
    USBD_LL_PrepareReceive                   0x0800c979   Thumb Code    48  usbd_conf.o(i.USBD_LL_PrepareReceive)
    USBD_LL_Reset                            0x0800c9a9   Thumb Code   108  usbd_core.o(i.USBD_LL_Reset)
    USBD_LL_Resume                           0x0800ca15   Thumb Code    22  usbd_core.o(i.USBD_LL_Resume)
    USBD_LL_SOF                              0x0800ca2b   Thumb Code    40  usbd_core.o(i.USBD_LL_SOF)
    USBD_LL_SetSpeed                         0x0800ca53   Thumb Code     8  usbd_core.o(i.USBD_LL_SetSpeed)
    USBD_LL_SetUSBAddress                    0x0800ca5b   Thumb Code    38  usbd_conf.o(i.USBD_LL_SetUSBAddress)
    USBD_LL_SetupStage                       0x0800ca81   Thumb Code   118  usbd_core.o(i.USBD_LL_SetupStage)
    USBD_LL_StallEP                          0x0800caf7   Thumb Code    38  usbd_conf.o(i.USBD_LL_StallEP)
    USBD_LL_Start                            0x0800cb1d   Thumb Code    30  usbd_conf.o(i.USBD_LL_Start)
    USBD_LL_Suspend                          0x0800cb3b   Thumb Code    28  usbd_core.o(i.USBD_LL_Suspend)
    USBD_LL_Transmit                         0x0800cb57   Thumb Code    48  usbd_conf.o(i.USBD_LL_Transmit)
    USBD_ParseSetupRequest                   0x0800cb87   Thumb Code    54  usbd_ctlreq.o(i.USBD_ParseSetupRequest)
    USBD_RegisterClass                       0x0800cbbd   Thumb Code    72  usbd_core.o(i.USBD_RegisterClass)
    USBD_RunTestMode                         0x0800cc05   Thumb Code     6  usbd_core.o(i.USBD_RunTestMode)
    USBD_SetClassConfig                      0x0800cc65   Thumb Code    32  usbd_core.o(i.USBD_SetClassConfig)
    USBD_Start                               0x0800cdc1   Thumb Code    12  usbd_core.o(i.USBD_Start)
    USBD_StdDevReq                           0x0800cdcd   Thumb Code   174  usbd_ctlreq.o(i.USBD_StdDevReq)
    USBD_StdEPReq                            0x0800ce7b   Thumb Code   640  usbd_ctlreq.o(i.USBD_StdEPReq)
    USBD_StdItfReq                           0x0800d0fb   Thumb Code   174  usbd_ctlreq.o(i.USBD_StdItfReq)
    USBD_static_free                         0x0800d1a9   Thumb Code     2  usbd_conf.o(i.USBD_static_free)
    USBD_static_malloc                       0x0800d1ad   Thumb Code     6  usbd_conf.o(i.USBD_static_malloc)
    USB_ActivateEndpoint                     0x0800d1b9   Thumb Code   202  stm32h7xx_ll_usb.o(i.USB_ActivateEndpoint)
    USB_ActivateSetup                        0x0800d289   Thumb Code    40  stm32h7xx_ll_usb.o(i.USB_ActivateSetup)
    USB_CoreInit                             0x0800d2b1   Thumb Code   150  stm32h7xx_ll_usb.o(i.USB_CoreInit)
    USB_DeactivateEndpoint                   0x0800d3a5   Thumb Code   318  stm32h7xx_ll_usb.o(i.USB_DeactivateEndpoint)
    USB_DevConnect                           0x0800d4f1   Thumb Code    36  stm32h7xx_ll_usb.o(i.USB_DevConnect)
    USB_DevDisconnect                        0x0800d515   Thumb Code    36  stm32h7xx_ll_usb.o(i.USB_DevDisconnect)
    USB_DevInit                              0x0800d539   Thumb Code   472  stm32h7xx_ll_usb.o(i.USB_DevInit)
    USB_DisableGlobalInt                     0x0800d719   Thumb Code    14  stm32h7xx_ll_usb.o(i.USB_DisableGlobalInt)
    USB_EP0_OutStart                         0x0800d729   Thumb Code   106  stm32h7xx_ll_usb.o(i.USB_EP0_OutStart)
    USB_EPClearStall                         0x0800d799   Thumb Code   142  stm32h7xx_ll_usb.o(i.USB_EPClearStall)
    USB_EPSetStall                           0x0800d827   Thumb Code   154  stm32h7xx_ll_usb.o(i.USB_EPSetStall)
    USB_EPStartXfer                          0x0800d8c1   Thumb Code   954  stm32h7xx_ll_usb.o(i.USB_EPStartXfer)
    USB_EPStopXfer                           0x0800dc81   Thumb Code   236  stm32h7xx_ll_usb.o(i.USB_EPStopXfer)
    USB_EnableGlobalInt                      0x0800dd6d   Thumb Code    14  stm32h7xx_ll_usb.o(i.USB_EnableGlobalInt)
    USB_FlushRxFifo                          0x0800dd7b   Thumb Code    80  stm32h7xx_ll_usb.o(i.USB_FlushRxFifo)
    USB_FlushTxFifo                          0x0800ddcb   Thumb Code    84  stm32h7xx_ll_usb.o(i.USB_FlushTxFifo)
    USB_GetDevSpeed                          0x0800de1f   Thumb Code    38  stm32h7xx_ll_usb.o(i.USB_GetDevSpeed)
    USB_GetMode                              0x0800de45   Thumb Code    10  stm32h7xx_ll_usb.o(i.USB_GetMode)
    USB_ReadDevAllInEpInterrupt              0x0800de4f   Thumb Code    20  stm32h7xx_ll_usb.o(i.USB_ReadDevAllInEpInterrupt)
    USB_ReadDevAllOutEpInterrupt             0x0800de63   Thumb Code    20  stm32h7xx_ll_usb.o(i.USB_ReadDevAllOutEpInterrupt)
    USB_ReadDevInEPInterrupt                 0x0800de77   Thumb Code    50  stm32h7xx_ll_usb.o(i.USB_ReadDevInEPInterrupt)
    USB_ReadDevOutEPInterrupt                0x0800dea9   Thumb Code    26  stm32h7xx_ll_usb.o(i.USB_ReadDevOutEPInterrupt)
    USB_ReadInterrupts                       0x0800dec3   Thumb Code    10  stm32h7xx_ll_usb.o(i.USB_ReadInterrupts)
    USB_ReadPacket                           0x0800decd   Thumb Code    96  stm32h7xx_ll_usb.o(i.USB_ReadPacket)
    USB_SetCurrentMode                       0x0800df2d   Thumb Code   104  stm32h7xx_ll_usb.o(i.USB_SetCurrentMode)
    USB_SetDevAddress                        0x0800df95   Thumb Code    42  stm32h7xx_ll_usb.o(i.USB_SetDevAddress)
    USB_SetDevSpeed                          0x0800dfbf   Thumb Code    18  stm32h7xx_ll_usb.o(i.USB_SetDevSpeed)
    USB_SetTurnaroundTime                    0x0800dfd1   Thumb Code   192  stm32h7xx_ll_usb.o(i.USB_SetTurnaroundTime)
    USB_WritePacket                          0x0800e0b9   Thumb Code    68  stm32h7xx_ll_usb.o(i.USB_WritePacket)
    UsageFault_Handler                       0x0800e0fd   Thumb Code     4  stm32h7xx_it.o(i.UsageFault_Handler)
    Weapon_Init                              0x0800e101   Thumb Code     2  register.o(i.Weapon_Init)
    __hardfp_fmod                            0x0800e145   Thumb Code   246  fmod.o(i.__hardfp_fmod)
    __mathlib_dbl_invalid                    0x0800e241   Thumb Code    10  dunder.o(i.__mathlib_dbl_invalid)
    __scatterload_copy                       0x0800e259   Thumb Code    14  handlers.o(i.__scatterload_copy)
    __scatterload_null                       0x0800e267   Thumb Code     2  handlers.o(i.__scatterload_null)
    __scatterload_zeroinit                   0x0800e269   Thumb Code    14  handlers.o(i.__scatterload_zeroinit)
    __set_errno                              0x0800e279   Thumb Code     6  errno.o(i.__set_errno)
    clamp_use                                0x0800e3d5   Thumb Code    90  weapon.o(i.clamp_use)
    data_convert                             0x0800e441   Thumb Code   190  remote_control.o(i.data_convert)
    f_PID_Calculate                          0x0800e50d   Thumb Code   552  pid.o(i.f_PID_Calculate)
    flexible_motor_state_machine_step        0x0800e745   Thumb Code   332  lift.o(i.flexible_motor_state_machine_step)
    flexible_motor_update_command            0x0800e8c1   Thumb Code    52  lift.o(i.flexible_motor_update_command)
    kfs_three_kfs_spin_main_lift_pos_init    0x0800e931   Thumb Code    96  kfs.o(i.kfs_three_kfs_spin_main_lift_pos_init)
    lift_init                                0x0800e9b9   Thumb Code    60  lift.o(i.lift_init)
    main                                     0x0800ea21   Thumb Code   130  main.o(i.main)
    manual_chassis_function                  0x0800eaad   Thumb Code   454  chassis.o(i.manual_chassis_function)
    manual_kfs_function                      0x0800ecc9   Thumb Code  2572  kfs.o(i.manual_kfs_function)
    manual_lift_function                     0x0800f6f5   Thumb Code   904  lift.o(i.manual_lift_function)
    manual_weapon_function                   0x0800fafd   Thumb Code   136  weapon.o(i.manual_weapon_function)
    master_level_gate_init                   0x0800fba9   Thumb Code    22  master_control.o(i.master_level_gate_init)
    master_level_gate_on_change              0x0800fbbf   Thumb Code    48  master_control.o(i.master_level_gate_on_change)
    osDelay                                  0x0800fbef   Thumb Code    30  cmsis_os2.o(i.osDelay)
    osKernelGetSysTimerCount                 0x0800fc0d   Thumb Code    70  cmsis_os2.o(i.osKernelGetSysTimerCount)
    osKernelGetTickCount                     0x0800fc53   Thumb Code    26  cmsis_os2.o(i.osKernelGetTickCount)
    osKernelGetTickFreq                      0x0800fc6d   Thumb Code     6  cmsis_os2.o(i.osKernelGetTickFreq)
    osKernelInitialize                       0x0800fc75   Thumb Code    38  cmsis_os2.o(i.osKernelInitialize)
    osKernelStart                            0x0800fca1   Thumb Code    82  cmsis_os2.o(i.osKernelStart)
    osThreadNew                              0x0800fd01   Thumb Code   184  cmsis_os2.o(i.osThreadNew)
    pump1_two_suckers_linkage_nominal_open   0x080107dd   Thumb Code   190  weapon.o(i.pump1_two_suckers_linkage_nominal_open)
    pump2_two_suckers_linkage_nominal_open   0x080108b1   Thumb Code   194  weapon.o(i.pump2_two_suckers_linkage_nominal_open)
    pvPortMalloc                             0x08010989   Thumb Code   306  heap_4.o(i.pvPortMalloc)
    pxPortInitialiseStack                    0x08010ad5   Thumb Code    38  port.o(i.pxPortInitialiseStack)
    servo_use                                0x08010b1d   Thumb Code    86  weapon.o(i.servo_use)
    sucker1_use                              0x08010b85   Thumb Code    70  weapon.o(i.sucker1_use)
    sucker2_use                              0x08010bdd   Thumb Code    70  weapon.o(i.sucker2_use)
    sucker3_use                              0x08010c35   Thumb Code    70  weapon.o(i.sucker3_use)
    sucker4_use                              0x08010c8d   Thumb Code    70  weapon.o(i.sucker4_use)
    uxListRemove                             0x08010e09   Thumb Code    40  list.o(i.uxListRemove)
    vApplicationGetIdleTaskMemory            0x08010e31   Thumb Code    14  cmsis_os2.o(i.vApplicationGetIdleTaskMemory)
    vApplicationGetTimerTaskMemory           0x08010e49   Thumb Code    16  cmsis_os2.o(i.vApplicationGetTimerTaskMemory)
    vListInitialise                          0x08010e61   Thumb Code    26  list.o(i.vListInitialise)
    vListInitialiseItem                      0x08010e7b   Thumb Code     6  list.o(i.vListInitialiseItem)
    vListInsert                              0x08010e81   Thumb Code    52  list.o(i.vListInsert)
    vListInsertEnd                           0x08010eb5   Thumb Code    24  list.o(i.vListInsertEnd)
    vPortEnterCritical                       0x08010ecd   Thumb Code    76  port.o(i.vPortEnterCritical)
    vPortExitCritical                        0x08010f21   Thumb Code    56  port.o(i.vPortExitCritical)
    vPortFree                                0x08010f5d   Thumb Code   150  heap_4.o(i.vPortFree)
    vPortSetupTimerInterrupt                 0x08011001   Thumb Code    36  port.o(i.vPortSetupTimerInterrupt)
    vPortValidateInterruptPriority           0x08011029   Thumb Code   106  port.o(i.vPortValidateInterruptPriority)
    vQueueAddToRegistry                      0x080110a1   Thumb Code    38  queue.o(i.vQueueAddToRegistry)
    vQueueWaitForMessageRestricted           0x080110cd   Thumb Code    74  queue.o(i.vQueueWaitForMessageRestricted)
    vTaskDelay                               0x08011119   Thumb Code    82  tasks.o(i.vTaskDelay)
    vTaskInternalSetTimeOutState             0x08011175   Thumb Code    14  tasks.o(i.vTaskInternalSetTimeOutState)
    vTaskMissedYield                         0x0801118d   Thumb Code     8  tasks.o(i.vTaskMissedYield)
    vTaskPlaceOnEventList                    0x08011199   Thumb Code    52  tasks.o(i.vTaskPlaceOnEventList)
    vTaskPlaceOnEventListRestricted          0x080111d1   Thumb Code    60  tasks.o(i.vTaskPlaceOnEventListRestricted)
    vTaskStartScheduler                      0x08011211   Thumb Code   156  tasks.o(i.vTaskStartScheduler)
    vTaskSuspendAll                          0x080112c9   Thumb Code    12  tasks.o(i.vTaskSuspendAll)
    vTaskSwitchContext                       0x080112d9   Thumb Code   122  tasks.o(i.vTaskSwitchContext)
    xPortStartScheduler                      0x0801141d   Thumb Code   330  port.o(i.xPortStartScheduler)
    xPortSysTickHandler                      0x08011585   Thumb Code    46  port.o(i.xPortSysTickHandler)
    xQueueGenericCreateStatic                0x080115b9   Thumb Code   224  queue.o(i.xQueueGenericCreateStatic)
    xQueueGenericReset                       0x08011699   Thumb Code   146  queue.o(i.xQueueGenericReset)
    xQueueGenericSend                        0x08011731   Thumb Code   420  queue.o(i.xQueueGenericSend)
    xQueueGenericSendFromISR                 0x080118d9   Thumb Code   252  queue.o(i.xQueueGenericSendFromISR)
    xQueueReceive                            0x080119d5   Thumb Code   356  queue.o(i.xQueueReceive)
    xTaskCheckForTimeOut                     0x08011b3d   Thumb Code   132  tasks.o(i.xTaskCheckForTimeOut)
    xTaskCreate                              0x08011bc9   Thumb Code   100  tasks.o(i.xTaskCreate)
    xTaskCreateStatic                        0x08011c2d   Thumb Code   186  tasks.o(i.xTaskCreateStatic)
    xTaskGetSchedulerState                   0x08011ce9   Thumb Code    24  tasks.o(i.xTaskGetSchedulerState)
    xTaskGetTickCount                        0x08011d09   Thumb Code     6  tasks.o(i.xTaskGetTickCount)
    xTaskGetTickCountFromISR                 0x08011d15   Thumb Code    16  tasks.o(i.xTaskGetTickCountFromISR)
    xTaskIncrementTick                       0x08011d29   Thumb Code   280  tasks.o(i.xTaskIncrementTick)
    xTaskPriorityDisinherit                  0x08011e6d   Thumb Code   152  tasks.o(i.xTaskPriorityDisinherit)
    xTaskRemoveFromEventList                 0x08011f11   Thumb Code   126  tasks.o(i.xTaskRemoveFromEventList)
    xTaskResumeAll                           0x08011fa9   Thumb Code   222  tasks.o(i.xTaskResumeAll)
    xTimerCreateTimerTask                    0x080120ad   Thumb Code   100  timers.o(i.xTimerCreateTimerTask)
    xTimerGenericCommand                     0x08012125   Thumb Code   128  timers.o(i.xTimerGenericCommand)
    defaultTask_attributes                   0x080121a8   Data          36  freertos.o(.constdata)
    CanTask_attributes                       0x080121cc   Data          36  freertos.o(.constdata)
    MotionTask_attributes                    0x080121f0   Data          36  freertos.o(.constdata)
    UARTPrescTable                           0x08012278   Data          24  stm32h7xx_hal_uart.o(.constdata)
    D1CorePrescTable                         0x080122a0   Data          16  system_stm32h7xx.o(.constdata)
    Region$$Table$$Base                      0x080122f0   Number         0  anon$$obj.o(Region$$Table)
    Region$$Table$$Limit                     0x08012310   Number         0  anon$$obj.o(Region$$Table)
    defaultTaskHandle                        0x24000000   Data           4  freertos.o(.data)
    CanTaskHandle                            0x24000004   Data           4  freertos.o(.data)
    MotionTaskHandle                         0x24000008   Data           4  freertos.o(.data)
    uwTick                                   0x24000010   Data           4  stm32h7xx_hal.o(.data)
    uwTickPrio                               0x24000014   Data           4  stm32h7xx_hal.o(.data)
    uwTickFreq                               0x24000018   Data           1  stm32h7xx_hal.o(.data)
    SystemCoreClock                          0x2400001c   Data           4  system_stm32h7xx.o(.data)
    SystemD2Clock                            0x24000020   Data           4  system_stm32h7xx.o(.data)
    pxCurrentTCB                             0x24000024   Data           4  tasks.o(.data)
    text                                     0x240000a4   Data           8  dji_motor.o(.data)
    flag3                                    0x240000ac   Data           1  dji_motor.o(.data)
    chassis_motor1_pid_param                 0x240000c8   Data          24  chassis.o(.data)
    chassis_motor2_pid_param                 0x240000e0   Data          24  chassis.o(.data)
    chassis_motor3_pid_param                 0x240000f8   Data          24  chassis.o(.data)
    chassis_motor4_pid_param                 0x24000110   Data          24  chassis.o(.data)
    guide_motor1_pid_param                   0x24000128   Data          24  chassis.o(.data)
    guide_motor2_pid_param                   0x24000140   Data          24  chassis.o(.data)
    main_lift_dbg_target                     0x24000160   Data           4  kfs.o(.data)
    main_lift_dbg_current                    0x24000164   Data           4  kfs.o(.data)
    main_lift_dbg_duration                   0x24000168   Data           4  kfs.o(.data)
    main_lift_dbg_dir                        0x2400016c   Data           1  kfs.o(.data)
    main_lift_dbg_moving                     0x2400016d   Data           1  kfs.o(.data)
    main_lift_dbg_cmd_prev                   0x24000170   Data           4  kfs.o(.data)
    main_lift_dbg_pos_est                    0x24000174   Data           4  kfs.o(.data)
    main_lift_dbg_target_active              0x24000178   Data           4  kfs.o(.data)
    main_lift_dbg_target_pending             0x2400017c   Data           4  kfs.o(.data)
    main_lift_dbg_pending_valid              0x24000180   Data           1  kfs.o(.data)
    main_lift_dbg_end_tick                   0x24000184   Data           4  kfs.o(.data)
    main_lift_dbg_now_tick                   0x24000188   Data           4  kfs.o(.data)
    main_lift_dbg_tick_freq                  0x2400018c   Data           4  kfs.o(.data)
    main_lift_dbg_hal_tick                   0x24000190   Data           4  kfs.o(.data)
    main_lift_dbg_stage                      0x24000194   Data           1  kfs.o(.data)
    main_lift_dbg_last_stage                 0x24000195   Data           1  kfs.o(.data)
    main_lift_dbg_stage_count                0x24000198   Data           4  kfs.o(.data)
    three_kfs_position                       0x2400019c   Data           1  kfs.o(.data)
    kfs_spin_position                        0x2400019d   Data           1  kfs.o(.data)
    main_lift_position                       0x2400019e   Data           1  kfs.o(.data)
    main_lift_Initpos                        0x240001a0   Data           4  kfs.o(.data)
    kfs_spin_Initpos                         0x240001a4   Data           4  kfs.o(.data)
    three_kfs_Initpos                        0x240001a8   Data           4  kfs.o(.data)
    kfs_above_pid_param                      0x240001ac   Data          24  kfs.o(.data)
    kfs_below_pid_param                      0x240001c4   Data          24  kfs.o(.data)
    lift_stop_mode                           0x24000200   Data           4  lift.o(.data)
    flex_cmd                                 0x24000204   Data           1  lift.o(.data)
    flex_state4                              0x24000205   Data           1  lift.o(.data)
    flex_input_prev                          0x24000206   Data           2  lift.o(.data)
    flex_seen_move                           0x24000208   Data           1  lift.o(.data)
    flex_stop_cnt                            0x24000209   Data           1  lift.o(.data)
    flexible_motor_PID_input                 0x2400020c   Data           4  lift.o(.data)
    flexible_motor1_pid_param                0x24000210   Data          24  lift.o(.data)
    flexible_motor2_pid_param                0x24000228   Data          24  lift.o(.data)
    servo_state                              0x24000248   Data           1  weapon.o(.data)
    clamp_state                              0x24000249   Data           1  weapon.o(.data)
    sucker1_state                            0x2400024a   Data           1  weapon.o(.data)
    sucker2_state                            0x2400024b   Data           1  weapon.o(.data)
    sucker3_state                            0x2400024c   Data           1  weapon.o(.data)
    sucker4_state                            0x2400024d   Data           1  weapon.o(.data)
    pump1_state                              0x2400024e   Data           1  weapon.o(.data)
    pump2_state                              0x2400024f   Data           1  weapon.o(.data)
    ch5_lock                                 0x24000250   Data           1  weapon.o(.data)
    control_mode                             0x24000251   Data           1  motion_task.o(.data)
    remote_mode                              0x24000252   Data           1  motion_task.o(.data)
    master_mode                              0x24000253   Data           1  motion_task.o(.data)
    master_enable_bits                       0x24000254   Data           1  motion_task.o(.data)
    master_chassis_action_bits_0             0x24000255   Data           1  motion_task.o(.data)
    master_chassis_action_bits_1             0x24000256   Data           1  motion_task.o(.data)
    master_weapon_action_bits                0x24000257   Data           1  motion_task.o(.data)
    master_lift_action_bits                  0x24000258   Data           1  motion_task.o(.data)
    master_kfs_action_bits_0                 0x24000259   Data           1  motion_task.o(.data)
    master_kfs_action_bits_1                 0x2400025a   Data           1  motion_task.o(.data)
    r2_lift_mode                             0x2400025b   Data           1  motion_task.o(.data)
    RCctrl                                   0x24000266   Data          34  remote_control.o(.data)
    HS_Desc                                  0x24000288   Data          32  usbd_desc.o(.data)
    USBD_HS_DeviceDesc                       0x240002a8   Data          18  usbd_desc.o(.data)
    USBD_HS_BOSDesc                          0x240002bc   Data          12  usbd_desc.o(.data)
    USBD_LangIDDesc                          0x240002c8   Data           4  usbd_desc.o(.data)
    USBD_StringSerial                        0x240002cc   Data          26  usbd_desc.o(.data)
    usb_last_packet_valid                    0x240002e9   Data           1  usbd_cdc_if.o(.data)
    USBD_Interface_fops_HS                   0x240002ec   Data          20  usbd_cdc_if.o(.data)
    USBD_CDC                                 0x24000310   Data          56  usbd_cdc.o(.data)
    hfdcan1                                  0x24000394   Data         160  fdcan.o(.bss)
    hfdcan2                                  0x24000434   Data         160  fdcan.o(.bss)
    hfdcan3                                  0x240004d4   Data         160  fdcan.o(.bss)
    htim2                                    0x24000574   Data          76  tim.o(.bss)
    htim4                                    0x240005c0   Data          76  tim.o(.bss)
    huart5                                   0x2400060c   Data         148  usart.o(.bss)
    huart7                                   0x240006a0   Data         148  usart.o(.bss)
    hdma_uart5_rx                            0x24000734   Data         120  usart.o(.bss)
    hdma_uart7_rx                            0x240007ac   Data         120  usart.o(.bss)
    htim8                                    0x24000824   Data          76  stm32h7xx_hal_timebase_tim.o(.bss)
    xQueueRegistry                           0x24000870   Data          64  queue.o(.bss)
    Chassis                                  0x24005144   Data         120  chassis.o(.bss)
    chassis_motor1                           0x240051bc   Data         412  chassis.o(.bss)
    chassis_motor2                           0x24005358   Data         412  chassis.o(.bss)
    chassis_motor3                           0x240054f4   Data         412  chassis.o(.bss)
    chassis_motor4                           0x24005690   Data         412  chassis.o(.bss)
    guide_motor1                             0x2400582c   Data         412  chassis.o(.bss)
    guide_motor2                             0x240059c8   Data         412  chassis.o(.bss)
    Kfs                                      0x24005b64   Data          80  kfs.o(.bss)
    kfs_above                                0x24005bb4   Data         412  kfs.o(.bss)
    kfs_below                                0x24005d50   Data         412  kfs.o(.bss)
    main_lift                                0x24005eec   Data         264  kfs.o(.bss)
    kfs_spin                                 0x24005ff4   Data         264  kfs.o(.bss)
    three_kfs                                0x240060fc   Data         264  kfs.o(.bss)
    Lift                                     0x24006204   Data          80  lift.o(.bss)
    R2_lift_motor_left                       0x24006254   Data         264  lift.o(.bss)
    R2_lift_motor_right                      0x2400635c   Data         264  lift.o(.bss)
    flexible_motor1                          0x24006464   Data         412  lift.o(.bss)
    flexible_motor2                          0x24006600   Data         412  lift.o(.bss)
    SBUS_MultiRx_Buf                         0x2400679c   Data         100  remote_control.o(.bss)
    hUsbDeviceHS                             0x24006800   Data         732  usb_device.o(.bss)
    USBD_StrDesc                             0x24006adc   Data         512  usbd_desc.o(.bss)
    UserRxBufferHS                           0x24006cdc   Data        2048  usbd_cdc_if.o(.bss)
    UserTxBufferHS                           0x240074dc   Data        2048  usbd_cdc_if.o(.bss)
    usb_last_packet_data                     0x24007cf5   Data          20  usbd_cdc_if.o(.bss)
    hpcd_USB_OTG_HS                          0x24007d0c   Data        1252  usbd_conf.o(.bss)
    __initial_sp                             0x24008810   Data           0  startup_stm32h723xx.o(STACK)



==============================================================================

Memory Map of the image

  Image Entry point : 0x080002cd

  Load Region LR_IROM1 (Base: 0x08000000, Size: 0x000126a4, Max: 0x00100000, ABSOLUTE, COMPRESSED[0x00012440])

    Execution Region ER_IROM1 (Exec base: 0x08000000, Load base: 0x08000000, Size: 0x00012310, Max: 0x00100000, ABSOLUTE)

    Exec Addr    Load Addr    Size         Type   Attr      Idx    E Section Name        Object

    0x08000000   0x08000000   0x000002cc   Data   RO            3    RESET               startup_stm32h723xx.o
    0x080002cc   0x080002cc   0x00000000   Code   RO         9956  * .ARM.Collect$$$$00000000  mc_w.l(entry.o)
    0x080002cc   0x080002cc   0x00000004   Code   RO         9997    .ARM.Collect$$$$00000001  mc_w.l(entry2.o)
    0x080002d0   0x080002d0   0x00000004   Code   RO        10000    .ARM.Collect$$$$00000004  mc_w.l(entry5.o)
    0x080002d4   0x080002d4   0x00000000   Code   RO        10002    .ARM.Collect$$$$00000008  mc_w.l(entry7b.o)
    0x080002d4   0x080002d4   0x00000000   Code   RO        10004    .ARM.Collect$$$$0000000A  mc_w.l(entry8b.o)
    0x080002d4   0x080002d4   0x00000008   Code   RO        10005    .ARM.Collect$$$$0000000B  mc_w.l(entry9a.o)
    0x080002dc   0x080002dc   0x00000000   Code   RO        10007    .ARM.Collect$$$$0000000D  mc_w.l(entry10a.o)
    0x080002dc   0x080002dc   0x00000000   Code   RO        10009    .ARM.Collect$$$$0000000F  mc_w.l(entry11a.o)
    0x080002dc   0x080002dc   0x00000004   Code   RO         9998    .ARM.Collect$$$$00002712  mc_w.l(entry2.o)
    0x080002e0   0x080002e0   0x000000be   Code   RO         8040    .emb_text           port.o
    0x0800039e   0x0800039e   0x00000002   PAD
    0x080003a0   0x080003a0   0x0000002c   Code   RO            4    .text               startup_stm32h723xx.o
    0x080003cc   0x080003cc   0x00000062   Code   RO         9959    .text               mc_w.l(uldiv.o)
    0x0800042e   0x0800042e   0x00000024   Code   RO         9961    .text               mc_w.l(memcpya.o)
    0x08000452   0x08000452   0x00000024   Code   RO         9965    .text               mc_w.l(memseta.o)
    0x08000476   0x08000476   0x0000001e   Code   RO        10011    .text               mc_w.l(llshl.o)
    0x08000494   0x08000494   0x00000020   Code   RO        10013    .text               mc_w.l(llushr.o)
    0x080004b4   0x080004b4   0x00000000   Code   RO        10022    .text               mc_w.l(iusefp.o)
    0x080004b4   0x080004b4   0x00000086   Code   RO        10023    .text               mf_w.l(drem.o)
    0x0800053a   0x0800053a   0x00000002   PAD
    0x0800053c   0x0800053c   0x00000024   Code   RO        10035    .text               mc_w.l(init.o)
    0x08000560   0x08000560   0x000000ba   Code   RO        10037    .text               mf_w.l(depilogue.o)
    0x0800061a   0x0800061a   0x00000056   Code   RO        10047    .text               mc_w.l(__dczerorl2.o)
    0x08000670   0x08000670   0x00000110   Code   RO         8120    i.BSP_CAN_Init      bsp_can.o
    0x08000780   0x08000780   0x00000024   Code   RO         8167    i.BSP_USART_Init    bsp_uart.o
    0x080007a4   0x080007a4   0x0000000a   Code   RO         8929    i.BaseModule_ClearError  global.o
    0x080007ae   0x080007ae   0x00000006   Code   RO         8930    i.BaseModule_GetState  global.o
    0x080007b4   0x080007b4   0x0000000a   Code   RO         8931    i.BaseModule_Init   global.o
    0x080007be   0x080007be   0x00000006   Code   RO         8932    i.BaseModule_Run    global.o
    0x080007c4   0x080007c4   0x00000006   Code   RO         8933    i.BaseModule_Stop   global.o
    0x080007ca   0x080007ca   0x00000004   Code   RO          748    i.BusFault_Handler  stm32h7xx_it.o
    0x080007ce   0x080007ce   0x00000044   Code   RO         9202    i.CDC_Control_HS    usbd_cdc_if.o
    0x08000812   0x08000812   0x00000004   Code   RO         9203    i.CDC_DeInit_HS     usbd_cdc_if.o
    0x08000816   0x08000816   0x00000002   PAD
    0x08000818   0x08000818   0x00000024   Code   RO         9204    i.CDC_Init_HS       usbd_cdc_if.o
    0x0800083c   0x0800083c   0x0000003c   Code   RO         9205    i.CDC_Receive_HS    usbd_cdc_if.o
    0x08000878   0x08000878   0x0000000c   Code   RO         9206    i.CDC_TransmitCplt_HS  usbd_cdc_if.o
    0x08000884   0x08000884   0x00000038   Code   RO         9207    i.CDC_Transmit_HS   usbd_cdc_if.o
    0x080008bc   0x080008bc   0x00000298   Code   RO         8702    i.Can_Task          can_task.o
    0x08000b54   0x08000b54   0x000001b0   Code   RO         8425    i.Chassis_Calc      chassis.o
    0x08000d04   0x08000d04   0x00000128   Code   RO         8977    i.Chassis_Init      register.o
    0x08000e2c   0x08000e2c   0x00000094   Code   RO         8426    i.Chassis_Stop      chassis.o
    0x08000ec0   0x08000ec0   0x00000016   Code   RO         8265    i.DJIget_moto_offset  dji_motor.o
    0x08000ed6   0x08000ed6   0x000000a4   Code   RO         8266    i.DJIget_motor_measure  dji_motor.o
    0x08000f7a   0x08000f7a   0x00000002   PAD
    0x08000f7c   0x08000f7c   0x000000a4   Code   RO         8267    i.DJImotor_Create   dji_motor.o
    0x08001020   0x08001020   0x00000078   Code   RO         8268    i.DJIset_motor_data  dji_motor.o
    0x08001098   0x08001098   0x00000010   Code   RO          749    i.DMA1_Stream2_IRQHandler  stm32h7xx_it.o
    0x080010a8   0x080010a8   0x00000010   Code   RO          750    i.DMA1_Stream3_IRQHandler  stm32h7xx_it.o
    0x080010b8   0x080010b8   0x000000ec   Code   RO         3303    i.DMA_CalcBaseAndBitshift  stm32h7xx_hal_dma.o
    0x080011a4   0x080011a4   0x000000c4   Code   RO         3304    i.DMA_CalcDMAMUXChannelBaseAndMask  stm32h7xx_hal_dma.o
    0x08001268   0x08001268   0x00000098   Code   RO         3305    i.DMA_CalcDMAMUXRequestGenBaseAndMask  stm32h7xx_hal_dma.o
    0x08001300   0x08001300   0x000000ae   Code   RO         3306    i.DMA_CheckFifoParam  stm32h7xx_hal_dma.o
    0x080013ae   0x080013ae   0x00000002   PAD
    0x080013b0   0x080013b0   0x000000ec   Code   RO         3419    i.DMA_MultiBufferSetConfig  stm32h7xx_hal_dma_ex.o
    0x0800149c   0x0800149c   0x00000090   Code   RO         8323    i.DM_Motor_CMD      dm_motor.o
    0x0800152c   0x0800152c   0x00000234   Code   RO         8324    i.DMget_motor_measure  dm_motor.o
    0x08001760   0x08001760   0x00000078   Code   RO         8325    i.DMmotor_Create    dm_motor.o
    0x080017d8   0x080017d8   0x000002d4   Code   RO         8326    i.DMset_mit_data    dm_motor.o
    0x08001aac   0x08001aac   0x00000068   Code   RO         8327    i.DMset_posvel_data  dm_motor.o
    0x08001b14   0x08001b14   0x00000002   Code   RO          751    i.DebugMon_Handler  stm32h7xx_it.o
    0x08001b16   0x08001b16   0x00000006   Code   RO           13    i.Error_Handler     main.o
    0x08001b1c   0x08001b1c   0x00000024   Code   RO         6268    i.ExitRun0Mode      system_stm32h7xx.o
    0x08001b40   0x08001b40   0x00000010   Code   RO          752    i.FDCAN1_IT0_IRQHandler  stm32h7xx_it.o
    0x08001b50   0x08001b50   0x00000010   Code   RO          753    i.FDCAN2_IT0_IRQHandler  stm32h7xx_it.o
    0x08001b60   0x08001b60   0x00000010   Code   RO          754    i.FDCAN3_IT0_IRQHandler  stm32h7xx_it.o
    0x08001b70   0x08001b70   0x00000220   Code   RO         5102    i.FDCAN_CalcultateRamBlockAddresses  stm32h7xx_hal_fdcan.o
    0x08001d90   0x08001d90   0x000000d0   Code   RO         5103    i.FDCAN_CopyMessageToRAM  stm32h7xx_hal_fdcan.o
    0x08001e60   0x08001e60   0x00000034   Code   RO         9106    i.Get_SerialNum     usbd_desc.o
    0x08001e94   0x08001e94   0x00000320   Code   RO         3426    i.HAL_DMAEx_MultiBufferStart  stm32h7xx_hal_dma_ex.o
    0x080021b4   0x080021b4   0x000004dc   Code   RO         3308    i.HAL_DMA_Abort     stm32h7xx_hal_dma.o
    0x08002690   0x08002690   0x00000398   Code   RO         3309    i.HAL_DMA_Abort_IT  stm32h7xx_hal_dma.o
    0x08002a28   0x08002a28   0x00000af8   Code   RO         3313    i.HAL_DMA_IRQHandler  stm32h7xx_hal_dma.o
    0x08003520   0x08003520   0x00000514   Code   RO         3314    i.HAL_DMA_Init      stm32h7xx_hal_dma.o
    0x08003a34   0x08003a34   0x00000028   Code   RO         4163    i.HAL_Delay         stm32h7xx_hal.o
    0x08003a5c   0x08003a5c   0x000000a8   Code   RO         5105    i.HAL_FDCAN_ActivateNotification  stm32h7xx_hal_fdcan.o
    0x08003b04   0x08003b04   0x00000090   Code   RO         5107    i.HAL_FDCAN_AddMessageToTxFifoQ  stm32h7xx_hal_fdcan.o
    0x08003b94   0x08003b94   0x00000002   Code   RO         5108    i.HAL_FDCAN_ClockCalibrationCallback  stm32h7xx_hal_fdcan.o
    0x08003b96   0x08003b96   0x000000a8   Code   RO         5112    i.HAL_FDCAN_ConfigFilter  stm32h7xx_hal_fdcan.o
    0x08003c3e   0x08003c3e   0x00000034   Code   RO         5113    i.HAL_FDCAN_ConfigGlobalFilter  stm32h7xx_hal_fdcan.o
    0x08003c72   0x08003c72   0x00000002   Code   RO         5134    i.HAL_FDCAN_ErrorCallback  stm32h7xx_hal_fdcan.o
    0x08003c74   0x08003c74   0x00000002   Code   RO         5135    i.HAL_FDCAN_ErrorStatusCallback  stm32h7xx_hal_fdcan.o
    0x08003c76   0x08003c76   0x00000002   PAD
    0x08003c78   0x08003c78   0x000001f4   Code   RO         5146    i.HAL_FDCAN_GetRxMessage  stm32h7xx_hal_fdcan.o
    0x08003e6c   0x08003e6c   0x0000000e   Code   RO         5151    i.HAL_FDCAN_GetTxFifoFreeLevel  stm32h7xx_hal_fdcan.o
    0x08003e7a   0x08003e7a   0x00000002   Code   RO         5152    i.HAL_FDCAN_HighPriorityMessageCallback  stm32h7xx_hal_fdcan.o
    0x08003e7c   0x08003e7c   0x000003d4   Code   RO         5153    i.HAL_FDCAN_IRQHandler  stm32h7xx_hal_fdcan.o
    0x08004250   0x08004250   0x000002e0   Code   RO         5154    i.HAL_FDCAN_Init    stm32h7xx_hal_fdcan.o
    0x08004530   0x08004530   0x0000020c   Code   RO          580    i.HAL_FDCAN_MspInit  fdcan.o
    0x0800473c   0x0800473c   0x00000002   Code   RO         5163    i.HAL_FDCAN_RxBufferNewMessageCallback  stm32h7xx_hal_fdcan.o
    0x0800473e   0x0800473e   0x00000002   PAD
    0x08004740   0x08004740   0x00000184   Code   RO         8121    i.HAL_FDCAN_RxFifo0Callback  bsp_can.o
    0x080048c4   0x080048c4   0x00000002   Code   RO         5165    i.HAL_FDCAN_RxFifo1Callback  stm32h7xx_hal_fdcan.o
    0x080048c6   0x080048c6   0x00000034   Code   RO         5166    i.HAL_FDCAN_Start   stm32h7xx_hal_fdcan.o
    0x080048fa   0x080048fa   0x00000002   Code   RO         5188    i.HAL_FDCAN_TT_GlobalTimeCallback  stm32h7xx_hal_fdcan.o
    0x080048fc   0x080048fc   0x00000002   Code   RO         5189    i.HAL_FDCAN_TT_ScheduleSyncCallback  stm32h7xx_hal_fdcan.o
    0x080048fe   0x080048fe   0x00000002   Code   RO         5194    i.HAL_FDCAN_TT_StopWatchCallback  stm32h7xx_hal_fdcan.o
    0x08004900   0x08004900   0x00000002   Code   RO         5195    i.HAL_FDCAN_TT_TimeMarkCallback  stm32h7xx_hal_fdcan.o
    0x08004902   0x08004902   0x00000002   Code   RO         5196    i.HAL_FDCAN_TimeoutOccurredCallback  stm32h7xx_hal_fdcan.o
    0x08004904   0x08004904   0x00000002   Code   RO         5197    i.HAL_FDCAN_TimestampWraparoundCallback  stm32h7xx_hal_fdcan.o
    0x08004906   0x08004906   0x00000002   Code   RO         5198    i.HAL_FDCAN_TxBufferAbortCallback  stm32h7xx_hal_fdcan.o
    0x08004908   0x08004908   0x00000002   Code   RO         5199    i.HAL_FDCAN_TxBufferCompleteCallback  stm32h7xx_hal_fdcan.o
    0x0800490a   0x0800490a   0x00000002   Code   RO         5200    i.HAL_FDCAN_TxEventFifoCallback  stm32h7xx_hal_fdcan.o
    0x0800490c   0x0800490c   0x00000002   Code   RO         5201    i.HAL_FDCAN_TxFifoEmptyCallback  stm32h7xx_hal_fdcan.o
    0x0800490e   0x0800490e   0x00000002   PAD
    0x08004910   0x08004910   0x000001f0   Code   RO         3156    i.HAL_GPIO_Init     stm32h7xx_hal_gpio.o
    0x08004b00   0x08004b00   0x0000000c   Code   RO         3160    i.HAL_GPIO_WritePin  stm32h7xx_hal_gpio.o
    0x08004b0c   0x08004b0c   0x0000000c   Code   RO         4179    i.HAL_GetTick       stm32h7xx_hal.o
    0x08004b18   0x08004b18   0x00000018   Code   RO         4185    i.HAL_IncTick       stm32h7xx_hal.o
    0x08004b30   0x08004b30   0x00000060   Code   RO         4186    i.HAL_Init          stm32h7xx_hal.o
    0x08004b90   0x08004b90   0x00000094   Code   RO          894    i.HAL_InitTick      stm32h7xx_hal_timebase_tim.o
    0x08004c24   0x08004c24   0x0000005c   Code   RO         3999    i.HAL_MPU_ConfigRegion  stm32h7xx_hal_cortex.o
    0x08004c80   0x08004c80   0x0000002c   Code   RO         4000    i.HAL_MPU_Disable   stm32h7xx_hal_cortex.o
    0x08004cac   0x08004cac   0x00000040   Code   RO         4002    i.HAL_MPU_Enable    stm32h7xx_hal_cortex.o
    0x08004cec   0x08004cec   0x00000030   Code   RO          870    i.HAL_MspInit       stm32h7xx_hal_msp.o
    0x08004d1c   0x08004d1c   0x00000028   Code   RO         4006    i.HAL_NVIC_EnableIRQ  stm32h7xx_hal_cortex.o
    0x08004d44   0x08004d44   0x0000007a   Code   RO         4012    i.HAL_NVIC_SetPriority  stm32h7xx_hal_cortex.o
    0x08004dbe   0x08004dbe   0x00000002   PAD
    0x08004dc0   0x08004dc0   0x00000028   Code   RO         4013    i.HAL_NVIC_SetPriorityGrouping  stm32h7xx_hal_cortex.o
    0x08004de8   0x08004de8   0x00000028   Code   RO         2201    i.HAL_PCDEx_ActivateLPM  stm32h7xx_hal_pcd_ex.o
    0x08004e10   0x08004e10   0x00000002   Code   RO         2206    i.HAL_PCDEx_LPM_Callback  stm32h7xx_hal_pcd_ex.o
    0x08004e12   0x08004e12   0x0000000a   Code   RO         2207    i.HAL_PCDEx_SetRxFiFo  stm32h7xx_hal_pcd_ex.o
    0x08004e1c   0x08004e1c   0x0000004e   Code   RO         2208    i.HAL_PCDEx_SetTxFiFo  stm32h7xx_hal_pcd_ex.o
    0x08004e6a   0x08004e6a   0x0000000e   Code   RO         9278    i.HAL_PCD_ConnectCallback  usbd_conf.o
    0x08004e78   0x08004e78   0x00000020   Code   RO         9279    i.HAL_PCD_DataInStageCallback  usbd_conf.o
    0x08004e98   0x08004e98   0x00000020   Code   RO         9280    i.HAL_PCD_DataOutStageCallback  usbd_conf.o
    0x08004eb8   0x08004eb8   0x0000000e   Code   RO         9281    i.HAL_PCD_DisconnectCallback  usbd_conf.o
    0x08004ec6   0x08004ec6   0x00000042   Code   RO         1972    i.HAL_PCD_EP_Abort  stm32h7xx_hal_pcd.o
    0x08004f08   0x08004f08   0x0000006a   Code   RO         1973    i.HAL_PCD_EP_Close  stm32h7xx_hal_pcd.o
    0x08004f72   0x08004f72   0x0000007c   Code   RO         1974    i.HAL_PCD_EP_ClrStall  stm32h7xx_hal_pcd.o
    0x08004fee   0x08004fee   0x00000016   Code   RO         1976    i.HAL_PCD_EP_GetRxCount  stm32h7xx_hal_pcd.o
    0x08005004   0x08005004   0x0000008e   Code   RO         1977    i.HAL_PCD_EP_Open   stm32h7xx_hal_pcd.o
    0x08005092   0x08005092   0x00000046   Code   RO         1978    i.HAL_PCD_EP_Receive  stm32h7xx_hal_pcd.o
    0x080050d8   0x080050d8   0x0000008a   Code   RO         1979    i.HAL_PCD_EP_SetStall  stm32h7xx_hal_pcd.o
    0x08005162   0x08005162   0x00000048   Code   RO         1980    i.HAL_PCD_EP_Transmit  stm32h7xx_hal_pcd.o
    0x080051aa   0x080051aa   0x0000070e   Code   RO         1982    i.HAL_PCD_IRQHandler  stm32h7xx_hal_pcd.o
    0x080058b8   0x080058b8   0x00000012   Code   RO         9282    i.HAL_PCD_ISOINIncompleteCallback  usbd_conf.o
    0x080058ca   0x080058ca   0x00000012   Code   RO         9283    i.HAL_PCD_ISOOUTIncompleteCallback  usbd_conf.o
    0x080058dc   0x080058dc   0x0000015e   Code   RO         1985    i.HAL_PCD_Init      stm32h7xx_hal_pcd.o
    0x08005a3a   0x08005a3a   0x00000002   PAD
    0x08005a3c   0x08005a3c   0x0000008c   Code   RO         9285    i.HAL_PCD_MspInit   usbd_conf.o
    0x08005ac8   0x08005ac8   0x00000030   Code   RO         9286    i.HAL_PCD_ResetCallback  usbd_conf.o
    0x08005af8   0x08005af8   0x0000000e   Code   RO         9287    i.HAL_PCD_ResumeCallback  usbd_conf.o
    0x08005b06   0x08005b06   0x0000000e   Code   RO         9288    i.HAL_PCD_SOFCallback  usbd_conf.o
    0x08005b14   0x08005b14   0x00000034   Code   RO         1991    i.HAL_PCD_SetAddress  stm32h7xx_hal_pcd.o
    0x08005b48   0x08005b48   0x00000012   Code   RO         9289    i.HAL_PCD_SetupStageCallback  usbd_conf.o
    0x08005b5a   0x08005b5a   0x0000004c   Code   RO         1994    i.HAL_PCD_Start     stm32h7xx_hal_pcd.o
    0x08005ba6   0x08005ba6   0x00000002   PAD
    0x08005ba8   0x08005ba8   0x00000034   Code   RO         9290    i.HAL_PCD_SuspendCallback  usbd_conf.o
    0x08005bdc   0x08005bdc   0x00000060   Code   RO         3757    i.HAL_PWREx_ConfigSupply  stm32h7xx_hal_pwr_ex.o
    0x08005c3c   0x08005c3c   0x00000014   Code   RO         3774    i.HAL_PWREx_EnableUSBVoltageDetector  stm32h7xx_hal_pwr_ex.o
    0x08005c50   0x08005c50   0x00000024   Code   RO         2699    i.HAL_RCCEx_GetD3PCLK1Freq  stm32h7xx_hal_rcc_ex.o
    0x08005c74   0x08005c74   0x00000230   Code   RO         2701    i.HAL_RCCEx_GetPLL2ClockFreq  stm32h7xx_hal_rcc_ex.o
    0x08005ea4   0x08005ea4   0x00000230   Code   RO         2702    i.HAL_RCCEx_GetPLL3ClockFreq  stm32h7xx_hal_rcc_ex.o
    0x080060d4   0x080060d4   0x00000cc8   Code   RO         2708    i.HAL_RCCEx_PeriphCLKConfig  stm32h7xx_hal_rcc_ex.o
    0x08006d9c   0x08006d9c   0x00000320   Code   RO         2584    i.HAL_RCC_ClockConfig  stm32h7xx_hal_rcc.o
    0x080070bc   0x080070bc   0x0000006c   Code   RO         2588    i.HAL_RCC_GetClockConfig  stm32h7xx_hal_rcc.o
    0x08007128   0x08007128   0x0000004c   Code   RO         2589    i.HAL_RCC_GetHCLKFreq  stm32h7xx_hal_rcc.o
    0x08007174   0x08007174   0x00000024   Code   RO         2591    i.HAL_RCC_GetPCLK1Freq  stm32h7xx_hal_rcc.o
    0x08007198   0x08007198   0x00000024   Code   RO         2592    i.HAL_RCC_GetPCLK2Freq  stm32h7xx_hal_rcc.o
    0x080071bc   0x080071bc   0x0000022c   Code   RO         2593    i.HAL_RCC_GetSysClockFreq  stm32h7xx_hal_rcc.o
    0x080073e8   0x080073e8   0x0000075c   Code   RO         2596    i.HAL_RCC_OscConfig  stm32h7xx_hal_rcc.o
    0x08007b44   0x08007b44   0x00000002   Code   RO         1660    i.HAL_TIMEx_Break2Callback  stm32h7xx_hal_tim_ex.o
    0x08007b46   0x08007b46   0x00000002   Code   RO         1661    i.HAL_TIMEx_BreakCallback  stm32h7xx_hal_tim_ex.o
    0x08007b48   0x08007b48   0x00000002   Code   RO         1662    i.HAL_TIMEx_CommutCallback  stm32h7xx_hal_tim_ex.o
    0x08007b4a   0x08007b4a   0x00000002   PAD
    0x08007b4c   0x08007b4c   0x000000e4   Code   RO         1683    i.HAL_TIMEx_MasterConfigSynchronization  stm32h7xx_hal_tim_ex.o
    0x08007c30   0x08007c30   0x0000006e   Code   RO          935    i.HAL_TIM_Base_Init  stm32h7xx_hal_tim.o
    0x08007c9e   0x08007c9e   0x00000002   PAD
    0x08007ca0   0x08007ca0   0x00000044   Code   RO          635    i.HAL_TIM_Base_MspInit  tim.o
    0x08007ce4   0x08007ce4   0x000000c0   Code   RO          938    i.HAL_TIM_Base_Start  stm32h7xx_hal_tim.o
    0x08007da4   0x08007da4   0x000000cc   Code   RO          940    i.HAL_TIM_Base_Start_IT  stm32h7xx_hal_tim.o
    0x08007e70   0x08007e70   0x00000134   Code   RO          944    i.HAL_TIM_ConfigClockSource  stm32h7xx_hal_tim.o
    0x08007fa4   0x08007fa4   0x00000002   Code   RO          969    i.HAL_TIM_IC_CaptureCallback  stm32h7xx_hal_tim.o
    0x08007fa6   0x08007fa6   0x00000198   Code   RO          983    i.HAL_TIM_IRQHandler  stm32h7xx_hal_tim.o
    0x0800813e   0x0800813e   0x00000002   PAD
    0x08008140   0x08008140   0x00000058   Code   RO          636    i.HAL_TIM_MspPostInit  tim.o
    0x08008198   0x08008198   0x00000002   Code   RO          986    i.HAL_TIM_OC_DelayElapsedCallback  stm32h7xx_hal_tim.o
    0x0800819a   0x0800819a   0x00000170   Code   RO         1007    i.HAL_TIM_PWM_ConfigChannel  stm32h7xx_hal_tim.o
    0x0800830a   0x0800830a   0x0000006e   Code   RO         1010    i.HAL_TIM_PWM_Init  stm32h7xx_hal_tim.o
    0x08008378   0x08008378   0x0000002c   Code   RO          638    i.HAL_TIM_PWM_MspInit  tim.o
    0x080083a4   0x080083a4   0x00000002   Code   RO         1013    i.HAL_TIM_PWM_PulseFinishedCallback  stm32h7xx_hal_tim.o
    0x080083a6   0x080083a6   0x00000002   PAD
    0x080083a8   0x080083a8   0x0000017c   Code   RO         1015    i.HAL_TIM_PWM_Start  stm32h7xx_hal_tim.o
    0x08008524   0x08008524   0x00000018   Code   RO           14    i.HAL_TIM_PeriodElapsedCallback  main.o
    0x0800853c   0x0800853c   0x00000002   Code   RO         1026    i.HAL_TIM_TriggerCallback  stm32h7xx_hal_tim.o
    0x0800853e   0x0800853e   0x0000004e   Code   RO         6145    i.HAL_UARTEx_DisableFifoMode  stm32h7xx_hal_uart_ex.o
    0x0800858c   0x0800858c   0x000005c4   Code   RO         8168    i.HAL_UARTEx_RxEventCallback  bsp_uart.o
    0x08008b50   0x08008b50   0x00000002   Code   RO         6153    i.HAL_UARTEx_RxFifoFullCallback  stm32h7xx_hal_uart_ex.o
    0x08008b52   0x08008b52   0x0000005e   Code   RO         6154    i.HAL_UARTEx_SetRxFifoThreshold  stm32h7xx_hal_uart_ex.o
    0x08008bb0   0x08008bb0   0x0000005e   Code   RO         6155    i.HAL_UARTEx_SetTxFifoThreshold  stm32h7xx_hal_uart_ex.o
    0x08008c0e   0x08008c0e   0x00000002   Code   RO         6157    i.HAL_UARTEx_TxFifoEmptyCallback  stm32h7xx_hal_uart_ex.o
    0x08008c10   0x08008c10   0x00000002   Code   RO         6158    i.HAL_UARTEx_WakeupCallback  stm32h7xx_hal_uart_ex.o
    0x08008c12   0x08008c12   0x00000002   Code   RO         5745    i.HAL_UART_ErrorCallback  stm32h7xx_hal_uart.o
    0x08008c14   0x08008c14   0x000004b6   Code   RO         5748    i.HAL_UART_IRQHandler  stm32h7xx_hal_uart.o
    0x080090ca   0x080090ca   0x00000078   Code   RO         5749    i.HAL_UART_Init     stm32h7xx_hal_uart.o
    0x08009142   0x08009142   0x00000002   PAD
    0x08009144   0x08009144   0x00000204   Code   RO          701    i.HAL_UART_MspInit  usart.o
    0x08009348   0x08009348   0x00000002   Code   RO         5761    i.HAL_UART_TxCpltCallback  stm32h7xx_hal_uart.o
    0x0800934a   0x0800934a   0x00000004   Code   RO          755    i.HardFault_Handler  stm32h7xx_it.o
    0x0800934e   0x0800934e   0x0000003e   Code   RO         9107    i.IntToUnicode      usbd_desc.o
    0x0800938c   0x0800938c   0x00000104   Code   RO         8978    i.Kfs_Init          register.o
    0x08009490   0x08009490   0x000000bc   Code   RO         8979    i.Lift_Init         register.o
    0x0800954c   0x0800954c   0x00000056   Code   RO           15    i.MPU_Config        main.o
    0x080095a2   0x080095a2   0x00000002   PAD
    0x080095a4   0x080095a4   0x00000044   Code   RO          552    i.MX_DMA_Init       dma.o
    0x080095e8   0x080095e8   0x00000088   Code   RO          581    i.MX_FDCAN1_Init    fdcan.o
    0x08009670   0x08009670   0x00000088   Code   RO          582    i.MX_FDCAN2_Init    fdcan.o
    0x080096f8   0x080096f8   0x00000088   Code   RO          583    i.MX_FDCAN3_Init    fdcan.o
    0x08009780   0x08009780   0x00000054   Code   RO          468    i.MX_FREERTOS_Init  freertos.o
    0x080097d4   0x080097d4   0x00000154   Code   RO          324    i.MX_GPIO_Init      gpio.o
    0x08009928   0x08009928   0x0000008c   Code   RO          639    i.MX_TIM2_Init      tim.o
    0x080099b4   0x080099b4   0x00000080   Code   RO          640    i.MX_TIM4_Init      tim.o
    0x08009a34   0x08009a34   0x00000074   Code   RO          702    i.MX_UART5_Init     usart.o
    0x08009aa8   0x08009aa8   0x0000006c   Code   RO          703    i.MX_UART7_Init     usart.o
    0x08009b14   0x08009b14   0x00000050   Code   RO         9068    i.MX_USB_DEVICE_Init  usb_device.o
    0x08009b64   0x08009b64   0x00000004   Code   RO          756    i.MemManage_Handler  stm32h7xx_it.o
    0x08009b68   0x08009b68   0x000001e0   Code   RO         8752    i.Motion_Task       motion_task.o
    0x08009d48   0x08009d48   0x00000070   Code   RO         8217    i.MotorModule_Create  motor.o
    0x08009db8   0x08009db8   0x00000012   Code   RO         8218    i.MotorModule_Init  motor.o
    0x08009dca   0x08009dca   0x00000004   Code   RO         8219    i.MotorModule_Run   motor.o
    0x08009dce   0x08009dce   0x00000002   PAD
    0x08009dd0   0x08009dd0   0x00000094   Code   RO         8269    i.Motor_PID_Calculate  dji_motor.o
    0x08009e64   0x08009e64   0x00000004   Code   RO          757    i.NMI_Handler       stm32h7xx_it.o
    0x08009e68   0x08009e68   0x0000000c   Code   RO         7452    i.OS_Tick_GetCount  cmsis_os2.o
    0x08009e74   0x08009e74   0x0000000a   Code   RO         7453    i.OS_Tick_GetInterval  cmsis_os2.o
    0x08009e7e   0x08009e7e   0x0000000c   Code   RO         7454    i.OS_Tick_GetOverflow  cmsis_os2.o
    0x08009e8a   0x08009e8a   0x00000002   PAD
    0x08009e8c   0x08009e8c   0x00000010   Code   RO          758    i.OTG_HS_IRQHandler  stm32h7xx_it.o
    0x08009e9c   0x08009e9c   0x00000064   Code   RO         1997    i.PCD_EP_OutSetupPacket_int  stm32h7xx_hal_pcd.o
    0x08009f00   0x08009f00   0x00000144   Code   RO         1998    i.PCD_EP_OutXfrComplete_int  stm32h7xx_hal_pcd.o
    0x0800a044   0x0800a044   0x000000b6   Code   RO         1999    i.PCD_WriteEmptyTxFifo  stm32h7xx_hal_pcd.o
    0x0800a0fa   0x0800a0fa   0x00000002   PAD
    0x0800a0fc   0x0800a0fc   0x00000038   Code   RO         9028    i.PID_Calc_Clear    pid.o
    0x0800a134   0x0800a134   0x0000002c   Code   RO         9029    i.PID_ErrorHandle   pid.o
    0x0800a160   0x0800a160   0x00000030   Code   RO         9030    i.PID_Init          pid.o
    0x0800a190   0x0800a190   0x00000046   Code   RO         9031    i.PID_Param_Init    pid.o
    0x0800a1d6   0x0800a1d6   0x00000002   PAD
    0x0800a1d8   0x0800a1d8   0x00000164   Code   RO         2711    i.RCCEx_PLL2_Config  stm32h7xx_hal_rcc_ex.o
    0x0800a33c   0x0800a33c   0x00000164   Code   RO         2712    i.RCCEx_PLL3_Config  stm32h7xx_hal_rcc_ex.o
    0x0800a4a0   0x0800a4a0   0x00000122   Code   RO         8815    i.SBUS_TO_RC        remote_control.o
    0x0800a5c2   0x0800a5c2   0x00000012   Code   RO         9655    i.SWAPBYTE          usbd_ctlreq.o
    0x0800a5d4   0x0800a5d4   0x0000000a   Code   RO          470    i.StartDefaultTask  freertos.o
    0x0800a5de   0x0800a5de   0x0000002c   Code   RO         8980    i.Structue_Init     register.o
    0x0800a60a   0x0800a60a   0x0000006e   Code   RO         8382    i.StructureModule_AddMotor  structure.o
    0x0800a678   0x0800a678   0x00000058   Code   RO         8383    i.StructureModule_Create  structure.o
    0x0800a6d0   0x0800a6d0   0x00000012   Code   RO         8384    i.StructureModule_Init  structure.o
    0x0800a6e2   0x0800a6e2   0x0000000e   Code   RO         8385    i.StructureModule_Run  structure.o
    0x0800a6f0   0x0800a6f0   0x00000016   Code   RO         7455    i.SysTick_Handler   cmsis_os2.o
    0x0800a706   0x0800a706   0x00000002   PAD
    0x0800a708   0x0800a708   0x000000bc   Code   RO           16    i.SystemClock_Config  main.o
    0x0800a7c4   0x0800a7c4   0x0000010c   Code   RO         6270    i.SystemInit        system_stm32h7xx.o
    0x0800a8d0   0x0800a8d0   0x00000024   Code   RO          759    i.TIM4_IRQHandler   stm32h7xx_it.o
    0x0800a8f4   0x0800a8f4   0x00000010   Code   RO          760    i.TIM8_UP_TIM13_IRQHandler  stm32h7xx_it.o
    0x0800a904   0x0800a904   0x000000e8   Code   RO         1028    i.TIM_Base_SetConfig  stm32h7xx_hal_tim.o
    0x0800a9ec   0x0800a9ec   0x00000022   Code   RO         1029    i.TIM_CCxChannelCmd  stm32h7xx_hal_tim.o
    0x0800aa0e   0x0800aa0e   0x00000016   Code   RO         1039    i.TIM_ETR_SetConfig  stm32h7xx_hal_tim.o
    0x0800aa24   0x0800aa24   0x00000018   Code   RO         1040    i.TIM_ITRx_SetConfig  stm32h7xx_hal_tim.o
    0x0800aa3c   0x0800aa3c   0x000000ac   Code   RO         1041    i.TIM_OC1_SetConfig  stm32h7xx_hal_tim.o
    0x0800aae8   0x0800aae8   0x000000b4   Code   RO         1042    i.TIM_OC2_SetConfig  stm32h7xx_hal_tim.o
    0x0800ab9c   0x0800ab9c   0x000000b4   Code   RO         1043    i.TIM_OC3_SetConfig  stm32h7xx_hal_tim.o
    0x0800ac50   0x0800ac50   0x00000074   Code   RO         1044    i.TIM_OC4_SetConfig  stm32h7xx_hal_tim.o
    0x0800acc4   0x0800acc4   0x00000070   Code   RO         1045    i.TIM_OC5_SetConfig  stm32h7xx_hal_tim.o
    0x0800ad34   0x0800ad34   0x00000070   Code   RO         1046    i.TIM_OC6_SetConfig  stm32h7xx_hal_tim.o
    0x0800ada4   0x0800ada4   0x00000026   Code   RO         1048    i.TIM_TI1_ConfigInputStage  stm32h7xx_hal_tim.o
    0x0800adca   0x0800adca   0x00000028   Code   RO         1050    i.TIM_TI2_ConfigInputStage  stm32h7xx_hal_tim.o
    0x0800adf2   0x0800adf2   0x00000002   PAD
    0x0800adf4   0x0800adf4   0x00000010   Code   RO          761    i.UART5_IRQHandler  stm32h7xx_it.o
    0x0800ae04   0x0800ae04   0x00000010   Code   RO          762    i.UART7_IRQHandler  stm32h7xx_it.o
    0x0800ae14   0x0800ae14   0x00000058   Code   RO         6159    i.UARTEx_SetNbDataToProcess  stm32h7xx_hal_uart_ex.o
    0x0800ae6c   0x0800ae6c   0x000000f8   Code   RO         5763    i.UART_AdvFeatureConfig  stm32h7xx_hal_uart.o
    0x0800af64   0x0800af64   0x000000ea   Code   RO         5764    i.UART_CheckIdleState  stm32h7xx_hal_uart.o
    0x0800b04e   0x0800b04e   0x00000014   Code   RO         5765    i.UART_DMAAbortOnError  stm32h7xx_hal_uart.o
    0x0800b062   0x0800b062   0x00000002   PAD
    0x0800b064   0x0800b064   0x0000006c   Code   RO         5775    i.UART_EndRxTransfer  stm32h7xx_hal_uart.o
    0x0800b0d0   0x0800b0d0   0x00000030   Code   RO         5776    i.UART_EndTransmit_IT  stm32h7xx_hal_uart.o
    0x0800b100   0x0800b100   0x00000628   Code   RO         5782    i.UART_SetConfig    stm32h7xx_hal_uart.o
    0x0800b728   0x0800b728   0x000000ac   Code   RO         5789    i.UART_WaitOnFlagUntilTimeout  stm32h7xx_hal_uart.o
    0x0800b7d4   0x0800b7d4   0x00000048   Code   RO         8169    i.USART_RxDMA_MultiBufferStart  bsp_uart.o
    0x0800b81c   0x0800b81c   0x000000c4   Code   RO         9826    i.USBD_CDC_DataIn   usbd_cdc.o
    0x0800b8e0   0x0800b8e0   0x00000048   Code   RO         9827    i.USBD_CDC_DataOut  usbd_cdc.o
    0x0800b928   0x0800b928   0x000000d4   Code   RO         9828    i.USBD_CDC_DeInit   usbd_cdc.o
    0x0800b9fc   0x0800b9fc   0x00000050   Code   RO         9829    i.USBD_CDC_EP0_RxReady  usbd_cdc.o
    0x0800ba4c   0x0800ba4c   0x00000010   Code   RO         9830    i.USBD_CDC_GetDeviceQualifierDescriptor  usbd_cdc.o
    0x0800ba5c   0x0800ba5c   0x00000044   Code   RO         9831    i.USBD_CDC_GetFSCfgDesc  usbd_cdc.o
    0x0800baa0   0x0800baa0   0x00000048   Code   RO         9832    i.USBD_CDC_GetHSCfgDesc  usbd_cdc.o
    0x0800bae8   0x0800bae8   0x00000044   Code   RO         9833    i.USBD_CDC_GetOtherSpeedCfgDesc  usbd_cdc.o
    0x0800bb2c   0x0800bb2c   0x000001a0   Code   RO         9834    i.USBD_CDC_Init     usbd_cdc.o
    0x0800bccc   0x0800bccc   0x00000050   Code   RO         9835    i.USBD_CDC_ReceivePacket  usbd_cdc.o
    0x0800bd1c   0x0800bd1c   0x00000018   Code   RO         9836    i.USBD_CDC_RegisterInterface  usbd_cdc.o
    0x0800bd34   0x0800bd34   0x0000001e   Code   RO         9837    i.USBD_CDC_SetRxBuffer  usbd_cdc.o
    0x0800bd52   0x0800bd52   0x00000024   Code   RO         9838    i.USBD_CDC_SetTxBuffer  usbd_cdc.o
    0x0800bd76   0x0800bd76   0x00000140   Code   RO         9839    i.USBD_CDC_Setup    usbd_cdc.o
    0x0800beb6   0x0800beb6   0x00000002   PAD
    0x0800beb8   0x0800beb8   0x0000005c   Code   RO         9840    i.USBD_CDC_TransmitPacket  usbd_cdc.o
    0x0800bf14   0x0800bf14   0x0000001c   Code   RO         9489    i.USBD_ClrClassConfig  usbd_core.o
    0x0800bf30   0x0800bf30   0x0000003e   Code   RO         9656    i.USBD_ClrFeature   usbd_ctlreq.o
    0x0800bf6e   0x0800bf6e   0x00000006   Code   RO         9490    i.USBD_CoreFindEP   usbd_core.o
    0x0800bf74   0x0800bf74   0x00000006   Code   RO         9491    i.USBD_CoreFindIF   usbd_core.o
    0x0800bf7a   0x0800bf7a   0x00000018   Code   RO         9762    i.USBD_CtlContinueRx  usbd_ioreq.o
    0x0800bf92   0x0800bf92   0x00000018   Code   RO         9763    i.USBD_CtlContinueSendData  usbd_ioreq.o
    0x0800bfaa   0x0800bfaa   0x00000018   Code   RO         9657    i.USBD_CtlError     usbd_ctlreq.o
    0x0800bfc2   0x0800bfc2   0x00000028   Code   RO         9764    i.USBD_CtlPrepareRx  usbd_ioreq.o
    0x0800bfea   0x0800bfea   0x0000001a   Code   RO         9765    i.USBD_CtlReceiveStatus  usbd_ioreq.o
    0x0800c004   0x0800c004   0x00000022   Code   RO         9766    i.USBD_CtlSendData  usbd_ioreq.o
    0x0800c026   0x0800c026   0x0000001a   Code   RO         9767    i.USBD_CtlSendStatus  usbd_ioreq.o
    0x0800c040   0x0800c040   0x00000056   Code   RO         9658    i.USBD_GetConfig    usbd_ctlreq.o
    0x0800c096   0x0800c096   0x00000232   Code   RO         9659    i.USBD_GetDescriptor  usbd_ctlreq.o
    0x0800c2c8   0x0800c2c8   0x00000050   Code   RO         9493    i.USBD_GetEpDesc    usbd_core.o
    0x0800c318   0x0800c318   0x00000016   Code   RO         9660    i.USBD_GetLen       usbd_ctlreq.o
    0x0800c32e   0x0800c32e   0x00000014   Code   RO         9494    i.USBD_GetNextDesc  usbd_core.o
    0x0800c342   0x0800c342   0x0000005a   Code   RO         9661    i.USBD_GetStatus    usbd_ctlreq.o
    0x0800c39c   0x0800c39c   0x00000068   Code   RO         9662    i.USBD_GetString    usbd_ctlreq.o
    0x0800c404   0x0800c404   0x0000002c   Code   RO         9291    i.USBD_Get_USB_Status  usbd_conf.o
    0x0800c430   0x0800c430   0x00000034   Code   RO         9108    i.USBD_HS_ConfigStrDescriptor  usbd_desc.o
    0x0800c464   0x0800c464   0x00000010   Code   RO         9109    i.USBD_HS_DeviceDescriptor  usbd_desc.o
    0x0800c474   0x0800c474   0x00000038   Code   RO         9110    i.USBD_HS_InterfaceStrDescriptor  usbd_desc.o
    0x0800c4ac   0x0800c4ac   0x00000010   Code   RO         9111    i.USBD_HS_LangIDStrDescriptor  usbd_desc.o
    0x0800c4bc   0x0800c4bc   0x0000002c   Code   RO         9112    i.USBD_HS_ManufacturerStrDescriptor  usbd_desc.o
    0x0800c4e8   0x0800c4e8   0x00000040   Code   RO         9113    i.USBD_HS_ProductStrDescriptor  usbd_desc.o
    0x0800c528   0x0800c528   0x00000018   Code   RO         9114    i.USBD_HS_SerialStrDescriptor  usbd_desc.o
    0x0800c540   0x0800c540   0x0000003a   Code   RO         9495    i.USBD_Init         usbd_core.o
    0x0800c57a   0x0800c57a   0x00000026   Code   RO         9292    i.USBD_LL_ClearStallEP  usbd_conf.o
    0x0800c5a0   0x0800c5a0   0x00000026   Code   RO         9293    i.USBD_LL_CloseEP   usbd_conf.o
    0x0800c5c6   0x0800c5c6   0x00000108   Code   RO         9496    i.USBD_LL_DataInStage  usbd_core.o
    0x0800c6ce   0x0800c6ce   0x00000102   Code   RO         9497    i.USBD_LL_DataOutStage  usbd_core.o
    0x0800c7d0   0x0800c7d0   0x00000006   Code   RO         9498    i.USBD_LL_DevConnected  usbd_core.o
    0x0800c7d6   0x0800c7d6   0x00000026   Code   RO         9499    i.USBD_LL_DevDisconnected  usbd_core.o
    0x0800c7fc   0x0800c7fc   0x00000012   Code   RO         9297    i.USBD_LL_GetRxDataSize  usbd_conf.o
    0x0800c80e   0x0800c80e   0x00000002   PAD
    0x0800c810   0x0800c810   0x00000070   Code   RO         9298    i.USBD_LL_Init      usbd_conf.o
    0x0800c880   0x0800c880   0x00000038   Code   RO         9299    i.USBD_LL_IsStallEP  usbd_conf.o
    0x0800c8b8   0x0800c8b8   0x00000048   Code   RO         9500    i.USBD_LL_IsoINIncomplete  usbd_core.o
    0x0800c900   0x0800c900   0x00000048   Code   RO         9501    i.USBD_LL_IsoOUTIncomplete  usbd_core.o
    0x0800c948   0x0800c948   0x00000030   Code   RO         9300    i.USBD_LL_OpenEP    usbd_conf.o
    0x0800c978   0x0800c978   0x00000030   Code   RO         9301    i.USBD_LL_PrepareReceive  usbd_conf.o
    0x0800c9a8   0x0800c9a8   0x0000006c   Code   RO         9502    i.USBD_LL_Reset     usbd_core.o
    0x0800ca14   0x0800ca14   0x00000016   Code   RO         9503    i.USBD_LL_Resume    usbd_core.o
    0x0800ca2a   0x0800ca2a   0x00000028   Code   RO         9504    i.USBD_LL_SOF       usbd_core.o
    0x0800ca52   0x0800ca52   0x00000008   Code   RO         9505    i.USBD_LL_SetSpeed  usbd_core.o
    0x0800ca5a   0x0800ca5a   0x00000026   Code   RO         9302    i.USBD_LL_SetUSBAddress  usbd_conf.o
    0x0800ca80   0x0800ca80   0x00000076   Code   RO         9506    i.USBD_LL_SetupStage  usbd_core.o
    0x0800caf6   0x0800caf6   0x00000026   Code   RO         9303    i.USBD_LL_StallEP   usbd_conf.o
    0x0800cb1c   0x0800cb1c   0x0000001e   Code   RO         9304    i.USBD_LL_Start     usbd_conf.o
    0x0800cb3a   0x0800cb3a   0x0000001c   Code   RO         9507    i.USBD_LL_Suspend   usbd_core.o
    0x0800cb56   0x0800cb56   0x00000030   Code   RO         9306    i.USBD_LL_Transmit  usbd_conf.o
    0x0800cb86   0x0800cb86   0x00000036   Code   RO         9663    i.USBD_ParseSetupRequest  usbd_ctlreq.o
    0x0800cbbc   0x0800cbbc   0x00000048   Code   RO         9508    i.USBD_RegisterClass  usbd_core.o
    0x0800cc04   0x0800cc04   0x00000006   Code   RO         9509    i.USBD_RunTestMode  usbd_core.o
    0x0800cc0a   0x0800cc0a   0x0000005a   Code   RO         9664    i.USBD_SetAddress   usbd_ctlreq.o
    0x0800cc64   0x0800cc64   0x00000020   Code   RO         9510    i.USBD_SetClassConfig  usbd_core.o
    0x0800cc84   0x0800cc84   0x00000104   Code   RO         9665    i.USBD_SetConfig    usbd_ctlreq.o
    0x0800cd88   0x0800cd88   0x00000038   Code   RO         9666    i.USBD_SetFeature   usbd_ctlreq.o
    0x0800cdc0   0x0800cdc0   0x0000000c   Code   RO         9511    i.USBD_Start        usbd_core.o
    0x0800cdcc   0x0800cdcc   0x000000ae   Code   RO         9667    i.USBD_StdDevReq    usbd_ctlreq.o
    0x0800ce7a   0x0800ce7a   0x00000280   Code   RO         9668    i.USBD_StdEPReq     usbd_ctlreq.o
    0x0800d0fa   0x0800d0fa   0x000000ae   Code   RO         9669    i.USBD_StdItfReq    usbd_ctlreq.o
    0x0800d1a8   0x0800d1a8   0x00000002   Code   RO         9307    i.USBD_static_free  usbd_conf.o
    0x0800d1aa   0x0800d1aa   0x00000002   PAD
    0x0800d1ac   0x0800d1ac   0x0000000c   Code   RO         9308    i.USBD_static_malloc  usbd_conf.o
    0x0800d1b8   0x0800d1b8   0x000000d0   Code   RO         2273    i.USB_ActivateEndpoint  stm32h7xx_ll_usb.o
    0x0800d288   0x0800d288   0x00000028   Code   RO         2275    i.USB_ActivateSetup  stm32h7xx_ll_usb.o
    0x0800d2b0   0x0800d2b0   0x000000a0   Code   RO         2277    i.USB_CoreInit      stm32h7xx_ll_usb.o
    0x0800d350   0x0800d350   0x00000054   Code   RO         2278    i.USB_CoreReset     stm32h7xx_ll_usb.o
    0x0800d3a4   0x0800d3a4   0x0000014c   Code   RO         2281    i.USB_DeactivateEndpoint  stm32h7xx_ll_usb.o
    0x0800d4f0   0x0800d4f0   0x00000024   Code   RO         2282    i.USB_DevConnect    stm32h7xx_ll_usb.o
    0x0800d514   0x0800d514   0x00000024   Code   RO         2283    i.USB_DevDisconnect  stm32h7xx_ll_usb.o
    0x0800d538   0x0800d538   0x000001e0   Code   RO         2284    i.USB_DevInit       stm32h7xx_ll_usb.o
    0x0800d718   0x0800d718   0x0000000e   Code   RO         2285    i.USB_DisableGlobalInt  stm32h7xx_ll_usb.o
    0x0800d726   0x0800d726   0x00000002   PAD
    0x0800d728   0x0800d728   0x00000070   Code   RO         2288    i.USB_EP0_OutStart  stm32h7xx_ll_usb.o
    0x0800d798   0x0800d798   0x0000008e   Code   RO         2289    i.USB_EPClearStall  stm32h7xx_ll_usb.o
    0x0800d826   0x0800d826   0x0000009a   Code   RO         2290    i.USB_EPSetStall    stm32h7xx_ll_usb.o
    0x0800d8c0   0x0800d8c0   0x000003c0   Code   RO         2291    i.USB_EPStartXfer   stm32h7xx_ll_usb.o
    0x0800dc80   0x0800dc80   0x000000ec   Code   RO         2292    i.USB_EPStopXfer    stm32h7xx_ll_usb.o
    0x0800dd6c   0x0800dd6c   0x0000000e   Code   RO         2293    i.USB_EnableGlobalInt  stm32h7xx_ll_usb.o
    0x0800dd7a   0x0800dd7a   0x00000050   Code   RO         2294    i.USB_FlushRxFifo   stm32h7xx_ll_usb.o
    0x0800ddca   0x0800ddca   0x00000054   Code   RO         2295    i.USB_FlushTxFifo   stm32h7xx_ll_usb.o
    0x0800de1e   0x0800de1e   0x00000026   Code   RO         2297    i.USB_GetDevSpeed   stm32h7xx_ll_usb.o
    0x0800de44   0x0800de44   0x0000000a   Code   RO         2299    i.USB_GetMode       stm32h7xx_ll_usb.o
    0x0800de4e   0x0800de4e   0x00000014   Code   RO         2307    i.USB_ReadDevAllInEpInterrupt  stm32h7xx_ll_usb.o
    0x0800de62   0x0800de62   0x00000014   Code   RO         2308    i.USB_ReadDevAllOutEpInterrupt  stm32h7xx_ll_usb.o
    0x0800de76   0x0800de76   0x00000032   Code   RO         2309    i.USB_ReadDevInEPInterrupt  stm32h7xx_ll_usb.o
    0x0800dea8   0x0800dea8   0x0000001a   Code   RO         2310    i.USB_ReadDevOutEPInterrupt  stm32h7xx_ll_usb.o
    0x0800dec2   0x0800dec2   0x0000000a   Code   RO         2311    i.USB_ReadInterrupts  stm32h7xx_ll_usb.o
    0x0800decc   0x0800decc   0x00000060   Code   RO         2312    i.USB_ReadPacket    stm32h7xx_ll_usb.o
    0x0800df2c   0x0800df2c   0x00000068   Code   RO         2314    i.USB_SetCurrentMode  stm32h7xx_ll_usb.o
    0x0800df94   0x0800df94   0x0000002a   Code   RO         2315    i.USB_SetDevAddress  stm32h7xx_ll_usb.o
    0x0800dfbe   0x0800dfbe   0x00000012   Code   RO         2316    i.USB_SetDevSpeed   stm32h7xx_ll_usb.o
    0x0800dfd0   0x0800dfd0   0x000000e8   Code   RO         2317    i.USB_SetTurnaroundTime  stm32h7xx_ll_usb.o
    0x0800e0b8   0x0800e0b8   0x00000044   Code   RO         2320    i.USB_WritePacket   stm32h7xx_ll_usb.o
    0x0800e0fc   0x0800e0fc   0x00000004   Code   RO          763    i.UsageFault_Handler  stm32h7xx_it.o
    0x0800e100   0x0800e100   0x00000002   Code   RO         8981    i.Weapon_Init       register.o
    0x0800e102   0x0800e102   0x00000002   PAD
    0x0800e104   0x0800e104   0x00000010   Code   RO         4019    i.__NVIC_GetPriorityGrouping  stm32h7xx_hal_cortex.o
    0x0800e114   0x0800e114   0x00000028   Code   RO         4020    i.__NVIC_SetPriority  stm32h7xx_hal_cortex.o
    0x0800e13c   0x0800e13c   0x00000006   Code   RO         7457    i.__get_IPSR        cmsis_os2.o
    0x0800e142   0x0800e142   0x00000002   PAD
    0x0800e144   0x0800e144   0x000000fc   Code   RO         9932    i.__hardfp_fmod     m_wv.l(fmod.o)
    0x0800e240   0x0800e240   0x00000018   Code   RO         9975    i.__mathlib_dbl_invalid  m_wv.l(dunder.o)
    0x0800e258   0x0800e258   0x0000000e   Code   RO        10041    i.__scatterload_copy  mc_w.l(handlers.o)
    0x0800e266   0x0800e266   0x00000002   Code   RO        10042    i.__scatterload_null  mc_w.l(handlers.o)
    0x0800e268   0x0800e268   0x0000000e   Code   RO        10043    i.__scatterload_zeroinit  mc_w.l(handlers.o)
    0x0800e276   0x0800e276   0x00000002   PAD
    0x0800e278   0x0800e278   0x0000000c   Code   RO        10017    i.__set_errno       mc_w.l(errno.o)
    0x0800e284   0x0800e284   0x000000fc   Code   RO         8427    i.chassis_apply_master_motion  chassis.o
    0x0800e380   0x0800e380   0x00000024   Code   RO         8428    i.chassis_decode_master_cmd  chassis.o
    0x0800e3a4   0x0800e3a4   0x00000030   Code   RO         8429    i.chassis_get_speed_amp  chassis.o
    0x0800e3d4   0x0800e3d4   0x0000006c   Code   RO         8609    i.clamp_use         weapon.o
    0x0800e440   0x0800e440   0x000000cc   Code   RO         8816    i.data_convert      remote_control.o
    0x0800e50c   0x0800e50c   0x0000022c   Code   RO         9032    i.f_PID_Calculate   pid.o
    0x0800e738   0x0800e738   0x0000000a   Code   RO         8544    i.fabsf             lift.o
    0x0800e742   0x0800e742   0x00000002   PAD
    0x0800e744   0x0800e744   0x0000017c   Code   RO         8545    i.flexible_motor_state_machine_step  lift.o
    0x0800e8c0   0x0800e8c0   0x0000003c   Code   RO         8546    i.flexible_motor_update_command  lift.o
    0x0800e8fc   0x0800e8fc   0x00000034   Code   RO         8328    i.float_to_uint     dm_motor.o
    0x0800e930   0x0800e930   0x00000088   Code   RO         8501    i.kfs_three_kfs_spin_main_lift_pos_init  kfs.o
    0x0800e9b8   0x0800e9b8   0x00000068   Code   RO         8547    i.lift_init         lift.o
    0x0800ea20   0x0800ea20   0x0000008c   Code   RO           17    i.main              main.o
    0x0800eaac   0x0800eaac   0x0000021c   Code   RO         8430    i.manual_chassis_function  chassis.o
    0x0800ecc8   0x0800ecc8   0x00000a2c   Code   RO         8502    i.manual_kfs_function  kfs.o
    0x0800f6f4   0x0800f6f4   0x00000408   Code   RO         8548    i.manual_lift_function  lift.o
    0x0800fafc   0x0800fafc   0x000000ac   Code   RO         8610    i.manual_weapon_function  weapon.o
    0x0800fba8   0x0800fba8   0x00000016   Code   RO         8794    i.master_level_gate_init  master_control.o
    0x0800fbbe   0x0800fbbe   0x00000030   Code   RO         8795    i.master_level_gate_on_change  master_control.o
    0x0800fbee   0x0800fbee   0x0000001e   Code   RO         7458    i.osDelay           cmsis_os2.o
    0x0800fc0c   0x0800fc0c   0x00000046   Code   RO         7468    i.osKernelGetSysTimerCount  cmsis_os2.o
    0x0800fc52   0x0800fc52   0x0000001a   Code   RO         7470    i.osKernelGetTickCount  cmsis_os2.o
    0x0800fc6c   0x0800fc6c   0x00000006   Code   RO         7471    i.osKernelGetTickFreq  cmsis_os2.o
    0x0800fc72   0x0800fc72   0x00000002   PAD
    0x0800fc74   0x0800fc74   0x0000002c   Code   RO         7472    i.osKernelInitialize  cmsis_os2.o
    0x0800fca0   0x0800fca0   0x00000060   Code   RO         7475    i.osKernelStart     cmsis_os2.o
    0x0800fd00   0x0800fd00   0x000000b8   Code   RO         7517    i.osThreadNew       cmsis_os2.o
    0x0800fdb8   0x0800fdb8   0x0000007c   Code   RO         6892    i.prvAddCurrentTaskToDelayedList  tasks.o
    0x0800fe34   0x0800fe34   0x000000b8   Code   RO         6893    i.prvAddNewTaskToReadyList  tasks.o
    0x0800feec   0x0800feec   0x00000074   Code   RO         7268    i.prvCheckForValidListAndQueue  timers.o
    0x0800ff60   0x0800ff60   0x00000048   Code   RO         6894    i.prvCheckTasksWaitingTermination  tasks.o
    0x0800ffa8   0x0800ffa8   0x0000002a   Code   RO         6479    i.prvCopyDataFromQueue  queue.o
    0x0800ffd2   0x0800ffd2   0x0000007e   Code   RO         6480    i.prvCopyDataToQueue  queue.o
    0x08010050   0x08010050   0x00000050   Code   RO         6895    i.prvDeleteTCB      tasks.o
    0x080100a0   0x080100a0   0x00000028   Code   RO         7269    i.prvGetNextExpireTime  timers.o
    0x080100c8   0x080100c8   0x0000007c   Code   RO         7985    i.prvHeapInit       heap_4.o
    0x08010144   0x08010144   0x00000028   Code   RO         6896    i.prvIdleTask       tasks.o
    0x0801016c   0x0801016c   0x0000002a   Code   RO         6483    i.prvInitialiseNewQueue  queue.o
    0x08010196   0x08010196   0x000000be   Code   RO         6897    i.prvInitialiseNewTask  tasks.o
    0x08010254   0x08010254   0x00000068   Code   RO         6898    i.prvInitialiseTaskLists  tasks.o
    0x080102bc   0x080102bc   0x00000068   Code   RO         7986    i.prvInsertBlockIntoFreeList  heap_4.o
    0x08010324   0x08010324   0x00000058   Code   RO         7271    i.prvInsertTimerInActiveList  timers.o
    0x0801037c   0x0801037c   0x0000001a   Code   RO         6484    i.prvIsQueueEmpty   queue.o
    0x08010396   0x08010396   0x0000001e   Code   RO         6485    i.prvIsQueueFull    queue.o
    0x080103b4   0x080103b4   0x00000074   Code   RO         7272    i.prvProcessExpiredTimer  timers.o
    0x08010428   0x08010428   0x00000164   Code   RO         7273    i.prvProcessReceivedCommands  timers.o
    0x0801058c   0x0801058c   0x00000074   Code   RO         7274    i.prvProcessTimerOrBlockTask  timers.o
    0x08010600   0x08010600   0x00000034   Code   RO         6900    i.prvResetNextTaskUnblockTime  tasks.o
    0x08010634   0x08010634   0x0000002c   Code   RO         7275    i.prvSampleTimeNow  timers.o
    0x08010660   0x08010660   0x000000a4   Code   RO         7276    i.prvSwitchTimerLists  timers.o
    0x08010704   0x08010704   0x00000040   Code   RO         8041    i.prvTaskExitError  port.o
    0x08010744   0x08010744   0x0000001a   Code   RO         7277    i.prvTimerTask      timers.o
    0x0801075e   0x0801075e   0x0000007e   Code   RO         6486    i.prvUnlockQueue    queue.o
    0x080107dc   0x080107dc   0x000000d4   Code   RO         8611    i.pump1_two_suckers_linkage_nominal_open  weapon.o
    0x080108b0   0x080108b0   0x000000d8   Code   RO         8612    i.pump2_two_suckers_linkage_nominal_open  weapon.o
    0x08010988   0x08010988   0x0000014c   Code   RO         7987    i.pvPortMalloc      heap_4.o
    0x08010ad4   0x08010ad4   0x0000002c   Code   RO         8042    i.pxPortInitialiseStack  port.o
    0x08010b00   0x08010b00   0x0000001c   Code   RO         8753    i.rc_bit_minmax_decode  motion_task.o
    0x08010b1c   0x08010b1c   0x00000068   Code   RO         8613    i.servo_use         weapon.o
    0x08010b84   0x08010b84   0x00000058   Code   RO         8614    i.sucker1_use       weapon.o
    0x08010bdc   0x08010bdc   0x00000058   Code   RO         8615    i.sucker2_use       weapon.o
    0x08010c34   0x08010c34   0x00000058   Code   RO         8616    i.sucker3_use       weapon.o
    0x08010c8c   0x08010c8c   0x00000058   Code   RO         8617    i.sucker4_use       weapon.o
    0x08010ce4   0x08010ce4   0x00000034   Code   RO         8329    i.uint_to_float     dm_motor.o
    0x08010d18   0x08010d18   0x0000001c   Code   RO         9208    i.usb_calc_checksum  usbd_cdc_if.o
    0x08010d34   0x08010d34   0x000000ac   Code   RO         9209    i.usb_feed_rx_byte  usbd_cdc_if.o
    0x08010de0   0x08010de0   0x00000028   Code   RO         9210    i.usb_process_valid_packet  usbd_cdc_if.o
    0x08010e08   0x08010e08   0x00000028   Code   RO         6439    i.uxListRemove      list.o
    0x08010e30   0x08010e30   0x00000018   Code   RO         7529    i.vApplicationGetIdleTaskMemory  cmsis_os2.o
    0x08010e48   0x08010e48   0x00000018   Code   RO         7530    i.vApplicationGetTimerTaskMemory  cmsis_os2.o
    0x08010e60   0x08010e60   0x0000001a   Code   RO         6440    i.vListInitialise   list.o
    0x08010e7a   0x08010e7a   0x00000006   Code   RO         6441    i.vListInitialiseItem  list.o
    0x08010e80   0x08010e80   0x00000034   Code   RO         6442    i.vListInsert       list.o
    0x08010eb4   0x08010eb4   0x00000018   Code   RO         6443    i.vListInsertEnd    list.o
    0x08010ecc   0x08010ecc   0x00000054   Code   RO         8044    i.vPortEnterCritical  port.o
    0x08010f20   0x08010f20   0x0000003c   Code   RO         8045    i.vPortExitCritical  port.o
    0x08010f5c   0x08010f5c   0x000000a4   Code   RO         7988    i.vPortFree         heap_4.o
    0x08011000   0x08011000   0x00000028   Code   RO         8046    i.vPortSetupTimerInterrupt  port.o
    0x08011028   0x08011028   0x00000078   Code   RO         8047    i.vPortValidateInterruptPriority  port.o
    0x080110a0   0x080110a0   0x0000002c   Code   RO         6492    i.vQueueAddToRegistry  queue.o
    0x080110cc   0x080110cc   0x0000004a   Code   RO         6496    i.vQueueWaitForMessageRestricted  queue.o
    0x08011116   0x08011116   0x00000002   PAD
    0x08011118   0x08011118   0x0000005c   Code   RO         6913    i.vTaskDelay        tasks.o
    0x08011174   0x08011174   0x00000018   Code   RO         6918    i.vTaskInternalSetTimeOutState  tasks.o
    0x0801118c   0x0801118c   0x0000000c   Code   RO         6919    i.vTaskMissedYield  tasks.o
    0x08011198   0x08011198   0x00000038   Code   RO         6921    i.vTaskPlaceOnEventList  tasks.o
    0x080111d0   0x080111d0   0x00000040   Code   RO         6922    i.vTaskPlaceOnEventListRestricted  tasks.o
    0x08011210   0x08011210   0x000000b8   Code   RO         6930    i.vTaskStartScheduler  tasks.o
    0x080112c8   0x080112c8   0x00000010   Code   RO         6932    i.vTaskSuspendAll   tasks.o
    0x080112d8   0x080112d8   0x00000090   Code   RO         6933    i.vTaskSwitchContext  tasks.o
    0x08011368   0x08011368   0x000000b4   Code   RO         8618    i.weapon_master_drive_by_bits  weapon.o
    0x0801141c   0x0801141c   0x00000168   Code   RO         8048    i.xPortStartScheduler  port.o
    0x08011584   0x08011584   0x00000034   Code   RO         8049    i.xPortSysTickHandler  port.o
    0x080115b8   0x080115b8   0x000000e0   Code   RO         6502    i.xQueueGenericCreateStatic  queue.o
    0x08011698   0x08011698   0x00000098   Code   RO         6503    i.xQueueGenericReset  queue.o
    0x08011730   0x08011730   0x000001a8   Code   RO         6504    i.xQueueGenericSend  queue.o
    0x080118d8   0x080118d8   0x000000fc   Code   RO         6505    i.xQueueGenericSendFromISR  queue.o
    0x080119d4   0x080119d4   0x00000168   Code   RO         6514    i.xQueueReceive     queue.o
    0x08011b3c   0x08011b3c   0x0000008c   Code   RO         6935    i.xTaskCheckForTimeOut  tasks.o
    0x08011bc8   0x08011bc8   0x00000064   Code   RO         6936    i.xTaskCreate       tasks.o
    0x08011c2c   0x08011c2c   0x000000ba   Code   RO         6937    i.xTaskCreateStatic  tasks.o
    0x08011ce6   0x08011ce6   0x00000002   PAD
    0x08011ce8   0x08011ce8   0x00000020   Code   RO         6941    i.xTaskGetSchedulerState  tasks.o
    0x08011d08   0x08011d08   0x0000000c   Code   RO         6942    i.xTaskGetTickCount  tasks.o
    0x08011d14   0x08011d14   0x00000014   Code   RO         6943    i.xTaskGetTickCountFromISR  tasks.o
    0x08011d28   0x08011d28   0x00000144   Code   RO         6944    i.xTaskIncrementTick  tasks.o
    0x08011e6c   0x08011e6c   0x000000a4   Code   RO         6947    i.xTaskPriorityDisinherit  tasks.o
    0x08011f10   0x08011f10   0x00000098   Code   RO         6949    i.xTaskRemoveFromEventList  tasks.o
    0x08011fa8   0x08011fa8   0x00000104   Code   RO         6950    i.xTaskResumeAll    tasks.o
    0x080120ac   0x080120ac   0x00000078   Code   RO         7286    i.xTimerCreateTimerTask  timers.o
    0x08012124   0x08012124   0x00000084   Code   RO         7287    i.xTimerGenericCommand  timers.o
    0x080121a8   0x080121a8   0x0000006c   Data   RO          471    .constdata          freertos.o
    0x08012214   0x08012214   0x00000008   Data   RO         3320    .constdata          stm32h7xx_hal_dma.o
    0x0801221c   0x0801221c   0x0000005c   Data   RO         5202    .constdata          stm32h7xx_hal_fdcan.o
    0x08012278   0x08012278   0x00000018   Data   RO         5790    .constdata          stm32h7xx_hal_uart.o
    0x08012290   0x08012290   0x00000010   Data   RO         6161    .constdata          stm32h7xx_hal_uart_ex.o
    0x080122a0   0x080122a0   0x00000010   Data   RO         6271    .constdata          system_stm32h7xx.o
    0x080122b0   0x080122b0   0x00000020   Data   RO         8504    .constdata          kfs.o
    0x080122d0   0x080122d0   0x00000020   Data   RO          472    .conststring        freertos.o
    0x080122f0   0x080122f0   0x00000020   Data   RO        10039    Region$$Table       anon$$obj.o


    Execution Region RW_IRAM1 (Exec base: 0x20000000, Load base: 0x08012310, Size: 0x00000000, Max: 0x00020000, ABSOLUTE)

    **** No section assigned to this execution region ****


    Execution Region RW_IRAM2 (Exec base: 0x24000000, Load base: 0x08012310, Size: 0x00008810, Max: 0x00050000, ABSOLUTE, COMPRESSED[0x00000130])

    Exec Addr    Load Addr    Size         Type   Attr      Idx    E Section Name        Object

    0x24000000   COMPRESSED   0x0000000c   Data   RW          473    .data               freertos.o
    0x2400000c   COMPRESSED   0x00000004   Data   RW          585    .data               fdcan.o
    0x24000010   COMPRESSED   0x00000009   Data   RW         4210    .data               stm32h7xx_hal.o
    0x24000019   COMPRESSED   0x00000003   PAD
    0x2400001c   COMPRESSED   0x00000008   Data   RW         6272    .data               system_stm32h7xx.o
    0x24000024   COMPRESSED   0x0000003c   Data   RW         6953    .data               tasks.o
    0x24000060   COMPRESSED   0x00000014   Data   RW         7295    .data               timers.o
    0x24000074   COMPRESSED   0x00000004   Data   RW         7532    .data               cmsis_os2.o
    0x24000078   COMPRESSED   0x00000020   Data   RW         7994    .data               heap_4.o
    0x24000098   COMPRESSED   0x0000000c   Data   RW         8050    .data               port.o
    0x240000a4   COMPRESSED   0x00000010   Data   RW         8270    .data               dji_motor.o
    0x240000b4   COMPRESSED   0x0000000c   Data   RW         8330    .data               dm_motor.o
    0x240000c0   COMPRESSED   0x0000009a   Data   RW         8432    .data               chassis.o
    0x2400015a   COMPRESSED   0x00000002   PAD
    0x2400015c   COMPRESSED   0x000000a0   Data   RW         8505    .data               kfs.o
    0x240001fc   COMPRESSED   0x0000004c   Data   RW         8550    .data               lift.o
    0x24000248   COMPRESSED   0x00000009   Data   RW         8620    .data               weapon.o
    0x24000251   COMPRESSED   0x00000014   Data   RW         8754    .data               motion_task.o
    0x24000265   COMPRESSED   0x00000001   PAD
    0x24000266   COMPRESSED   0x00000022   Data   RW         8818    .data               remote_control.o
    0x24000288   COMPRESSED   0x0000005e   Data   RW         9117    .data               usbd_desc.o
    0x240002e6   COMPRESSED   0x00000002   PAD
    0x240002e8   COMPRESSED   0x00000018   Data   RW         9212    .data               usbd_cdc_if.o
    0x24000300   COMPRESSED   0x00000001   Data   RW         9670    .data               usbd_ctlreq.o
    0x24000301   COMPRESSED   0x00000003   PAD
    0x24000304   COMPRESSED   0x0000008a   Data   RW         9841    .data               usbd_cdc.o
    0x2400038e   COMPRESSED   0x00000002   PAD
    0x24000390   COMPRESSED   0x00000004   Data   RW        10018    .data               mc_w.l(errno.o)
    0x24000394        -       0x000001e0   Zero   RW          584    .bss                fdcan.o
    0x24000574        -       0x00000098   Zero   RW          641    .bss                tim.o
    0x2400060c        -       0x00000218   Zero   RW          704    .bss                usart.o
    0x24000824        -       0x0000004c   Zero   RW          897    .bss                stm32h7xx_hal_timebase_tim.o
    0x24000870        -       0x00000040   Zero   RW         6518    .bss                queue.o
    0x240008b0        -       0x000004c4   Zero   RW         6952    .bss                tasks.o
    0x24000d74        -       0x00000118   Zero   RW         7294    .bss                timers.o
    0x24000e8c        -       0x000006b8   Zero   RW         7531    .bss                cmsis_os2.o
    0x24001544        -       0x00003c00   Zero   RW         7993    .bss                heap_4.o
    0x24005144        -       0x00000a20   Zero   RW         8431    .bss                chassis.o
    0x24005b64        -       0x000006a0   Zero   RW         8503    .bss                kfs.o
    0x24006204        -       0x00000598   Zero   RW         8549    .bss                lift.o
    0x2400679c        -       0x00000064   Zero   RW         8817    .bss                remote_control.o
    0x24006800        -       0x000002dc   Zero   RW         9069    .bss                usb_device.o
    0x24006adc        -       0x00000200   Zero   RW         9116    .bss                usbd_desc.o
    0x24006cdc        -       0x0000102d   Zero   RW         9211    .bss                usbd_cdc_if.o
    0x24007d09   COMPRESSED   0x00000003   PAD
    0x24007d0c        -       0x00000704   Zero   RW         9309    .bss                usbd_conf.o
    0x24008410        -       0x00000400   Zero   RW            1    STACK               startup_stm32h723xx.o


==============================================================================

Image component sizes


      Code (inc. data)   RO Data    RW Data    ZI Data      Debug   Object Name

       660         84          0          0          0       2143   bsp_can.o
      1584         50          0          0          0       2674   bsp_uart.o
       664        104          0          0          0        883   can_task.o
      1456        180          0        154       2592       9407   chassis.o
       566         38          0          4       1720      74351   cmsis_os2.o
       618         24          0         16          0       5497   dji_motor.o
      1760        102          0         12          0       6611   dm_motor.o
        68          4          0          0          0        866   dma.o
         0          0          0          0          0      19344   event_groups.o
       932         56          0          4        480       3465   fdcan.o
        94         38        140         12          0      12677   freertos.o
        38          0          0          0          0       2827   global.o
       340         18          0          0          0    1223828   gpio.o
       724         74          0         32      15360       4903   heap_4.o
      2740        354         32        160       1696       7808   kfs.o
      1586        228          0         76       1432      12038   lift.o
       148          0          0          0          0       3614   list.o
       444         20          0          0          0    1148920   main.o
        70          0          0          0          0       2067   master_control.o
       508         62          0         20          0       3759   motion_task.o
       134         20          0          0          0       4511   motor.o
       774         20          0          0          0       8160   pid.o
      1014         92          0         12          0      11657   port.o
      1922         20          0          0         64      17312   queue.o
       790        146          0          0          0       2556   register.o
       494         14          0         34        100       3830   remote_control.o
        44         12        716          0       1024        828   startup_stm32h723xx.o
       172         34          0          9          0      22954   stm32h7xx_hal.o
       458         40          0          0          0      41400   stm32h7xx_hal_cortex.o
      7030        138          8          0          0      11003   stm32h7xx_hal_dma.o
      1036         22          0          0          0       2629   stm32h7xx_hal_dma_ex.o
      3598         54         92          0          0      23603   stm32h7xx_hal_fdcan.o
       508         50          0          0          0       2200   stm32h7xx_hal_gpio.o
        48          6          0          0          0        914   stm32h7xx_hal_msp.o
      3630         16          0          0          0      13700   stm32h7xx_hal_pcd.o
       130          4          0          0          0       3149   stm32h7xx_hal_pcd_ex.o
       116         12          0          0          0       1318   stm32h7xx_hal_pwr_ex.o
      3496        120          0          0          0       7505   stm32h7xx_hal_rcc.o
      5140        112          0          0          0       7265   stm32h7xx_hal_rcc_ex.o
      3350        344          0          0          0      18195   stm32h7xx_hal_tim.o
       234         38          0          0          0       3240   stm32h7xx_hal_tim_ex.o
       148         20          0          0         76       1563   stm32h7xx_hal_timebase_tim.o
      3736        152         24          0          0      29855   stm32h7xx_hal_uart.o
       360         10         16          0          0       5466   stm32h7xx_hal_uart_ex.o
       202         58          0          0          0       7808   stm32h7xx_it.o
      3906         90          0          0          0      22556   stm32h7xx_ll_usb.o
         0          0          0          0          0        392   stream_buffer.o
       230         26          0          0          0       3459   structure.o
       304         38         16          8          0       1849   system_stm32h7xx.o
      2828        350          0         60       1220      27825   tasks.o
       468         36          0          0        152       3623   tim.o
      1318        124          0         20        280      32723   timers.o
       740         62          0          0        536       2795   usart.o
        80         16          0          0        732        760   usb_device.o
      1782         54          0        138          0      14169   usbd_cdc.o
       476         42          0         24       4141       6551   usbd_cdc_if.o
       984         28          0          0       1796      17360   usbd_conf.o
      1354          0          0          0          0      16377   usbd_core.o
      2416         22          0          1          0      17904   usbd_ctlreq.o
       386        122          0         94        512       6937   usbd_desc.o
       174          0          0          0          0       4748   usbd_ioreq.o
         0          0          0          0          0       7695   vofa.o
      1344        222          0          9          0       6254   weapon.o

    ----------------------------------------------------------------------
     72420       4222       1076        912      33916    2994280   Object Totals
         0          0         32          0          0          0   (incl. Generated)
        66          0          0         13          3          0   (incl. Padding)

    ----------------------------------------------------------------------

      Code (inc. data)   RO Data    RW Data    ZI Data      Debug   Library Member Name

        24         14          0          0          0        116   dunder.o
       252          6          0          0          0        144   fmod.o
        86          0          0          0          0          0   __dczerorl2.o
         0          0          0          0          0          0   entry.o
         0          0          0          0          0          0   entry10a.o
         0          0          0          0          0          0   entry11a.o
         8          4          0          0          0          0   entry2.o
         4          0          0          0          0          0   entry5.o
         0          0          0          0          0          0   entry7b.o
         0          0          0          0          0          0   entry8b.o
         8          4          0          0          0          0   entry9a.o
        12          6          0          4          0         68   errno.o
        30          0          0          0          0          0   handlers.o
        36          8          0          0          0         68   init.o
         0          0          0          0          0          0   iusefp.o
        30          0          0          0          0         68   llshl.o
        32          0          0          0          0         68   llushr.o
        36          0          0          0          0         68   memcpya.o
        36          0          0          0          0        108   memseta.o
        98          0          0          0          0         92   uldiv.o
       186          0          0          0          0        176   depilogue.o
       134          0          0          0          0         96   drem.o

    ----------------------------------------------------------------------
      1016         42          0          4          0       1072   Library Totals
         4          0          0          0          0          0   (incl. Padding)

    ----------------------------------------------------------------------

      Code (inc. data)   RO Data    RW Data    ZI Data      Debug   Library Name

       276         20          0          0          0        260   m_wv.l
       416         22          0          4          0        540   mc_w.l
       320          0          0          0          0        272   mf_w.l

    ----------------------------------------------------------------------
      1016         42          0          4          0       1072   Library Totals

    ----------------------------------------------------------------------

==============================================================================


      Code (inc. data)   RO Data    RW Data    ZI Data      Debug   

     73436       4264       1076        916      33916    2950624   Grand Totals
     73436       4264       1076        304      33916    2950624   ELF Image Totals (compressed)
     73436       4264       1076        304          0          0   ROM Totals

==============================================================================

    Total RO  Size (Code + RO Data)                74512 (  72.77kB)
    Total RW  Size (RW Data + ZI Data)             34832 (  34.02kB)
    Total ROM Size (Code + RO Data + RW Data)      74816 (  73.06kB)

==============================================================================

