<html>
<body>
<pre>
<h1>µVision Build Log</h1>
<h2>Tool Versions:</h2>
IDE-Version: ¦ÌVision V5.40.0.12
Copyright (C) 2024 ARM Ltd and ARM Germany GmbH. All rights reserved.
License Information: 111111 Administrator, 11, LIC=14HV2-9A31Q-Y83FK-ZT92N-EYBST-P6V39
 
Tool Versions:
Toolchain:       MDK-ARM Plus  Version: 5.40.0.5
Toolchain Path:  E:\Keil_v5\ARM\ARMCC\Bin
C Compiler:      Armcc.exe V5.06 update 6 (build 750)
Assembler:       Armasm.exe V5.06 update 6 (build 750)
Linker/Locator:  ArmLink.exe V5.06 update 6 (build 750)
Library Manager: ArmAr.exe V5.06 update 6 (build 750)
Hex Converter:   FromElf.exe V5.06 update 6 (build 750)
CPU DLL:         SARMCM3.DLL V5.40.0.5
Dialog DLL:      DCM.DLL V1.17.5.0
Target DLL:      CMSIS_AGDI.dll V1.33.21.0
Dialog DLL:      TCM.DLL V1.56.4.0
 
<h2>Project:</h2>
E:\EK\main_R2\RC26_H7_R2\RC26_H7_R2\MDK-ARM\RC26_H7_R1.uvprojx
Project File Date:  04/21/2026

<h2>Output:</h2>
*** Using Compiler 'V5.06 update 6 (build 750)', folder: 'E:\Keil_v5\ARM\ARMCC\Bin'
Build target 'RC26_H7_R1'
compiling Can_Task.c...
../Drivers/CMSIS/Include/cachel1_armv7.h(188): warning:  #1041-D: alignment for an auto object may not be larger than 8
      } locals
..\user\src\Can_Task.c(34): warning:  #550-D: variable "can1_free_level"  was set but never used
      uint32_t can1_free_level = 0;
..\user\src\Can_Task.c(35): warning:  #550-D: variable "can2_free_level"  was set but never used
      uint32_t can2_free_level = 0;
..\user\src\Can_Task.c(36): warning:  #550-D: variable "can3_free_level"  was set but never used
      uint32_t can3_free_level = 0;
..\user\src\Can_Task.c: 4 warnings, 0 errors
linking...
Program Size: Code=77652 RO-data=1220 RW-data=992 ZI-data=34288  
FromELF: creating hex file...
"RC26_H7_R1\RC26_H7_R1.axf" - 0 Error(s), 4 Warning(s).

<h2>Software Packages used:</h2>

Package Vendor: ARM
                https://www.keil.com/pack/ARM.CMSIS.6.1.0.pack
                ARM::CMSIS@6.1.0
                CMSIS (Common Microcontroller Software Interface Standard)
   * Component: CORE Version: 6.1.0

Package Vendor: Keil
                https://www.keil.com/pack/Keil.STM32H7xx_DFP.2.6.0.pack
                Keil::STM32H7xx_DFP@2.6.0
                STMicroelectronics STM32H7 Series Device Support and Examples

<h2>Collection of Component include folders:</h2>
  ./RTE/_RC26_H7_R1
  E:/Keil_v5/ARM/Packs/ARM/CMSIS/6.1.0/CMSIS/Core/Include
  E:/Keil_v5/ARM/Packs/Keil/STM32H7xx_DFP/2.6.0/Drivers/CMSIS/Device/ST/STM32H7xx/Include

<h2>Collection of Component Files used:</h2>

   * Component: ARM::CMSIS:CORE@6.1.0
      Include file:  CMSIS/Core/Include/tz_context.h
Build Time Elapsed:  00:00:04
</pre>
</body>
</html>
