Component: ARM Compiler 5.06 update 6 (build 750) Tool: armlink [4d35ed]

==============================================================================

Section Cross References

    startup_stm32h723xx.o(RESET) refers to startup_stm32h723xx.o(STACK) for __initial_sp
    startup_stm32h723xx.o(RESET) refers to startup_stm32h723xx.o(.text) for Reset_Handler
    startup_stm32h723xx.o(RESET) refers to stm32h7xx_it.o(i.NMI_Handler) for NMI_Handler
    startup_stm32h723xx.o(RESET) refers to stm32h7xx_it.o(i.HardFault_Handler) for HardFault_Handler
    startup_stm32h723xx.o(RESET) refers to stm32h7xx_it.o(i.MemManage_Handler) for MemManage_Handler
    startup_stm32h723xx.o(RESET) refers to stm32h7xx_it.o(i.BusFault_Handler) for BusFault_Handler
    startup_stm32h723xx.o(RESET) refers to stm32h7xx_it.o(i.UsageFault_Handler) for UsageFault_Handler
    startup_stm32h723xx.o(RESET) refers to port.o(.emb_text) for SVC_Handler
    startup_stm32h723xx.o(RESET) refers to stm32h7xx_it.o(i.DebugMon_Handler) for DebugMon_Handler
    startup_stm32h723xx.o(RESET) refers to cmsis_os2.o(i.SysTick_Handler) for SysTick_Handler
    startup_stm32h723xx.o(RESET) refers to stm32h7xx_it.o(i.DMA1_Stream2_IRQHandler) for DMA1_Stream2_IRQHandler
    startup_stm32h723xx.o(RESET) refers to stm32h7xx_it.o(i.DMA1_Stream3_IRQHandler) for DMA1_Stream3_IRQHandler
    startup_stm32h723xx.o(RESET) refers to stm32h7xx_it.o(i.FDCAN1_IT0_IRQHandler) for FDCAN1_IT0_IRQHandler
    startup_stm32h723xx.o(RESET) refers to stm32h7xx_it.o(i.FDCAN2_IT0_IRQHandler) for FDCAN2_IT0_IRQHandler
    startup_stm32h723xx.o(RESET) refers to stm32h7xx_it.o(i.TIM4_IRQHandler) for TIM4_IRQHandler
    startup_stm32h723xx.o(RESET) refers to stm32h7xx_it.o(i.TIM8_UP_TIM13_IRQHandler) for TIM8_UP_TIM13_IRQHandler
    startup_stm32h723xx.o(RESET) refers to stm32h7xx_it.o(i.UART5_IRQHandler) for UART5_IRQHandler
    startup_stm32h723xx.o(RESET) refers to stm32h7xx_it.o(i.OTG_HS_IRQHandler) for OTG_HS_IRQHandler
    startup_stm32h723xx.o(RESET) refers to stm32h7xx_it.o(i.UART7_IRQHandler) for UART7_IRQHandler
    startup_stm32h723xx.o(RESET) refers to stm32h7xx_it.o(i.FDCAN3_IT0_IRQHandler) for FDCAN3_IT0_IRQHandler
    startup_stm32h723xx.o(.text) refers to system_stm32h7xx.o(i.ExitRun0Mode) for ExitRun0Mode
    startup_stm32h723xx.o(.text) refers to system_stm32h7xx.o(i.SystemInit) for SystemInit
    startup_stm32h723xx.o(.text) refers to entry.o(.ARM.Collect$$$$00000000) for __main
    main.o(i.HAL_TIM_PeriodElapsedCallback) refers to stm32h7xx_hal.o(i.HAL_IncTick) for HAL_IncTick
    main.o(i.MPU_Config) refers to stm32h7xx_hal_cortex.o(i.HAL_MPU_Disable) for HAL_MPU_Disable
    main.o(i.MPU_Config) refers to stm32h7xx_hal_cortex.o(i.HAL_MPU_ConfigRegion) for HAL_MPU_ConfigRegion
    main.o(i.MPU_Config) refers to stm32h7xx_hal_cortex.o(i.HAL_MPU_Enable) for HAL_MPU_Enable
    main.o(i.SystemClock_Config) refers to memseta.o(.text) for __aeabi_memclr4
    main.o(i.SystemClock_Config) refers to stm32h7xx_hal_pwr_ex.o(i.HAL_PWREx_ConfigSupply) for HAL_PWREx_ConfigSupply
    main.o(i.SystemClock_Config) refers to stm32h7xx_hal_rcc.o(i.HAL_RCC_OscConfig) for HAL_RCC_OscConfig
    main.o(i.SystemClock_Config) refers to main.o(i.Error_Handler) for Error_Handler
    main.o(i.SystemClock_Config) refers to stm32h7xx_hal_rcc.o(i.HAL_RCC_ClockConfig) for HAL_RCC_ClockConfig
    main.o(i.main) refers to main.o(i.MPU_Config) for MPU_Config
    main.o(i.main) refers to stm32h7xx_hal.o(i.HAL_Init) for HAL_Init
    main.o(i.main) refers to main.o(i.SystemClock_Config) for SystemClock_Config
    main.o(i.main) refers to gpio.o(i.MX_GPIO_Init) for MX_GPIO_Init
    main.o(i.main) refers to dma.o(i.MX_DMA_Init) for MX_DMA_Init
    main.o(i.main) refers to tim.o(i.MX_TIM2_Init) for MX_TIM2_Init
    main.o(i.main) refers to tim.o(i.MX_TIM4_Init) for MX_TIM4_Init
    main.o(i.main) refers to usart.o(i.MX_UART5_Init) for MX_UART5_Init
    main.o(i.main) refers to usart.o(i.MX_UART7_Init) for MX_UART7_Init
    main.o(i.main) refers to fdcan.o(i.MX_FDCAN1_Init) for MX_FDCAN1_Init
    main.o(i.main) refers to fdcan.o(i.MX_FDCAN2_Init) for MX_FDCAN2_Init
    main.o(i.main) refers to fdcan.o(i.MX_FDCAN3_Init) for MX_FDCAN3_Init
    main.o(i.main) refers to bsp_can.o(i.BSP_CAN_Init) for BSP_CAN_Init
    main.o(i.main) refers to bsp_uart.o(i.BSP_USART_Init) for BSP_USART_Init
    main.o(i.main) refers to stm32h7xx_hal_tim.o(i.HAL_TIM_Base_Start) for HAL_TIM_Base_Start
    main.o(i.main) refers to stm32h7xx_hal_tim.o(i.HAL_TIM_PWM_Start) for HAL_TIM_PWM_Start
    main.o(i.main) refers to stm32h7xx_hal_tim.o(i.HAL_TIM_Base_Start_IT) for HAL_TIM_Base_Start_IT
    main.o(i.main) refers to stm32h7xx_hal.o(i.HAL_Delay) for HAL_Delay
    main.o(i.main) refers to weapon.o(i.weapon_init) for weapon_init
    main.o(i.main) refers to register.o(i.Structue_Init) for Structue_Init
    main.o(i.main) refers to lift.o(i.lift_init) for lift_init
[...]
    UART7_IRQHandler                         0x0800a9ad   Thumb Code    10  stm32h7xx_it.o(i.UART7_IRQHandler)
    UART_AdvFeatureConfig                    0x0800aa15   Thumb Code   248  stm32h7xx_hal_uart.o(i.UART_AdvFeatureConfig)
    UART_CheckIdleState                      0x0800ab0d   Thumb Code   234  stm32h7xx_hal_uart.o(i.UART_CheckIdleState)
    UART_SetConfig                           0x0800aca9   Thumb Code  1558  stm32h7xx_hal_uart.o(i.UART_SetConfig)
    UART_WaitOnFlagUntilTimeout              0x0800b2d1   Thumb Code   172  stm32h7xx_hal_uart.o(i.UART_WaitOnFlagUntilTimeout)
    USBD_CDC_GetDeviceQualifierDescriptor    0x0800b5f5   Thumb Code    10  usbd_cdc.o(i.USBD_CDC_GetDeviceQualifierDescriptor)
    USBD_CDC_ReceivePacket                   0x0800b875   Thumb Code    74  usbd_cdc.o(i.USBD_CDC_ReceivePacket)
    USBD_CDC_RegisterInterface               0x0800b8c5   Thumb Code    24  usbd_cdc.o(i.USBD_CDC_RegisterInterface)
    USBD_CDC_SetRxBuffer                     0x0800b8dd   Thumb Code    30  usbd_cdc.o(i.USBD_CDC_SetRxBuffer)
    USBD_CDC_SetTxBuffer                     0x0800b8fb   Thumb Code    36  usbd_cdc.o(i.USBD_CDC_SetTxBuffer)
    USBD_ClrClassConfig                      0x0800ba5f   Thumb Code    28  usbd_core.o(i.USBD_ClrClassConfig)
    USBD_CoreFindEP                          0x0800bab9   Thumb Code     6  usbd_core.o(i.USBD_CoreFindEP)
    USBD_CoreFindIF                          0x0800babf   Thumb Code     6  usbd_core.o(i.USBD_CoreFindIF)
    USBD_CtlContinueRx                       0x0800bac5   Thumb Code    24  usbd_ioreq.o(i.USBD_CtlContinueRx)
    USBD_CtlContinueSendData                 0x0800badd   Thumb Code    24  usbd_ioreq.o(i.USBD_CtlContinueSendData)
    USBD_CtlError                            0x0800baf5   Thumb Code    24  usbd_ctlreq.o(i.USBD_CtlError)
    USBD_CtlPrepareRx                        0x0800bb0d   Thumb Code    40  usbd_ioreq.o(i.USBD_CtlPrepareRx)
    USBD_CtlReceiveStatus                    0x0800bb35   Thumb Code    26  usbd_ioreq.o(i.USBD_CtlReceiveStatus)
    USBD_CtlSendData                         0x0800bb4f   Thumb Code    34  usbd_ioreq.o(i.USBD_CtlSendData)
    USBD_CtlSendStatus                       0x0800bb71   Thumb Code    26  usbd_ioreq.o(i.USBD_CtlSendStatus)
    USBD_GetEpDesc                           0x0800be13   Thumb Code    80  usbd_core.o(i.USBD_GetEpDesc)
    USBD_GetNextDesc                         0x0800be79   Thumb Code    20  usbd_core.o(i.USBD_GetNextDesc)
    USBD_GetString                           0x0800bee7   Thumb Code   104  usbd_ctlreq.o(i.USBD_GetString)
    USBD_Get_USB_Status                      0x0800bf4f   Thumb Code    44  usbd_conf.o(i.USBD_Get_USB_Status)
    USBD_HS_ConfigStrDescriptor              0x0800bf7d   Thumb Code    34  usbd_desc.o(i.USBD_HS_ConfigStrDescriptor)
    USBD_HS_DeviceDescriptor                 0x0800bfb1   Thumb Code    10  usbd_desc.o(i.USBD_HS_DeviceDescriptor)
    USBD_HS_InterfaceStrDescriptor           0x0800bfc1   Thumb Code    34  usbd_desc.o(i.USBD_HS_InterfaceStrDescriptor)
    USBD_HS_LangIDStrDescriptor              0x0800bff9   Thumb Code    10  usbd_desc.o(i.USBD_HS_LangIDStrDescriptor)
    USBD_HS_ManufacturerStrDescriptor        0x0800c009   Thumb Code    20  usbd_desc.o(i.USBD_HS_ManufacturerStrDescriptor)
    USBD_HS_ProductStrDescriptor             0x0800c035   Thumb Code    34  usbd_desc.o(i.USBD_HS_ProductStrDescriptor)
    USBD_HS_SerialStrDescriptor              0x0800c075   Thumb Code    18  usbd_desc.o(i.USBD_HS_SerialStrDescriptor)
    USBD_Init                                0x0800c08d   Thumb Code    58  usbd_core.o(i.USBD_Init)
    USBD_LL_ClearStallEP                     0x0800c0c7   Thumb Code    38  usbd_conf.o(i.USBD_LL_ClearStallEP)
    USBD_LL_CloseEP                          0x0800c0ed   Thumb Code    38  usbd_conf.o(i.USBD_LL_CloseEP)
    USBD_LL_DataInStage                      0x0800c113   Thumb Code   264  usbd_core.o(i.USBD_LL_DataInStage)
    USBD_LL_DataOutStage                     0x0800c21b   Thumb Code   258  usbd_core.o(i.USBD_LL_DataOutStage)
    USBD_LL_DevConnected                     0x0800c31d   Thumb Code     6  usbd_core.o(i.USBD_LL_DevConnected)
    USBD_LL_DevDisconnected                  0x0800c323   Thumb Code    38  usbd_core.o(i.USBD_LL_DevDisconnected)
    USBD_LL_GetRxDataSize                    0x0800c349   Thumb Code    18  usbd_conf.o(i.USBD_LL_GetRxDataSize)
    USBD_LL_Init                             0x0800c35d   Thumb Code   104  usbd_conf.o(i.USBD_LL_Init)
    USBD_LL_IsStallEP                        0x0800c3cd   Thumb Code    56  usbd_conf.o(i.USBD_LL_IsStallEP)
    USBD_LL_IsoINIncomplete                  0x0800c405   Thumb Code    72  usbd_core.o(i.USBD_LL_IsoINIncomplete)
    USBD_LL_IsoOUTIncomplete                 0x0800c44d   Thumb Code    72  usbd_core.o(i.USBD_LL_IsoOUTIncomplete)
    USBD_LL_OpenEP                           0x0800c495   Thumb Code    48  usbd_conf.o(i.USBD_LL_OpenEP)
    USBD_LL_PrepareReceive                   0x0800c4c5   Thumb Code    48  usbd_conf.o(i.USBD_LL_PrepareReceive)
    USBD_LL_Reset                            0x0800c4f5   Thumb Code   108  usbd_core.o(i.USBD_LL_Reset)
    USBD_LL_Resume                           0x0800c561   Thumb Code    22  usbd_core.o(i.USBD_LL_Resume)
    USBD_LL_SOF                              0x0800c577   Thumb Code    40  usbd_core.o(i.USBD_LL_SOF)
    USBD_LL_SetSpeed                         0x0800c59f   Thumb Code     8  usbd_core.o(i.USBD_LL_SetSpeed)
    USBD_LL_SetUSBAddress                    0x0800c5a7   Thumb Code    38  usbd_conf.o(i.USBD_LL_SetUSBAddress)
    USBD_LL_SetupStage                       0x0800c5cd   Thumb Code   118  usbd_core.o(i.USBD_LL_SetupStage)
    USBD_LL_StallEP                          0x0800c643   Thumb Code    38  usbd_conf.o(i.USBD_LL_StallEP)
    USBD_LL_Start                            0x0800c669   Thumb Code    30  usbd_conf.o(i.USBD_LL_Start)
    USBD_LL_Suspend                          0x0800c687   Thumb Code    28  usbd_core.o(i.USBD_LL_Suspend)
    USBD_LL_Transmit                         0x0800c6a3   Thumb Code    48  usbd_conf.o(i.USBD_LL_Transmit)
    USBD_ParseSetupRequest                   0x0800c6d3   Thumb Code    54  usbd_ctlreq.o(i.USBD_ParseSetupRequest)
    USBD_RegisterClass                       0x0800c709   Thumb Code    72  usbd_core.o(i.USBD_RegisterClass)
    USBD_RunTestMode                         0x0800c751   Thumb Code     6  usbd_core.o(i.USBD_RunTestMode)
    USBD_SetClassConfig                      0x0800c7b1   Thumb Code    32  usbd_core.o(i.USBD_SetClassConfig)
    USBD_Start                               0x0800c90d   Thumb Code    12  usbd_core.o(i.USBD_Start)
    USBD_StdDevReq                           0x0800c919   Thumb Code   174  usbd_ctlreq.o(i.USBD_StdDevReq)
    USBD_StdEPReq                            0x0800c9c7   Thumb Code   640  usbd_ctlreq.o(i.USBD_StdEPReq)
    USBD_StdItfReq                           0x0800cc47   Thumb Code   174  usbd_ctlreq.o(i.USBD_StdItfReq)
    USBD_static_free                         0x0800ccf5   Thumb Code     2  usbd_conf.o(i.USBD_static_free)
    USBD_static_malloc                       0x0800ccf9   Thumb Code     6  usbd_conf.o(i.USBD_static_malloc)
    USB_ActivateEndpoint                     0x0800cd05   Thumb Code   202  stm32h7xx_ll_usb.o(i.USB_ActivateEndpoint)
    USB_ActivateSetup                        0x0800cdd5   Thumb Code    40  stm32h7xx_ll_usb.o(i.USB_ActivateSetup)
    USB_CoreInit                             0x0800cdfd   Thumb Code   150  stm32h7xx_ll_usb.o(i.USB_CoreInit)
    USB_DeactivateEndpoint                   0x0800cef1   Thumb Code   318  stm32h7xx_ll_usb.o(i.USB_DeactivateEndpoint)
    USB_DevConnect                           0x0800d03d   Thumb Code    36  stm32h7xx_ll_usb.o(i.USB_DevConnect)
    USB_DevDisconnect                        0x0800d061   Thumb Code    36  stm32h7xx_ll_usb.o(i.USB_DevDisconnect)
    USB_DevInit                              0x0800d085   Thumb Code   472  stm32h7xx_ll_usb.o(i.USB_DevInit)
    USB_DisableGlobalInt                     0x0800d265   Thumb Code    14  stm32h7xx_ll_usb.o(i.USB_DisableGlobalInt)
    USB_EP0_OutStart                         0x0800d275   Thumb Code   106  stm32h7xx_ll_usb.o(i.USB_EP0_OutStart)
    USB_EPClearStall                         0x0800d2e5   Thumb Code   142  stm32h7xx_ll_usb.o(i.USB_EPClearStall)
    USB_EPSetStall                           0x0800d373   Thumb Code   154  stm32h7xx_ll_usb.o(i.USB_EPSetStall)
    USB_EPStartXfer                          0x0800d40d   Thumb Code   954  stm32h7xx_ll_usb.o(i.USB_EPStartXfer)
    USB_EPStopXfer                           0x0800d7cd   Thumb Code   236  stm32h7xx_ll_usb.o(i.USB_EPStopXfer)
    USB_EnableGlobalInt                      0x0800d8b9   Thumb Code    14  stm32h7xx_ll_usb.o(i.USB_EnableGlobalInt)
    USB_FlushRxFifo                          0x0800d8c7   Thumb Code    80  stm32h7xx_ll_usb.o(i.USB_FlushRxFifo)
    USB_FlushTxFifo                          0x0800d917   Thumb Code    84  stm32h7xx_ll_usb.o(i.USB_FlushTxFifo)
    USB_GetDevSpeed                          0x0800d96b   Thumb Code    38  stm32h7xx_ll_usb.o(i.USB_GetDevSpeed)
    USB_GetMode                              0x0800d991   Thumb Code    10  stm32h7xx_ll_usb.o(i.USB_GetMode)
    USB_ReadDevAllInEpInterrupt              0x0800d99b   Thumb Code    20  stm32h7xx_ll_usb.o(i.USB_ReadDevAllInEpInterrupt)
    USB_ReadDevAllOutEpInterrupt             0x0800d9af   Thumb Code    20  stm32h7xx_ll_usb.o(i.USB_ReadDevAllOutEpInterrupt)
    USB_ReadDevInEPInterrupt                 0x0800d9c3   Thumb Code    50  stm32h7xx_ll_usb.o(i.USB_ReadDevInEPInterrupt)
    USB_ReadDevOutEPInterrupt                0x0800d9f5   Thumb Code    26  stm32h7xx_ll_usb.o(i.USB_ReadDevOutEPInterrupt)
    USB_ReadInterrupts                       0x0800da0f   Thumb Code    10  stm32h7xx_ll_usb.o(i.USB_ReadInterrupts)
    USB_ReadPacket                           0x0800da19   Thumb Code    96  stm32h7xx_ll_usb.o(i.USB_ReadPacket)
    USB_SetCurrentMode                       0x0800da79   Thumb Code   104  stm32h7xx_ll_usb.o(i.USB_SetCurrentMode)
    USB_SetDevAddress                        0x0800dae1   Thumb Code    42  stm32h7xx_ll_usb.o(i.USB_SetDevAddress)
    USB_SetDevSpeed                          0x0800db0b   Thumb Code    18  stm32h7xx_ll_usb.o(i.USB_SetDevSpeed)
    USB_SetTurnaroundTime                    0x0800db1d   Thumb Code   192  stm32h7xx_ll_usb.o(i.USB_SetTurnaroundTime)
    USB_WritePacket                          0x0800dc05   Thumb Code    68  stm32h7xx_ll_usb.o(i.USB_WritePacket)
    UsageFault_Handler                       0x0800dc49   Thumb Code     4  stm32h7xx_it.o(i.UsageFault_Handler)
    Weapon_Init                              0x0800dc4d   Thumb Code     2  register.o(i.Weapon_Init)
    __hardfp_fmod                            0x0800dc91   Thumb Code   246  fmod.o(i.__hardfp_fmod)
    __mathlib_dbl_invalid                    0x0800dd91   Thumb Code    10  dunder.o(i.__mathlib_dbl_invalid)
    __scatterload_copy                       0x0800dda9   Thumb Code    14  handlers.o(i.__scatterload_copy)
    __scatterload_null                       0x0800ddb7   Thumb Code     2  handlers.o(i.__scatterload_null)
    __scatterload_zeroinit                   0x0800ddb9   Thumb Code    14  handlers.o(i.__scatterload_zeroinit)
    __set_errno                              0x0800ddc9   Thumb Code     6  errno.o(i.__set_errno)
    clamp_use                                0x0800ddd5   Thumb Code    90  weapon.o(i.clamp_use)
    data_convert                             0x0800de41   Thumb Code   190  remote_control.o(i.data_convert)
    f_PID_Calculate                          0x0800df0d   Thumb Code   552  pid.o(i.f_PID_Calculate)
    flexible_motor_state_machine_step        0x0800e145   Thumb Code   332  lift.o(i.flexible_motor_state_machine_step)
    flexible_motor_update_command            0x0800e2c1   Thumb Code    52  lift.o(i.flexible_motor_update_command)
    kfs_three_kfs_spin_main_lift_pos_init    0x0800e331   Thumb Code   114  kfs.o(i.kfs_three_kfs_spin_main_lift_pos_init)
    lift_init                                0x0800e3d1   Thumb Code    60  lift.o(i.lift_init)
    main                                     0x0800e439   Thumb Code   130  main.o(i.main)
    manual_chassis_function                  0x0800e4c5   Thumb Code   370  chassis.o(i.manual_chassis_function)
    manual_kfs_function                      0x0800e675   Thumb Code   576  kfs.o(i.manual_kfs_function)
    manual_lift_function                     0x0800e909   Thumb Code   702  lift.o(i.manual_lift_function)
    manual_weapon_function                   0x0800ec0d   Thumb Code    82  weapon.o(i.manual_weapon_function)
    osDelay                                  0x0800ec65   Thumb Code    30  cmsis_os2.o(i.osDelay)
    osKernelGetSysTimerCount                 0x0800ec83   Thumb Code    70  cmsis_os2.o(i.osKernelGetSysTimerCount)
    osKernelInitialize                       0x0800ecc9   Thumb Code    38  cmsis_os2.o(i.osKernelInitialize)
    osKernelStart                            0x0800ecf5   Thumb Code    82  cmsis_os2.o(i.osKernelStart)
    osThreadNew                              0x0800ed55   Thumb Code   184  cmsis_os2.o(i.osThreadNew)
    pump1_two_suckers_linkage                0x0800f831   Thumb Code   112  weapon.o(i.pump1_two_suckers_linkage)
    pvPortMalloc                             0x0800f93d   Thumb Code   306  heap_4.o(i.pvPortMalloc)
    pxPortInitialiseStack                    0x0800fa89   Thumb Code    38  port.o(i.pxPortInitialiseStack)
    servo_use                                0x0800fad1   Thumb Code    86  weapon.o(i.servo_use)
    sucker1_use                              0x0800fb39   Thumb Code    70  weapon.o(i.sucker1_use)
    sucker2_use                              0x0800fb91   Thumb Code    70  weapon.o(i.sucker2_use)
    sucker3_use                              0x0800fbe9   Thumb Code    70  weapon.o(i.sucker3_use)
    sucker4_use                              0x0800fc41   Thumb Code    70  weapon.o(i.sucker4_use)
    uxListRemove                             0x0800fccd   Thumb Code    40  list.o(i.uxListRemove)
    vApplicationGetIdleTaskMemory            0x0800fcf5   Thumb Code    14  cmsis_os2.o(i.vApplicationGetIdleTaskMemory)
    vApplicationGetTimerTaskMemory           0x0800fd0d   Thumb Code    16  cmsis_os2.o(i.vApplicationGetTimerTaskMemory)
    vListInitialise                          0x0800fd25   Thumb Code    26  list.o(i.vListInitialise)
    vListInitialiseItem                      0x0800fd3f   Thumb Code     6  list.o(i.vListInitialiseItem)
    vListInsert                              0x0800fd45   Thumb Code    52  list.o(i.vListInsert)
    vListInsertEnd                           0x0800fd79   Thumb Code    24  list.o(i.vListInsertEnd)
    vPortEnterCritical                       0x0800fd91   Thumb Code    76  port.o(i.vPortEnterCritical)
    vPortExitCritical                        0x0800fde5   Thumb Code    56  port.o(i.vPortExitCritical)
    vPortFree                                0x0800fe21   Thumb Code   150  heap_4.o(i.vPortFree)
    vPortSetupTimerInterrupt                 0x0800fec5   Thumb Code    36  port.o(i.vPortSetupTimerInterrupt)
    vPortValidateInterruptPriority           0x0800feed   Thumb Code   106  port.o(i.vPortValidateInterruptPriority)
    vQueueAddToRegistry                      0x0800ff65   Thumb Code    38  queue.o(i.vQueueAddToRegistry)
    vQueueWaitForMessageRestricted           0x0800ff91   Thumb Code    74  queue.o(i.vQueueWaitForMessageRestricted)
    vTaskDelay                               0x0800ffdd   Thumb Code    82  tasks.o(i.vTaskDelay)
    vTaskInternalSetTimeOutState             0x08010039   Thumb Code    14  tasks.o(i.vTaskInternalSetTimeOutState)
    vTaskMissedYield                         0x08010051   Thumb Code     8  tasks.o(i.vTaskMissedYield)
    vTaskPlaceOnEventList                    0x0801005d   Thumb Code    52  tasks.o(i.vTaskPlaceOnEventList)
    vTaskPlaceOnEventListRestricted          0x08010095   Thumb Code    60  tasks.o(i.vTaskPlaceOnEventListRestricted)
    vTaskStartScheduler                      0x080100d5   Thumb Code   156  tasks.o(i.vTaskStartScheduler)
    vTaskSuspendAll                          0x0801018d   Thumb Code    12  tasks.o(i.vTaskSuspendAll)
    vTaskSwitchContext                       0x0801019d   Thumb Code   122  tasks.o(i.vTaskSwitchContext)
    weapon_init                              0x0801022d   Thumb Code    44  weapon.o(i.weapon_init)
    xPortStartScheduler                      0x08010265   Thumb Code   330  port.o(i.xPortStartScheduler)
    xPortSysTickHandler                      0x080103cd   Thumb Code    46  port.o(i.xPortSysTickHandler)
    xQueueGenericCreateStatic                0x08010401   Thumb Code   224  queue.o(i.xQueueGenericCreateStatic)
    xQueueGenericReset                       0x080104e1   Thumb Code   146  queue.o(i.xQueueGenericReset)
    xQueueGenericSend                        0x08010579   Thumb Code   420  queue.o(i.xQueueGenericSend)
    xQueueGenericSendFromISR                 0x08010721   Thumb Code   252  queue.o(i.xQueueGenericSendFromISR)
    xQueueReceive                            0x0801081d   Thumb Code   356  queue.o(i.xQueueReceive)
    xTaskCheckForTimeOut                     0x08010985   Thumb Code   132  tasks.o(i.xTaskCheckForTimeOut)
    xTaskCreate                              0x08010a11   Thumb Code   100  tasks.o(i.xTaskCreate)
    xTaskCreateStatic                        0x08010a75   Thumb Code   186  tasks.o(i.xTaskCreateStatic)
    xTaskGetSchedulerState                   0x08010b31   Thumb Code    24  tasks.o(i.xTaskGetSchedulerState)
    xTaskGetTickCount                        0x08010b51   Thumb Code     6  tasks.o(i.xTaskGetTickCount)
    xTaskIncrementTick                       0x08010b5d   Thumb Code   280  tasks.o(i.xTaskIncrementTick)
    xTaskPriorityDisinherit                  0x08010ca1   Thumb Code   152  tasks.o(i.xTaskPriorityDisinherit)
    xTaskRemoveFromEventList                 0x08010d45   Thumb Code   126  tasks.o(i.xTaskRemoveFromEventList)
    xTaskResumeAll                           0x08010ddd   Thumb Code   222  tasks.o(i.xTaskResumeAll)
    xTimerCreateTimerTask                    0x08010ee1   Thumb Code   100  timers.o(i.xTimerCreateTimerTask)
    xTimerGenericCommand                     0x08010f59   Thumb Code   128  timers.o(i.xTimerGenericCommand)
    defaultTask_attributes                   0x08010fdc   Data          36  freertos.o(.constdata)
    CanTask_attributes                       0x08011000   Data          36  freertos.o(.constdata)
    MotionTask_attributes                    0x08011024   Data          36  freertos.o(.constdata)
    UARTPrescTable                           0x080110ac   Data          24  stm32h7xx_hal_uart.o(.constdata)
    D1CorePrescTable                         0x080110d4   Data          16  system_stm32h7xx.o(.constdata)
    Region$$Table$$Base                      0x08011104   Number         0  anon$$obj.o(Region$$Table)
    Region$$Table$$Limit                     0x08011124   Number         0  anon$$obj.o(Region$$Table)
    defaultTaskHandle                        0x24000000   Data           4  freertos.o(.data)
    CanTaskHandle                            0x24000004   Data           4  freertos.o(.data)
    MotionTaskHandle                         0x24000008   Data           4  freertos.o(.data)
    uwTick                                   0x24000010   Data           4  stm32h7xx_hal.o(.data)
    uwTickPrio                               0x24000014   Data           4  stm32h7xx_hal.o(.data)
    uwTickFreq                               0x24000018   Data           1  stm32h7xx_hal.o(.data)
    SystemCoreClock                          0x2400001c   Data           4  system_stm32h7xx.o(.data)
    SystemD2Clock                            0x24000020   Data           4  system_stm32h7xx.o(.data)
    pxCurrentTCB                             0x24000024   Data           4  tasks.o(.data)
    text                                     0x240000a4   Data           8  dji_motor.o(.data)
    flag3                                    0x240000ac   Data           1  dji_motor.o(.data)
    chassis_motor1_pid_param                 0x240000c4   Data          24  chassis.o(.data)
    chassis_motor2_pid_param                 0x240000dc   Data          24  chassis.o(.data)
    chassis_motor3_pid_param                 0x240000f4   Data          24  chassis.o(.data)
    chassis_motor4_pid_param                 0x2400010c   Data          24  chassis.o(.data)
    guide_motor1_pid_param                   0x24000124   Data          24  chassis.o(.data)
    guide_motor2_pid_param                   0x2400013c   Data          24  chassis.o(.data)
    three_kfs_position                       0x24000158   Data           1  kfs.o(.data)
    kfs_spin_position                        0x24000159   Data           1  kfs.o(.data)
    main_lift_position                       0x2400015a   Data           1  kfs.o(.data)
    main_lift_Initpos                        0x2400015c   Data           4  kfs.o(.data)
    kfs_spin_Initpos                         0x24000160   Data           4  kfs.o(.data)
    three_kfs_Initpos                        0x24000164   Data           4  kfs.o(.data)
    kfs_above_pid_param                      0x24000168   Data          24  kfs.o(.data)
    kfs_below_pid_param                      0x24000180   Data          24  kfs.o(.data)
    lift_stop_mode                           0x240001a4   Data           4  lift.o(.data)
    flex_cmd                                 0x240001a8   Data           1  lift.o(.data)
    flex_state4                              0x240001a9   Data           1  lift.o(.data)
    flex_input_prev                          0x240001aa   Data           2  lift.o(.data)
    flex_seen_move                           0x240001ac   Data           1  lift.o(.data)
    flex_stop_cnt                            0x240001ad   Data           1  lift.o(.data)
    flexible_motor_PID_input                 0x240001b0   Data           4  lift.o(.data)
    flexible_motor1_pid_param                0x240001b4   Data          24  lift.o(.data)
    flexible_motor2_pid_param                0x240001cc   Data          24  lift.o(.data)
    servo_state                              0x240001e8   Data           1  weapon.o(.data)
    clamp_state                              0x240001e9   Data           1  weapon.o(.data)
    sucker1_state                            0x240001ea   Data           1  weapon.o(.data)
    sucker2_state                            0x240001eb   Data           1  weapon.o(.data)
    sucker3_state                            0x240001ec   Data           1  weapon.o(.data)
    sucker4_state                            0x240001ed   Data           1  weapon.o(.data)
    pump1_state                              0x240001ee   Data           1  weapon.o(.data)
    pump2_state                              0x240001ef   Data           1  weapon.o(.data)
    ch5_lock                                 0x240001f0   Data           1  weapon.o(.data)
    control_mode                             0x240001f1   Data           1  motion_task.o(.data)
    remote_mode                              0x240001f2   Data           1  motion_task.o(.data)
    r2_lift_mode                             0x240001f3   Data           1  motion_task.o(.data)
    RCctrl                                   0x240001f4   Data          34  remote_control.o(.data)
    HS_Desc                                  0x24000218   Data          32  usbd_desc.o(.data)
    USBD_HS_DeviceDesc                       0x24000238   Data          18  usbd_desc.o(.data)
    USBD_HS_BOSDesc                          0x2400024c   Data          12  usbd_desc.o(.data)
    USBD_LangIDDesc                          0x24000258   Data           4  usbd_desc.o(.data)
    USBD_StringSerial                        0x2400025c   Data          26  usbd_desc.o(.data)
    USBD_Interface_fops_HS                   0x24000278   Data          20  usbd_cdc_if.o(.data)
    USBD_CDC                                 0x2400029c   Data          56  usbd_cdc.o(.data)
    hfdcan1                                  0x24000320   Data         160  fdcan.o(.bss)
    hfdcan2                                  0x240003c0   Data         160  fdcan.o(.bss)
    hfdcan3                                  0x24000460   Data         160  fdcan.o(.bss)
    htim2                                    0x24000500   Data          76  tim.o(.bss)
    htim4                                    0x2400054c   Data          76  tim.o(.bss)
    huart5                                   0x24000598   Data         148  usart.o(.bss)
    huart7                                   0x2400062c   Data         148  usart.o(.bss)
    hdma_uart5_rx                            0x240006c0   Data         120  usart.o(.bss)
    hdma_uart7_rx                            0x24000738   Data         120  usart.o(.bss)
    htim8                                    0x240007b0   Data          76  stm32h7xx_hal_timebase_tim.o(.bss)
    xQueueRegistry                           0x240007fc   Data          64  queue.o(.bss)
    Chassis                                  0x240050d0   Data         120  chassis.o(.bss)
    chassis_motor1                           0x24005148   Data         412  chassis.o(.bss)
    chassis_motor2                           0x240052e4   Data         412  chassis.o(.bss)
    chassis_motor3                           0x24005480   Data         412  chassis.o(.bss)
    chassis_motor4                           0x2400561c   Data         412  chassis.o(.bss)
    guide_motor1                             0x240057b8   Data         412  chassis.o(.bss)
    guide_motor2                             0x24005954   Data         412  chassis.o(.bss)
    Kfs                                      0x24005af0   Data          80  kfs.o(.bss)
    kfs_above                                0x24005b40   Data         412  kfs.o(.bss)
    kfs_below                                0x24005cdc   Data         412  kfs.o(.bss)
    main_lift                                0x24005e78   Data         264  kfs.o(.bss)
    kfs_spin                                 0x24005f80   Data         264  kfs.o(.bss)
    three_kfs                                0x24006088   Data         264  kfs.o(.bss)
    Lift                                     0x24006190   Data          80  lift.o(.bss)
    R2_lift_motor_left                       0x240061e0   Data         264  lift.o(.bss)
    R2_lift_motor_right                      0x240062e8   Data         264  lift.o(.bss)
    flexible_motor1                          0x240063f0   Data         412  lift.o(.bss)
    flexible_motor2                          0x2400658c   Data         412  lift.o(.bss)
    SBUS_MultiRx_Buf                         0x24006728   Data         100  remote_control.o(.bss)
    hUsbDeviceHS                             0x2400678c   Data         732  usb_device.o(.bss)
    USBD_StrDesc                             0x24006a68   Data         512  usbd_desc.o(.bss)
    UserRxBufferHS                           0x24006c68   Data        2048  usbd_cdc_if.o(.bss)
    UserTxBufferHS                           0x24007468   Data        2048  usbd_cdc_if.o(.bss)
    hpcd_USB_OTG_HS                          0x24007c68   Data        1252  usbd_conf.o(.bss)
    __initial_sp                             0x24008770   Data           0  startup_stm32h723xx.o(STACK)



==============================================================================

Memory Map of the image

  Image Entry point : 0x080002cd

  Load Region LR_IROM1 (Base: 0x08000000, Size: 0x00011444, Max: 0x00100000, ABSOLUTE, COMPRESSED[0x00011244])

    Execution Region ER_IROM1 (Exec base: 0x08000000, Load base: 0x08000000, Size: 0x00011124, Max: 0x00100000, ABSOLUTE)

    Exec Addr    Load Addr    Size         Type   Attr      Idx    E Section Name        Object

    0x08000000   0x08000000   0x000002cc   Data   RO            3    RESET               startup_stm32h723xx.o
    0x080002cc   0x080002cc   0x00000000   Code   RO         9703  * .ARM.Collect$$$$00000000  mc_w.l(entry.o)
    0x080002cc   0x080002cc   0x00000004   Code   RO         9744    .ARM.Collect$$$$00000001  mc_w.l(entry2.o)
    0x080002d0   0x080002d0   0x00000004   Code   RO         9747    .ARM.Collect$$$$00000004  mc_w.l(entry5.o)
    0x080002d4   0x080002d4   0x00000000   Code   RO         9749    .ARM.Collect$$$$00000008  mc_w.l(entry7b.o)
    0x080002d4   0x080002d4   0x00000000   Code   RO         9751    .ARM.Collect$$$$0000000A  mc_w.l(entry8b.o)
    0x080002d4   0x080002d4   0x00000008   Code   RO         9752    .ARM.Collect$$$$0000000B  mc_w.l(entry9a.o)
    0x080002dc   0x080002dc   0x00000000   Code   RO         9754    .ARM.Collect$$$$0000000D  mc_w.l(entry10a.o)
    0x080002dc   0x080002dc   0x00000000   Code   RO         9756    .ARM.Collect$$$$0000000F  mc_w.l(entry11a.o)
    0x080002dc   0x080002dc   0x00000004   Code   RO         9745    .ARM.Collect$$$$00002712  mc_w.l(entry2.o)
    0x080002e0   0x080002e0   0x000000be   Code   RO         7888    .emb_text           port.o
    0x0800039e   0x0800039e   0x00000002   PAD
    0x080003a0   0x080003a0   0x0000002c   Code   RO            4    .text               startup_stm32h723xx.o
    0x080003cc   0x080003cc   0x00000062   Code   RO         9706    .text               mc_w.l(uldiv.o)
    0x0800042e   0x0800042e   0x00000024   Code   RO         9708    .text               mc_w.l(memcpya.o)
    0x08000452   0x08000452   0x00000024   Code   RO         9712    .text               mc_w.l(memseta.o)
    0x08000476   0x08000476   0x0000001e   Code   RO         9758    .text               mc_w.l(llshl.o)
    0x08000494   0x08000494   0x00000020   Code   RO         9760    .text               mc_w.l(llushr.o)
    0x080004b4   0x080004b4   0x00000000   Code   RO         9769    .text               mc_w.l(iusefp.o)
    0x080004b4   0x080004b4   0x00000086   Code   RO         9770    .text               mf_w.l(drem.o)
    0x0800053a   0x0800053a   0x00000002   PAD
    0x0800053c   0x0800053c   0x00000024   Code   RO         9782    .text               mc_w.l(init.o)
    0x08000560   0x08000560   0x000000ba   Code   RO         9784    .text               mf_w.l(depilogue.o)
    0x0800061a   0x0800061a   0x00000056   Code   RO         9794    .text               mc_w.l(__dczerorl2.o)
    0x08000670   0x08000670   0x00000110   Code   RO         7968    i.BSP_CAN_Init      bsp_can.o
    0x08000780   0x08000780   0x00000024   Code   RO         8015    i.BSP_USART_Init    bsp_uart.o
    0x080007a4   0x080007a4   0x0000000a   Code   RO         8694    i.BaseModule_ClearError  global.o
    0x080007ae   0x080007ae   0x00000006   Code   RO         8695    i.BaseModule_GetState  global.o
    0x080007b4   0x080007b4   0x0000000a   Code   RO         8696    i.BaseModule_Init   global.o
    0x080007be   0x080007be   0x00000006   Code   RO         8697    i.BaseModule_Run    global.o
    0x080007c4   0x080007c4   0x00000006   Code   RO         8698    i.BaseModule_Stop   global.o
    0x080007ca   0x080007ca   0x00000004   Code   RO          596    i.BusFault_Handler  stm32h7xx_it.o
    0x080007ce   0x080007ce   0x00000044   Code   RO         8964    i.CDC_Control_HS    usbd_cdc_if.o
    0x08000812   0x08000812   0x00000004   Code   RO         8965    i.CDC_DeInit_HS     usbd_cdc_if.o
    0x08000816   0x08000816   0x00000002   PAD
    0x08000818   0x08000818   0x00000024   Code   RO         8966    i.CDC_Init_HS       usbd_cdc_if.o
    0x0800083c   0x0800083c   0x0000001c   Code   RO         8967    i.CDC_Receive_HS    usbd_cdc_if.o
    0x08000858   0x08000858   0x0000000c   Code   RO         8968    i.CDC_TransmitCplt_HS  usbd_cdc_if.o
    0x08000864   0x08000864   0x000000cc   Code   RO         8515    i.Can_Task          can_task.o
    0x08000930   0x08000930   0x00000194   Code   RO         8239    i.Chassis_Calc      chassis.o
    0x08000ac4   0x08000ac4   0x00000128   Code   RO         8742    i.Chassis_Init      register.o
    0x08000bec   0x08000bec   0x00000028   Code   RO         8240    i.Chassis_Stop      chassis.o
    0x08000c14   0x08000c14   0x00000016   Code   RO         8089    i.DJIget_moto_offset  dji_motor.o
    0x08000c2a   0x08000c2a   0x000000a4   Code   RO         8090    i.DJIget_motor_measure  dji_motor.o
    0x08000cce   0x08000cce   0x00000002   PAD
    0x08000cd0   0x08000cd0   0x000000a4   Code   RO         8091    i.DJImotor_Create   dji_motor.o
    0x08000d74   0x08000d74   0x00000078   Code   RO         8092    i.DJIset_motor_data  dji_motor.o
    0x08000dec   0x08000dec   0x00000010   Code   RO          597    i.DMA1_Stream2_IRQHandler  stm32h7xx_it.o
    0x08000dfc   0x08000dfc   0x00000010   Code   RO          598    i.DMA1_Stream3_IRQHandler  stm32h7xx_it.o
    0x08000e0c   0x08000e0c   0x000000ec   Code   RO         3151    i.DMA_CalcBaseAndBitshift  stm32h7xx_hal_dma.o
    0x08000ef8   0x08000ef8   0x000000c4   Code   RO         3152    i.DMA_CalcDMAMUXChannelBaseAndMask  stm32h7xx_hal_dma.o
    0x08000fbc   0x08000fbc   0x00000098   Code   RO         3153    i.DMA_CalcDMAMUXRequestGenBaseAndMask  stm32h7xx_hal_dma.o
    0x08001054   0x08001054   0x000000ae   Code   RO         3154    i.DMA_CheckFifoParam  stm32h7xx_hal_dma.o
    0x08001102   0x08001102   0x00000002   PAD
    0x08001104   0x08001104   0x000000ec   Code   RO         3267    i.DMA_MultiBufferSetConfig  stm32h7xx_hal_dma_ex.o
    0x080011f0   0x080011f0   0x00000090   Code   RO         8140    i.DM_Motor_CMD      dm_motor.o
    0x08001280   0x08001280   0x00000218   Code   RO         8141    i.DMget_motor_measure  dm_motor.o
    0x08001498   0x08001498   0x00000078   Code   RO         8142    i.DMmotor_Create    dm_motor.o
    0x08001510   0x08001510   0x000002b0   Code   RO         8143    i.DMset_mit_data    dm_motor.o
    0x080017c0   0x080017c0   0x00000068   Code   RO         8144    i.DMset_posvel_data  dm_motor.o
    0x08001828   0x08001828   0x00000002   Code   RO          599    i.DebugMon_Handler  stm32h7xx_it.o
    0x0800182a   0x0800182a   0x00000006   Code   RO           13    i.Error_Handler     main.o
    0x08001830   0x08001830   0x00000024   Code   RO         6116    i.ExitRun0Mode      system_stm32h7xx.o
    0x08001854   0x08001854   0x00000010   Code   RO          600    i.FDCAN1_IT0_IRQHandler  stm32h7xx_it.o
    0x08001864   0x08001864   0x00000010   Code   RO          601    i.FDCAN2_IT0_IRQHandler  stm32h7xx_it.o
    0x08001874   0x08001874   0x00000010   Code   RO          602    i.FDCAN3_IT0_IRQHandler  stm32h7xx_it.o
    0x08001884   0x08001884   0x00000220   Code   RO         4950    i.FDCAN_CalcultateRamBlockAddresses  stm32h7xx_hal_fdcan.o
    0x08001aa4   0x08001aa4   0x000000d0   Code   RO         4951    i.FDCAN_CopyMessageToRAM  stm32h7xx_hal_fdcan.o
    0x08001b74   0x08001b74   0x00000034   Code   RO         8868    i.Get_SerialNum     usbd_desc.o
    0x08001ba8   0x08001ba8   0x00000320   Code   RO         3274    i.HAL_DMAEx_MultiBufferStart  stm32h7xx_hal_dma_ex.o
    0x08001ec8   0x08001ec8   0x000004dc   Code   RO         3156    i.HAL_DMA_Abort     stm32h7xx_hal_dma.o
    0x080023a4   0x080023a4   0x00000398   Code   RO         3157    i.HAL_DMA_Abort_IT  stm32h7xx_hal_dma.o
    0x0800273c   0x0800273c   0x00000af8   Code   RO         3161    i.HAL_DMA_IRQHandler  stm32h7xx_hal_dma.o
    0x08003234   0x08003234   0x00000514   Code   RO         3162    i.HAL_DMA_Init      stm32h7xx_hal_dma.o
    0x08003748   0x08003748   0x00000028   Code   RO         4011    i.HAL_Delay         stm32h7xx_hal.o
    0x08003770   0x08003770   0x000000a8   Code   RO         4953    i.HAL_FDCAN_ActivateNotification  stm32h7xx_hal_fdcan.o
    0x08003818   0x08003818   0x00000090   Code   RO         4955    i.HAL_FDCAN_AddMessageToTxFifoQ  stm32h7xx_hal_fdcan.o
    0x080038a8   0x080038a8   0x00000002   Code   RO         4956    i.HAL_FDCAN_ClockCalibrationCallback  stm32h7xx_hal_fdcan.o
    0x080038aa   0x080038aa   0x000000a8   Code   RO         4960    i.HAL_FDCAN_ConfigFilter  stm32h7xx_hal_fdcan.o
    0x08003952   0x08003952   0x00000034   Code   RO         4961    i.HAL_FDCAN_ConfigGlobalFilter  stm32h7xx_hal_fdcan.o
    0x08003986   0x08003986   0x00000002   Code   RO         4982    i.HAL_FDCAN_ErrorCallback  stm32h7xx_hal_fdcan.o
    0x08003988   0x08003988   0x00000002   Code   RO         4983    i.HAL_FDCAN_ErrorStatusCallback  stm32h7xx_hal_fdcan.o
    0x0800398a   0x0800398a   0x00000002   PAD
    0x0800398c   0x0800398c   0x000001f4   Code   RO         4994    i.HAL_FDCAN_GetRxMessage  stm32h7xx_hal_fdcan.o
    0x08003b80   0x08003b80   0x0000000e   Code   RO         4999    i.HAL_FDCAN_GetTxFifoFreeLevel  stm32h7xx_hal_fdcan.o
    0x08003b8e   0x08003b8e   0x00000002   Code   RO         5000    i.HAL_FDCAN_HighPriorityMessageCallback  stm32h7xx_hal_fdcan.o
    0x08003b90   0x08003b90   0x000003d4   Code   RO         5001    i.HAL_FDCAN_IRQHandler  stm32h7xx_hal_fdcan.o
    0x08003f64   0x08003f64   0x000002e0   Code   RO         5002    i.HAL_FDCAN_Init    stm32h7xx_hal_fdcan.o
    0x08004244   0x08004244   0x0000020c   Code   RO          428    i.HAL_FDCAN_MspInit  fdcan.o
    0x08004450   0x08004450   0x00000002   Code   RO         5011    i.HAL_FDCAN_RxBufferNewMessageCallback  stm32h7xx_hal_fdcan.o
    0x08004452   0x08004452   0x00000002   PAD
    0x08004454   0x08004454   0x00000184   Code   RO         7969    i.HAL_FDCAN_RxFifo0Callback  bsp_can.o
    0x080045d8   0x080045d8   0x00000002   Code   RO         5013    i.HAL_FDCAN_RxFifo1Callback  stm32h7xx_hal_fdcan.o
    0x080045da   0x080045da   0x00000034   Code   RO         5014    i.HAL_FDCAN_Start   stm32h7xx_hal_fdcan.o
    0x0800460e   0x0800460e   0x00000002   Code   RO         5036    i.HAL_FDCAN_TT_GlobalTimeCallback  stm32h7xx_hal_fdcan.o
    0x08004610   0x08004610   0x00000002   Code   RO         5037    i.HAL_FDCAN_TT_ScheduleSyncCallback  stm32h7xx_hal_fdcan.o
    0x08004612   0x08004612   0x00000002   Code   RO         5042    i.HAL_FDCAN_TT_StopWatchCallback  stm32h7xx_hal_fdcan.o
    0x08004614   0x08004614   0x00000002   Code   RO         5043    i.HAL_FDCAN_TT_TimeMarkCallback  stm32h7xx_hal_fdcan.o
    0x08004616   0x08004616   0x00000002   Code   RO         5044    i.HAL_FDCAN_TimeoutOccurredCallback  stm32h7xx_hal_fdcan.o
    0x08004618   0x08004618   0x00000002   Code   RO         5045    i.HAL_FDCAN_TimestampWraparoundCallback  stm32h7xx_hal_fdcan.o
    0x0800461a   0x0800461a   0x00000002   Code   RO         5046    i.HAL_FDCAN_TxBufferAbortCallback  stm32h7xx_hal_fdcan.o
    0x0800461c   0x0800461c   0x00000002   Code   RO         5047    i.HAL_FDCAN_TxBufferCompleteCallback  stm32h7xx_hal_fdcan.o
    0x0800461e   0x0800461e   0x00000002   Code   RO         5048    i.HAL_FDCAN_TxEventFifoCallback  stm32h7xx_hal_fdcan.o
    0x08004620   0x08004620   0x00000002   Code   RO         5049    i.HAL_FDCAN_TxFifoEmptyCallback  stm32h7xx_hal_fdcan.o
    0x08004622   0x08004622   0x00000002   PAD
    0x08004624   0x08004624   0x000001f0   Code   RO         3004    i.HAL_GPIO_Init     stm32h7xx_hal_gpio.o
    0x08004814   0x08004814   0x0000000c   Code   RO         3008    i.HAL_GPIO_WritePin  stm32h7xx_hal_gpio.o
    0x08004820   0x08004820   0x0000000c   Code   RO         4027    i.HAL_GetTick       stm32h7xx_hal.o
    0x0800482c   0x0800482c   0x00000018   Code   RO         4033    i.HAL_IncTick       stm32h7xx_hal.o
    0x08004844   0x08004844   0x00000060   Code   RO         4034    i.HAL_Init          stm32h7xx_hal.o
    0x080048a4   0x080048a4   0x00000094   Code   RO          742    i.HAL_InitTick      stm32h7xx_hal_timebase_tim.o
    0x08004938   0x08004938   0x0000005c   Code   RO         3847    i.HAL_MPU_ConfigRegion  stm32h7xx_hal_cortex.o
    0x08004994   0x08004994   0x0000002c   Code   RO         3848    i.HAL_MPU_Disable   stm32h7xx_hal_cortex.o
    0x080049c0   0x080049c0   0x00000040   Code   RO         3850    i.HAL_MPU_Enable    stm32h7xx_hal_cortex.o
    0x08004a00   0x08004a00   0x00000030   Code   RO          718    i.HAL_MspInit       stm32h7xx_hal_msp.o
    0x08004a30   0x08004a30   0x00000028   Code   RO         3854    i.HAL_NVIC_EnableIRQ  stm32h7xx_hal_cortex.o
    0x08004a58   0x08004a58   0x0000007a   Code   RO         3860    i.HAL_NVIC_SetPriority  stm32h7xx_hal_cortex.o
    0x08004ad2   0x08004ad2   0x00000002   PAD
    0x08004ad4   0x08004ad4   0x00000028   Code   RO         3861    i.HAL_NVIC_SetPriorityGrouping  stm32h7xx_hal_cortex.o
    0x08004afc   0x08004afc   0x00000028   Code   RO         2049    i.HAL_PCDEx_ActivateLPM  stm32h7xx_hal_pcd_ex.o
    0x08004b24   0x08004b24   0x00000002   Code   RO         2054    i.HAL_PCDEx_LPM_Callback  stm32h7xx_hal_pcd_ex.o
    0x08004b26   0x08004b26   0x0000000a   Code   RO         2055    i.HAL_PCDEx_SetRxFiFo  stm32h7xx_hal_pcd_ex.o
    0x08004b30   0x08004b30   0x0000004e   Code   RO         2056    i.HAL_PCDEx_SetTxFiFo  stm32h7xx_hal_pcd_ex.o
    0x08004b7e   0x08004b7e   0x0000000e   Code   RO         9025    i.HAL_PCD_ConnectCallback  usbd_conf.o
    0x08004b8c   0x08004b8c   0x00000020   Code   RO         9026    i.HAL_PCD_DataInStageCallback  usbd_conf.o
    0x08004bac   0x08004bac   0x00000020   Code   RO         9027    i.HAL_PCD_DataOutStageCallback  usbd_conf.o
    0x08004bcc   0x08004bcc   0x0000000e   Code   RO         9028    i.HAL_PCD_DisconnectCallback  usbd_conf.o
    0x08004bda   0x08004bda   0x00000042   Code   RO         1820    i.HAL_PCD_EP_Abort  stm32h7xx_hal_pcd.o
    0x08004c1c   0x08004c1c   0x0000006a   Code   RO         1821    i.HAL_PCD_EP_Close  stm32h7xx_hal_pcd.o
    0x08004c86   0x08004c86   0x0000007c   Code   RO         1822    i.HAL_PCD_EP_ClrStall  stm32h7xx_hal_pcd.o
    0x08004d02   0x08004d02   0x00000016   Code   RO         1824    i.HAL_PCD_EP_GetRxCount  stm32h7xx_hal_pcd.o
    0x08004d18   0x08004d18   0x0000008e   Code   RO         1825    i.HAL_PCD_EP_Open   stm32h7xx_hal_pcd.o
    0x08004da6   0x08004da6   0x00000046   Code   RO         1826    i.HAL_PCD_EP_Receive  stm32h7xx_hal_pcd.o
    0x08004dec   0x08004dec   0x0000008a   Code   RO         1827    i.HAL_PCD_EP_SetStall  stm32h7xx_hal_pcd.o
    0x08004e76   0x08004e76   0x00000048   Code   RO         1828    i.HAL_PCD_EP_Transmit  stm32h7xx_hal_pcd.o
    0x08004ebe   0x08004ebe   0x0000070e   Code   RO         1830    i.HAL_PCD_IRQHandler  stm32h7xx_hal_pcd.o
    0x080055cc   0x080055cc   0x00000012   Code   RO         9029    i.HAL_PCD_ISOINIncompleteCallback  usbd_conf.o
    0x080055de   0x080055de   0x00000012   Code   RO         9030    i.HAL_PCD_ISOOUTIncompleteCallback  usbd_conf.o
    0x080055f0   0x080055f0   0x0000015e   Code   RO         1833    i.HAL_PCD_Init      stm32h7xx_hal_pcd.o
    0x0800574e   0x0800574e   0x00000002   PAD
    0x08005750   0x08005750   0x0000006c   Code   RO         9032    i.HAL_PCD_MspInit   usbd_conf.o
    0x080057bc   0x080057bc   0x00000030   Code   RO         9033    i.HAL_PCD_ResetCallback  usbd_conf.o
    0x080057ec   0x080057ec   0x0000000e   Code   RO         9034    i.HAL_PCD_ResumeCallback  usbd_conf.o
    0x080057fa   0x080057fa   0x0000000e   Code   RO         9035    i.HAL_PCD_SOFCallback  usbd_conf.o
    0x08005808   0x08005808   0x00000034   Code   RO         1839    i.HAL_PCD_SetAddress  stm32h7xx_hal_pcd.o
    0x0800583c   0x0800583c   0x00000012   Code   RO         9036    i.HAL_PCD_SetupStageCallback  usbd_conf.o
    0x0800584e   0x0800584e   0x0000004c   Code   RO         1842    i.HAL_PCD_Start     stm32h7xx_hal_pcd.o
    0x0800589a   0x0800589a   0x00000002   PAD
    0x0800589c   0x0800589c   0x00000034   Code   RO         9037    i.HAL_PCD_SuspendCallback  usbd_conf.o
    0x080058d0   0x080058d0   0x00000060   Code   RO         3605    i.HAL_PWREx_ConfigSupply  stm32h7xx_hal_pwr_ex.o
    0x08005930   0x08005930   0x00000014   Code   RO         3622    i.HAL_PWREx_EnableUSBVoltageDetector  stm32h7xx_hal_pwr_ex.o
    0x08005944   0x08005944   0x00000024   Code   RO         2547    i.HAL_RCCEx_GetD3PCLK1Freq  stm32h7xx_hal_rcc_ex.o
    0x08005968   0x08005968   0x00000230   Code   RO         2549    i.HAL_RCCEx_GetPLL2ClockFreq  stm32h7xx_hal_rcc_ex.o
    0x08005b98   0x08005b98   0x00000230   Code   RO         2550    i.HAL_RCCEx_GetPLL3ClockFreq  stm32h7xx_hal_rcc_ex.o
    0x08005dc8   0x08005dc8   0x00000cc8   Code   RO         2556    i.HAL_RCCEx_PeriphCLKConfig  stm32h7xx_hal_rcc_ex.o
    0x08006a90   0x08006a90   0x00000320   Code   RO         2432    i.HAL_RCC_ClockConfig  stm32h7xx_hal_rcc.o
    0x08006db0   0x08006db0   0x0000006c   Code   RO         2436    i.HAL_RCC_GetClockConfig  stm32h7xx_hal_rcc.o
    0x08006e1c   0x08006e1c   0x0000004c   Code   RO         2437    i.HAL_RCC_GetHCLKFreq  stm32h7xx_hal_rcc.o
    0x08006e68   0x08006e68   0x00000024   Code   RO         2439    i.HAL_RCC_GetPCLK1Freq  stm32h7xx_hal_rcc.o
    0x08006e8c   0x08006e8c   0x00000024   Code   RO         2440    i.HAL_RCC_GetPCLK2Freq  stm32h7xx_hal_rcc.o
    0x08006eb0   0x08006eb0   0x0000022c   Code   RO         2441    i.HAL_RCC_GetSysClockFreq  stm32h7xx_hal_rcc.o
    0x080070dc   0x080070dc   0x0000075c   Code   RO         2444    i.HAL_RCC_OscConfig  stm32h7xx_hal_rcc.o
    0x08007838   0x08007838   0x00000002   Code   RO         1508    i.HAL_TIMEx_Break2Callback  stm32h7xx_hal_tim_ex.o
    0x0800783a   0x0800783a   0x00000002   Code   RO         1509    i.HAL_TIMEx_BreakCallback  stm32h7xx_hal_tim_ex.o
    0x0800783c   0x0800783c   0x00000002   Code   RO         1510    i.HAL_TIMEx_CommutCallback  stm32h7xx_hal_tim_ex.o
    0x0800783e   0x0800783e   0x00000002   PAD
    0x08007840   0x08007840   0x000000e4   Code   RO         1531    i.HAL_TIMEx_MasterConfigSynchronization  stm32h7xx_hal_tim_ex.o
    0x08007924   0x08007924   0x0000006e   Code   RO          783    i.HAL_TIM_Base_Init  stm32h7xx_hal_tim.o
    0x08007992   0x08007992   0x00000002   PAD
    0x08007994   0x08007994   0x00000044   Code   RO          483    i.HAL_TIM_Base_MspInit  tim.o
    0x080079d8   0x080079d8   0x000000c0   Code   RO          786    i.HAL_TIM_Base_Start  stm32h7xx_hal_tim.o
    0x08007a98   0x08007a98   0x000000cc   Code   RO          788    i.HAL_TIM_Base_Start_IT  stm32h7xx_hal_tim.o
    0x08007b64   0x08007b64   0x00000134   Code   RO          792    i.HAL_TIM_ConfigClockSource  stm32h7xx_hal_tim.o
    0x08007c98   0x08007c98   0x00000002   Code   RO          817    i.HAL_TIM_IC_CaptureCallback  stm32h7xx_hal_tim.o
    0x08007c9a   0x08007c9a   0x00000198   Code   RO          831    i.HAL_TIM_IRQHandler  stm32h7xx_hal_tim.o
    0x08007e32   0x08007e32   0x00000002   PAD
    0x08007e34   0x08007e34   0x00000058   Code   RO          484    i.HAL_TIM_MspPostInit  tim.o
    0x08007e8c   0x08007e8c   0x00000002   Code   RO          834    i.HAL_TIM_OC_DelayElapsedCallback  stm32h7xx_hal_tim.o
    0x08007e8e   0x08007e8e   0x00000170   Code   RO          855    i.HAL_TIM_PWM_ConfigChannel  stm32h7xx_hal_tim.o
    0x08007ffe   0x08007ffe   0x0000006e   Code   RO          858    i.HAL_TIM_PWM_Init  stm32h7xx_hal_tim.o
    0x0800806c   0x0800806c   0x0000002c   Code   RO          486    i.HAL_TIM_PWM_MspInit  tim.o
    0x08008098   0x08008098   0x00000002   Code   RO          861    i.HAL_TIM_PWM_PulseFinishedCallback  stm32h7xx_hal_tim.o
    0x0800809a   0x0800809a   0x00000002   PAD
    0x0800809c   0x0800809c   0x0000017c   Code   RO          863    i.HAL_TIM_PWM_Start  stm32h7xx_hal_tim.o
    0x08008218   0x08008218   0x00000018   Code   RO           14    i.HAL_TIM_PeriodElapsedCallback  main.o
    0x08008230   0x08008230   0x00000002   Code   RO          874    i.HAL_TIM_TriggerCallback  stm32h7xx_hal_tim.o
    0x08008232   0x08008232   0x0000004e   Code   RO         5993    i.HAL_UARTEx_DisableFifoMode  stm32h7xx_hal_uart_ex.o
    0x08008280   0x08008280   0x000005c4   Code   RO         8016    i.HAL_UARTEx_RxEventCallback  bsp_uart.o
    0x08008844   0x08008844   0x00000002   Code   RO         6001    i.HAL_UARTEx_RxFifoFullCallback  stm32h7xx_hal_uart_ex.o
    0x08008846   0x08008846   0x0000005e   Code   RO         6002    i.HAL_UARTEx_SetRxFifoThreshold  stm32h7xx_hal_uart_ex.o
    0x080088a4   0x080088a4   0x0000005e   Code   RO         6003    i.HAL_UARTEx_SetTxFifoThreshold  stm32h7xx_hal_uart_ex.o
    0x08008902   0x08008902   0x00000002   Code   RO         6005    i.HAL_UARTEx_TxFifoEmptyCallback  stm32h7xx_hal_uart_ex.o
    0x08008904   0x08008904   0x00000002   Code   RO         6006    i.HAL_UARTEx_WakeupCallback  stm32h7xx_hal_uart_ex.o
    0x08008906   0x08008906   0x00000002   Code   RO         5593    i.HAL_UART_ErrorCallback  stm32h7xx_hal_uart.o
    0x08008908   0x08008908   0x000004b6   Code   RO         5596    i.HAL_UART_IRQHandler  stm32h7xx_hal_uart.o
    0x08008dbe   0x08008dbe   0x00000078   Code   RO         5597    i.HAL_UART_Init     stm32h7xx_hal_uart.o
    0x08008e36   0x08008e36   0x00000002   PAD
    0x08008e38   0x08008e38   0x00000204   Code   RO          549    i.HAL_UART_MspInit  usart.o
    0x0800903c   0x0800903c   0x00000002   Code   RO         5609    i.HAL_UART_TxCpltCallback  stm32h7xx_hal_uart.o
    0x0800903e   0x0800903e   0x00000004   Code   RO          603    i.HardFault_Handler  stm32h7xx_it.o
    0x08009042   0x08009042   0x0000003e   Code   RO         8869    i.IntToUnicode      usbd_desc.o
    0x08009080   0x08009080   0x00000108   Code   RO         8743    i.Kfs_Init          register.o
    0x08009188   0x08009188   0x000000bc   Code   RO         8744    i.Lift_Init         register.o
    0x08009244   0x08009244   0x00000056   Code   RO           15    i.MPU_Config        main.o
    0x0800929a   0x0800929a   0x00000002   PAD
    0x0800929c   0x0800929c   0x00000044   Code   RO          403    i.MX_DMA_Init       dma.o
    0x080092e0   0x080092e0   0x00000088   Code   RO          429    i.MX_FDCAN1_Init    fdcan.o
    0x08009368   0x08009368   0x00000088   Code   RO          430    i.MX_FDCAN2_Init    fdcan.o
    0x080093f0   0x080093f0   0x00000088   Code   RO          431    i.MX_FDCAN3_Init    fdcan.o
    0x08009478   0x08009478   0x00000054   Code   RO          349    i.MX_FREERTOS_Init  freertos.o
    0x080094cc   0x080094cc   0x00000130   Code   RO          324    i.MX_GPIO_Init      gpio.o
    0x080095fc   0x080095fc   0x0000008c   Code   RO          487    i.MX_TIM2_Init      tim.o
    0x08009688   0x08009688   0x00000080   Code   RO          488    i.MX_TIM4_Init      tim.o
    0x08009708   0x08009708   0x00000074   Code   RO          550    i.MX_UART5_Init     usart.o
    0x0800977c   0x0800977c   0x0000006c   Code   RO          551    i.MX_UART7_Init     usart.o
    0x080097e8   0x080097e8   0x00000050   Code   RO         8833    i.MX_USB_DEVICE_Init  usb_device.o
    0x08009838   0x08009838   0x00000004   Code   RO          604    i.MemManage_Handler  stm32h7xx_it.o
    0x0800983c   0x0800983c   0x000000b4   Code   RO         8558    i.Motion_Task       motion_task.o
    0x080098f0   0x080098f0   0x00000070   Code   RO         8054    i.MotorModule_Create  motor.o
    0x08009960   0x08009960   0x00000012   Code   RO         8055    i.MotorModule_Init  motor.o
    0x08009972   0x08009972   0x00000004   Code   RO         8056    i.MotorModule_Run   motor.o
    0x08009976   0x08009976   0x00000002   PAD
    0x08009978   0x08009978   0x00000094   Code   RO         8093    i.Motor_PID_Calculate  dji_motor.o
    0x08009a0c   0x08009a0c   0x00000004   Code   RO          605    i.NMI_Handler       stm32h7xx_it.o
    0x08009a10   0x08009a10   0x0000000c   Code   RO         7300    i.OS_Tick_GetCount  cmsis_os2.o
    0x08009a1c   0x08009a1c   0x0000000a   Code   RO         7301    i.OS_Tick_GetInterval  cmsis_os2.o
    0x08009a26   0x08009a26   0x0000000c   Code   RO         7302    i.OS_Tick_GetOverflow  cmsis_os2.o
    0x08009a32   0x08009a32   0x00000002   PAD
    0x08009a34   0x08009a34   0x00000010   Code   RO          606    i.OTG_HS_IRQHandler  stm32h7xx_it.o
    0x08009a44   0x08009a44   0x00000064   Code   RO         1845    i.PCD_EP_OutSetupPacket_int  stm32h7xx_hal_pcd.o
    0x08009aa8   0x08009aa8   0x00000144   Code   RO         1846    i.PCD_EP_OutXfrComplete_int  stm32h7xx_hal_pcd.o
    0x08009bec   0x08009bec   0x000000b6   Code   RO         1847    i.PCD_WriteEmptyTxFifo  stm32h7xx_hal_pcd.o
    0x08009ca2   0x08009ca2   0x00000002   PAD
    0x08009ca4   0x08009ca4   0x00000038   Code   RO         8793    i.PID_Calc_Clear    pid.o
    0x08009cdc   0x08009cdc   0x0000002c   Code   RO         8794    i.PID_ErrorHandle   pid.o
    0x08009d08   0x08009d08   0x00000030   Code   RO         8795    i.PID_Init          pid.o
    0x08009d38   0x08009d38   0x00000046   Code   RO         8796    i.PID_Param_Init    pid.o
    0x08009d7e   0x08009d7e   0x00000002   PAD
    0x08009d80   0x08009d80   0x00000164   Code   RO         2559    i.RCCEx_PLL2_Config  stm32h7xx_hal_rcc_ex.o
    0x08009ee4   0x08009ee4   0x00000164   Code   RO         2560    i.RCCEx_PLL3_Config  stm32h7xx_hal_rcc_ex.o
    0x0800a048   0x0800a048   0x00000122   Code   RO         8603    i.SBUS_TO_RC        remote_control.o
    0x0800a16a   0x0800a16a   0x00000012   Code   RO         9402    i.SWAPBYTE          usbd_ctlreq.o
    0x0800a17c   0x0800a17c   0x0000000e   Code   RO          351    i.StartDefaultTask  freertos.o
    0x0800a18a   0x0800a18a   0x0000002c   Code   RO         8745    i.Structue_Init     register.o
    0x0800a1b6   0x0800a1b6   0x0000006e   Code   RO         8199    i.StructureModule_AddMotor  structure.o
    0x0800a224   0x0800a224   0x00000058   Code   RO         8200    i.StructureModule_Create  structure.o
    0x0800a27c   0x0800a27c   0x00000012   Code   RO         8201    i.StructureModule_Init  structure.o
    0x0800a28e   0x0800a28e   0x0000000e   Code   RO         8202    i.StructureModule_Run  structure.o
    0x0800a29c   0x0800a29c   0x00000016   Code   RO         7303    i.SysTick_Handler   cmsis_os2.o
    0x0800a2b2   0x0800a2b2   0x00000002   PAD
    0x0800a2b4   0x0800a2b4   0x000000b8   Code   RO           16    i.SystemClock_Config  main.o
    0x0800a36c   0x0800a36c   0x0000010c   Code   RO         6118    i.SystemInit        system_stm32h7xx.o
    0x0800a478   0x0800a478   0x00000024   Code   RO          607    i.TIM4_IRQHandler   stm32h7xx_it.o
    0x0800a49c   0x0800a49c   0x00000010   Code   RO          608    i.TIM8_UP_TIM13_IRQHandler  stm32h7xx_it.o
    0x0800a4ac   0x0800a4ac   0x000000e8   Code   RO          876    i.TIM_Base_SetConfig  stm32h7xx_hal_tim.o
    0x0800a594   0x0800a594   0x00000022   Code   RO          877    i.TIM_CCxChannelCmd  stm32h7xx_hal_tim.o
    0x0800a5b6   0x0800a5b6   0x00000016   Code   RO          887    i.TIM_ETR_SetConfig  stm32h7xx_hal_tim.o
    0x0800a5cc   0x0800a5cc   0x00000018   Code   RO          888    i.TIM_ITRx_SetConfig  stm32h7xx_hal_tim.o
    0x0800a5e4   0x0800a5e4   0x000000ac   Code   RO          889    i.TIM_OC1_SetConfig  stm32h7xx_hal_tim.o
    0x0800a690   0x0800a690   0x000000b4   Code   RO          890    i.TIM_OC2_SetConfig  stm32h7xx_hal_tim.o
    0x0800a744   0x0800a744   0x000000b4   Code   RO          891    i.TIM_OC3_SetConfig  stm32h7xx_hal_tim.o
    0x0800a7f8   0x0800a7f8   0x00000074   Code   RO          892    i.TIM_OC4_SetConfig  stm32h7xx_hal_tim.o
    0x0800a86c   0x0800a86c   0x00000070   Code   RO          893    i.TIM_OC5_SetConfig  stm32h7xx_hal_tim.o
    0x0800a8dc   0x0800a8dc   0x00000070   Code   RO          894    i.TIM_OC6_SetConfig  stm32h7xx_hal_tim.o
    0x0800a94c   0x0800a94c   0x00000026   Code   RO          896    i.TIM_TI1_ConfigInputStage  stm32h7xx_hal_tim.o
    0x0800a972   0x0800a972   0x00000028   Code   RO          898    i.TIM_TI2_ConfigInputStage  stm32h7xx_hal_tim.o
    0x0800a99a   0x0800a99a   0x00000002   PAD
    0x0800a99c   0x0800a99c   0x00000010   Code   RO          609    i.UART5_IRQHandler  stm32h7xx_it.o
    0x0800a9ac   0x0800a9ac   0x00000010   Code   RO          610    i.UART7_IRQHandler  stm32h7xx_it.o
    0x0800a9bc   0x0800a9bc   0x00000058   Code   RO         6007    i.UARTEx_SetNbDataToProcess  stm32h7xx_hal_uart_ex.o
    0x0800aa14   0x0800aa14   0x000000f8   Code   RO         5611    i.UART_AdvFeatureConfig  stm32h7xx_hal_uart.o
    0x0800ab0c   0x0800ab0c   0x000000ea   Code   RO         5612    i.UART_CheckIdleState  stm32h7xx_hal_uart.o
    0x0800abf6   0x0800abf6   0x00000014   Code   RO         5613    i.UART_DMAAbortOnError  stm32h7xx_hal_uart.o
    0x0800ac0a   0x0800ac0a   0x00000002   PAD
    0x0800ac0c   0x0800ac0c   0x0000006c   Code   RO         5623    i.UART_EndRxTransfer  stm32h7xx_hal_uart.o
    0x0800ac78   0x0800ac78   0x00000030   Code   RO         5624    i.UART_EndTransmit_IT  stm32h7xx_hal_uart.o
    0x0800aca8   0x0800aca8   0x00000628   Code   RO         5630    i.UART_SetConfig    stm32h7xx_hal_uart.o
    0x0800b2d0   0x0800b2d0   0x000000ac   Code   RO         5637    i.UART_WaitOnFlagUntilTimeout  stm32h7xx_hal_uart.o
    0x0800b37c   0x0800b37c   0x00000048   Code   RO         8017    i.USART_RxDMA_MultiBufferStart  bsp_uart.o
    0x0800b3c4   0x0800b3c4   0x000000c4   Code   RO         9573    i.USBD_CDC_DataIn   usbd_cdc.o
    0x0800b488   0x0800b488   0x00000048   Code   RO         9574    i.USBD_CDC_DataOut  usbd_cdc.o
    0x0800b4d0   0x0800b4d0   0x000000d4   Code   RO         9575    i.USBD_CDC_DeInit   usbd_cdc.o
    0x0800b5a4   0x0800b5a4   0x00000050   Code   RO         9576    i.USBD_CDC_EP0_RxReady  usbd_cdc.o
    0x0800b5f4   0x0800b5f4   0x00000010   Code   RO         9577    i.USBD_CDC_GetDeviceQualifierDescriptor  usbd_cdc.o
    0x0800b604   0x0800b604   0x00000044   Code   RO         9578    i.USBD_CDC_GetFSCfgDesc  usbd_cdc.o
    0x0800b648   0x0800b648   0x00000048   Code   RO         9579    i.USBD_CDC_GetHSCfgDesc  usbd_cdc.o
    0x0800b690   0x0800b690   0x00000044   Code   RO         9580    i.USBD_CDC_GetOtherSpeedCfgDesc  usbd_cdc.o
    0x0800b6d4   0x0800b6d4   0x000001a0   Code   RO         9581    i.USBD_CDC_Init     usbd_cdc.o
    0x0800b874   0x0800b874   0x00000050   Code   RO         9582    i.USBD_CDC_ReceivePacket  usbd_cdc.o
    0x0800b8c4   0x0800b8c4   0x00000018   Code   RO         9583    i.USBD_CDC_RegisterInterface  usbd_cdc.o
    0x0800b8dc   0x0800b8dc   0x0000001e   Code   RO         9584    i.USBD_CDC_SetRxBuffer  usbd_cdc.o
    0x0800b8fa   0x0800b8fa   0x00000024   Code   RO         9585    i.USBD_CDC_SetTxBuffer  usbd_cdc.o
    0x0800b91e   0x0800b91e   0x00000140   Code   RO         9586    i.USBD_CDC_Setup    usbd_cdc.o
    0x0800ba5e   0x0800ba5e   0x0000001c   Code   RO         9236    i.USBD_ClrClassConfig  usbd_core.o
    0x0800ba7a   0x0800ba7a   0x0000003e   Code   RO         9403    i.USBD_ClrFeature   usbd_ctlreq.o
    0x0800bab8   0x0800bab8   0x00000006   Code   RO         9237    i.USBD_CoreFindEP   usbd_core.o
    0x0800babe   0x0800babe   0x00000006   Code   RO         9238    i.USBD_CoreFindIF   usbd_core.o
    0x0800bac4   0x0800bac4   0x00000018   Code   RO         9509    i.USBD_CtlContinueRx  usbd_ioreq.o
    0x0800badc   0x0800badc   0x00000018   Code   RO         9510    i.USBD_CtlContinueSendData  usbd_ioreq.o
    0x0800baf4   0x0800baf4   0x00000018   Code   RO         9404    i.USBD_CtlError     usbd_ctlreq.o
    0x0800bb0c   0x0800bb0c   0x00000028   Code   RO         9511    i.USBD_CtlPrepareRx  usbd_ioreq.o
    0x0800bb34   0x0800bb34   0x0000001a   Code   RO         9512    i.USBD_CtlReceiveStatus  usbd_ioreq.o
    0x0800bb4e   0x0800bb4e   0x00000022   Code   RO         9513    i.USBD_CtlSendData  usbd_ioreq.o
    0x0800bb70   0x0800bb70   0x0000001a   Code   RO         9514    i.USBD_CtlSendStatus  usbd_ioreq.o
    0x0800bb8a   0x0800bb8a   0x00000056   Code   RO         9405    i.USBD_GetConfig    usbd_ctlreq.o
    0x0800bbe0   0x0800bbe0   0x00000232   Code   RO         9406    i.USBD_GetDescriptor  usbd_ctlreq.o
    0x0800be12   0x0800be12   0x00000050   Code   RO         9240    i.USBD_GetEpDesc    usbd_core.o
    0x0800be62   0x0800be62   0x00000016   Code   RO         9407    i.USBD_GetLen       usbd_ctlreq.o
    0x0800be78   0x0800be78   0x00000014   Code   RO         9241    i.USBD_GetNextDesc  usbd_core.o
    0x0800be8c   0x0800be8c   0x0000005a   Code   RO         9408    i.USBD_GetStatus    usbd_ctlreq.o
    0x0800bee6   0x0800bee6   0x00000068   Code   RO         9409    i.USBD_GetString    usbd_ctlreq.o
    0x0800bf4e   0x0800bf4e   0x0000002c   Code   RO         9038    i.USBD_Get_USB_Status  usbd_conf.o
    0x0800bf7a   0x0800bf7a   0x00000002   PAD
    0x0800bf7c   0x0800bf7c   0x00000034   Code   RO         8870    i.USBD_HS_ConfigStrDescriptor  usbd_desc.o
    0x0800bfb0   0x0800bfb0   0x00000010   Code   RO         8871    i.USBD_HS_DeviceDescriptor  usbd_desc.o
    0x0800bfc0   0x0800bfc0   0x00000038   Code   RO         8872    i.USBD_HS_InterfaceStrDescriptor  usbd_desc.o
    0x0800bff8   0x0800bff8   0x00000010   Code   RO         8873    i.USBD_HS_LangIDStrDescriptor  usbd_desc.o
    0x0800c008   0x0800c008   0x0000002c   Code   RO         8874    i.USBD_HS_ManufacturerStrDescriptor  usbd_desc.o
    0x0800c034   0x0800c034   0x00000040   Code   RO         8875    i.USBD_HS_ProductStrDescriptor  usbd_desc.o
    0x0800c074   0x0800c074   0x00000018   Code   RO         8876    i.USBD_HS_SerialStrDescriptor  usbd_desc.o
    0x0800c08c   0x0800c08c   0x0000003a   Code   RO         9242    i.USBD_Init         usbd_core.o
    0x0800c0c6   0x0800c0c6   0x00000026   Code   RO         9039    i.USBD_LL_ClearStallEP  usbd_conf.o
    0x0800c0ec   0x0800c0ec   0x00000026   Code   RO         9040    i.USBD_LL_CloseEP   usbd_conf.o
    0x0800c112   0x0800c112   0x00000108   Code   RO         9243    i.USBD_LL_DataInStage  usbd_core.o
    0x0800c21a   0x0800c21a   0x00000102   Code   RO         9244    i.USBD_LL_DataOutStage  usbd_core.o
    0x0800c31c   0x0800c31c   0x00000006   Code   RO         9245    i.USBD_LL_DevConnected  usbd_core.o
    0x0800c322   0x0800c322   0x00000026   Code   RO         9246    i.USBD_LL_DevDisconnected  usbd_core.o
    0x0800c348   0x0800c348   0x00000012   Code   RO         9044    i.USBD_LL_GetRxDataSize  usbd_conf.o
    0x0800c35a   0x0800c35a   0x00000002   PAD
    0x0800c35c   0x0800c35c   0x00000070   Code   RO         9045    i.USBD_LL_Init      usbd_conf.o
    0x0800c3cc   0x0800c3cc   0x00000038   Code   RO         9046    i.USBD_LL_IsStallEP  usbd_conf.o
    0x0800c404   0x0800c404   0x00000048   Code   RO         9247    i.USBD_LL_IsoINIncomplete  usbd_core.o
    0x0800c44c   0x0800c44c   0x00000048   Code   RO         9248    i.USBD_LL_IsoOUTIncomplete  usbd_core.o
    0x0800c494   0x0800c494   0x00000030   Code   RO         9047    i.USBD_LL_OpenEP    usbd_conf.o
    0x0800c4c4   0x0800c4c4   0x00000030   Code   RO         9048    i.USBD_LL_PrepareReceive  usbd_conf.o
    0x0800c4f4   0x0800c4f4   0x0000006c   Code   RO         9249    i.USBD_LL_Reset     usbd_core.o
    0x0800c560   0x0800c560   0x00000016   Code   RO         9250    i.USBD_LL_Resume    usbd_core.o
    0x0800c576   0x0800c576   0x00000028   Code   RO         9251    i.USBD_LL_SOF       usbd_core.o
    0x0800c59e   0x0800c59e   0x00000008   Code   RO         9252    i.USBD_LL_SetSpeed  usbd_core.o
    0x0800c5a6   0x0800c5a6   0x00000026   Code   RO         9049    i.USBD_LL_SetUSBAddress  usbd_conf.o
    0x0800c5cc   0x0800c5cc   0x00000076   Code   RO         9253    i.USBD_LL_SetupStage  usbd_core.o
    0x0800c642   0x0800c642   0x00000026   Code   RO         9050    i.USBD_LL_StallEP   usbd_conf.o
    0x0800c668   0x0800c668   0x0000001e   Code   RO         9051    i.USBD_LL_Start     usbd_conf.o
    0x0800c686   0x0800c686   0x0000001c   Code   RO         9254    i.USBD_LL_Suspend   usbd_core.o
    0x0800c6a2   0x0800c6a2   0x00000030   Code   RO         9053    i.USBD_LL_Transmit  usbd_conf.o
    0x0800c6d2   0x0800c6d2   0x00000036   Code   RO         9410    i.USBD_ParseSetupRequest  usbd_ctlreq.o
    0x0800c708   0x0800c708   0x00000048   Code   RO         9255    i.USBD_RegisterClass  usbd_core.o
    0x0800c750   0x0800c750   0x00000006   Code   RO         9256    i.USBD_RunTestMode  usbd_core.o
    0x0800c756   0x0800c756   0x0000005a   Code   RO         9411    i.USBD_SetAddress   usbd_ctlreq.o
    0x0800c7b0   0x0800c7b0   0x00000020   Code   RO         9257    i.USBD_SetClassConfig  usbd_core.o
    0x0800c7d0   0x0800c7d0   0x00000104   Code   RO         9412    i.USBD_SetConfig    usbd_ctlreq.o
    0x0800c8d4   0x0800c8d4   0x00000038   Code   RO         9413    i.USBD_SetFeature   usbd_ctlreq.o
    0x0800c90c   0x0800c90c   0x0000000c   Code   RO         9258    i.USBD_Start        usbd_core.o
    0x0800c918   0x0800c918   0x000000ae   Code   RO         9414    i.USBD_StdDevReq    usbd_ctlreq.o
    0x0800c9c6   0x0800c9c6   0x00000280   Code   RO         9415    i.USBD_StdEPReq     usbd_ctlreq.o
    0x0800cc46   0x0800cc46   0x000000ae   Code   RO         9416    i.USBD_StdItfReq    usbd_ctlreq.o
    0x0800ccf4   0x0800ccf4   0x00000002   Code   RO         9054    i.USBD_static_free  usbd_conf.o
    0x0800ccf6   0x0800ccf6   0x00000002   PAD
    0x0800ccf8   0x0800ccf8   0x0000000c   Code   RO         9055    i.USBD_static_malloc  usbd_conf.o
    0x0800cd04   0x0800cd04   0x000000d0   Code   RO         2121    i.USB_ActivateEndpoint  stm32h7xx_ll_usb.o
    0x0800cdd4   0x0800cdd4   0x00000028   Code   RO         2123    i.USB_ActivateSetup  stm32h7xx_ll_usb.o
    0x0800cdfc   0x0800cdfc   0x000000a0   Code   RO         2125    i.USB_CoreInit      stm32h7xx_ll_usb.o
    0x0800ce9c   0x0800ce9c   0x00000054   Code   RO         2126    i.USB_CoreReset     stm32h7xx_ll_usb.o
    0x0800cef0   0x0800cef0   0x0000014c   Code   RO         2129    i.USB_DeactivateEndpoint  stm32h7xx_ll_usb.o
    0x0800d03c   0x0800d03c   0x00000024   Code   RO         2130    i.USB_DevConnect    stm32h7xx_ll_usb.o
    0x0800d060   0x0800d060   0x00000024   Code   RO         2131    i.USB_DevDisconnect  stm32h7xx_ll_usb.o
    0x0800d084   0x0800d084   0x000001e0   Code   RO         2132    i.USB_DevInit       stm32h7xx_ll_usb.o
    0x0800d264   0x0800d264   0x0000000e   Code   RO         2133    i.USB_DisableGlobalInt  stm32h7xx_ll_usb.o
    0x0800d272   0x0800d272   0x00000002   PAD
    0x0800d274   0x0800d274   0x00000070   Code   RO         2136    i.USB_EP0_OutStart  stm32h7xx_ll_usb.o
    0x0800d2e4   0x0800d2e4   0x0000008e   Code   RO         2137    i.USB_EPClearStall  stm32h7xx_ll_usb.o
    0x0800d372   0x0800d372   0x0000009a   Code   RO         2138    i.USB_EPSetStall    stm32h7xx_ll_usb.o
    0x0800d40c   0x0800d40c   0x000003c0   Code   RO         2139    i.USB_EPStartXfer   stm32h7xx_ll_usb.o
    0x0800d7cc   0x0800d7cc   0x000000ec   Code   RO         2140    i.USB_EPStopXfer    stm32h7xx_ll_usb.o
    0x0800d8b8   0x0800d8b8   0x0000000e   Code   RO         2141    i.USB_EnableGlobalInt  stm32h7xx_ll_usb.o
    0x0800d8c6   0x0800d8c6   0x00000050   Code   RO         2142    i.USB_FlushRxFifo   stm32h7xx_ll_usb.o
    0x0800d916   0x0800d916   0x00000054   Code   RO         2143    i.USB_FlushTxFifo   stm32h7xx_ll_usb.o
    0x0800d96a   0x0800d96a   0x00000026   Code   RO         2145    i.USB_GetDevSpeed   stm32h7xx_ll_usb.o
    0x0800d990   0x0800d990   0x0000000a   Code   RO         2147    i.USB_GetMode       stm32h7xx_ll_usb.o
    0x0800d99a   0x0800d99a   0x00000014   Code   RO         2155    i.USB_ReadDevAllInEpInterrupt  stm32h7xx_ll_usb.o
    0x0800d9ae   0x0800d9ae   0x00000014   Code   RO         2156    i.USB_ReadDevAllOutEpInterrupt  stm32h7xx_ll_usb.o
    0x0800d9c2   0x0800d9c2   0x00000032   Code   RO         2157    i.USB_ReadDevInEPInterrupt  stm32h7xx_ll_usb.o
    0x0800d9f4   0x0800d9f4   0x0000001a   Code   RO         2158    i.USB_ReadDevOutEPInterrupt  stm32h7xx_ll_usb.o
    0x0800da0e   0x0800da0e   0x0000000a   Code   RO         2159    i.USB_ReadInterrupts  stm32h7xx_ll_usb.o
    0x0800da18   0x0800da18   0x00000060   Code   RO         2160    i.USB_ReadPacket    stm32h7xx_ll_usb.o
    0x0800da78   0x0800da78   0x00000068   Code   RO         2162    i.USB_SetCurrentMode  stm32h7xx_ll_usb.o
    0x0800dae0   0x0800dae0   0x0000002a   Code   RO         2163    i.USB_SetDevAddress  stm32h7xx_ll_usb.o
    0x0800db0a   0x0800db0a   0x00000012   Code   RO         2164    i.USB_SetDevSpeed   stm32h7xx_ll_usb.o
    0x0800db1c   0x0800db1c   0x000000e8   Code   RO         2165    i.USB_SetTurnaroundTime  stm32h7xx_ll_usb.o
    0x0800dc04   0x0800dc04   0x00000044   Code   RO         2168    i.USB_WritePacket   stm32h7xx_ll_usb.o
    0x0800dc48   0x0800dc48   0x00000004   Code   RO          611    i.UsageFault_Handler  stm32h7xx_it.o
    0x0800dc4c   0x0800dc4c   0x00000002   Code   RO         8746    i.Weapon_Init       register.o
    0x0800dc4e   0x0800dc4e   0x00000002   PAD
    0x0800dc50   0x0800dc50   0x00000010   Code   RO         3867    i.__NVIC_GetPriorityGrouping  stm32h7xx_hal_cortex.o
    0x0800dc60   0x0800dc60   0x00000028   Code   RO         3868    i.__NVIC_SetPriority  stm32h7xx_hal_cortex.o
    0x0800dc88   0x0800dc88   0x00000006   Code   RO         7305    i.__get_IPSR        cmsis_os2.o
    0x0800dc8e   0x0800dc8e   0x00000002   PAD
    0x0800dc90   0x0800dc90   0x000000fc   Code   RO         9679    i.__hardfp_fmod     m_wv.l(fmod.o)
    0x0800dd8c   0x0800dd8c   0x00000004   PAD
    0x0800dd90   0x0800dd90   0x00000018   Code   RO         9722    i.__mathlib_dbl_invalid  m_wv.l(dunder.o)
    0x0800dda8   0x0800dda8   0x0000000e   Code   RO         9788    i.__scatterload_copy  mc_w.l(handlers.o)
    0x0800ddb6   0x0800ddb6   0x00000002   Code   RO         9789    i.__scatterload_null  mc_w.l(handlers.o)
    0x0800ddb8   0x0800ddb8   0x0000000e   Code   RO         9790    i.__scatterload_zeroinit  mc_w.l(handlers.o)
    0x0800ddc6   0x0800ddc6   0x00000002   PAD
    0x0800ddc8   0x0800ddc8   0x0000000c   Code   RO         9764    i.__set_errno       mc_w.l(errno.o)
    0x0800ddd4   0x0800ddd4   0x0000006c   Code   RO         8410    i.clamp_use         weapon.o
    0x0800de40   0x0800de40   0x000000cc   Code   RO         8604    i.data_convert      remote_control.o
    0x0800df0c   0x0800df0c   0x0000022c   Code   RO         8797    i.f_PID_Calculate   pid.o
    0x0800e138   0x0800e138   0x0000000a   Code   RO         8345    i.fabsf             lift.o
    0x0800e142   0x0800e142   0x00000002   PAD
    0x0800e144   0x0800e144   0x0000017c   Code   RO         8346    i.flexible_motor_state_machine_step  lift.o
    0x0800e2c0   0x0800e2c0   0x0000003c   Code   RO         8347    i.flexible_motor_update_command  lift.o
    0x0800e2fc   0x0800e2fc   0x00000034   Code   RO         8145    i.float_to_uint     dm_motor.o
    0x0800e330   0x0800e330   0x000000a0   Code   RO         8303    i.kfs_three_kfs_spin_main_lift_pos_init  kfs.o
    0x0800e3d0   0x0800e3d0   0x00000068   Code   RO         8348    i.lift_init         lift.o
    0x0800e438   0x0800e438   0x0000008c   Code   RO           17    i.main              main.o
    0x0800e4c4   0x0800e4c4   0x000001b0   Code   RO         8242    i.manual_chassis_function  chassis.o
    0x0800e674   0x0800e674   0x00000294   Code   RO         8304    i.manual_kfs_function  kfs.o
    0x0800e908   0x0800e908   0x00000304   Code   RO         8349    i.manual_lift_function  lift.o
    0x0800ec0c   0x0800ec0c   0x00000058   Code   RO         8411    i.manual_weapon_function  weapon.o
    0x0800ec64   0x0800ec64   0x0000001e   Code   RO         7306    i.osDelay           cmsis_os2.o
    0x0800ec82   0x0800ec82   0x00000046   Code   RO         7316    i.osKernelGetSysTimerCount  cmsis_os2.o
    0x0800ecc8   0x0800ecc8   0x0000002c   Code   RO         7320    i.osKernelInitialize  cmsis_os2.o
    0x0800ecf4   0x0800ecf4   0x00000060   Code   RO         7323    i.osKernelStart     cmsis_os2.o
    0x0800ed54   0x0800ed54   0x000000b8   Code   RO         7365    i.osThreadNew       cmsis_os2.o
    0x0800ee0c   0x0800ee0c   0x0000007c   Code   RO         6740    i.prvAddCurrentTaskToDelayedList  tasks.o
    0x0800ee88   0x0800ee88   0x000000b8   Code   RO         6741    i.prvAddNewTaskToReadyList  tasks.o
    0x0800ef40   0x0800ef40   0x00000074   Code   RO         7116    i.prvCheckForValidListAndQueue  timers.o
    0x0800efb4   0x0800efb4   0x00000048   Code   RO         6742    i.prvCheckTasksWaitingTermination  tasks.o
    0x0800effc   0x0800effc   0x0000002a   Code   RO         6327    i.prvCopyDataFromQueue  queue.o
    0x0800f026   0x0800f026   0x0000007e   Code   RO         6328    i.prvCopyDataToQueue  queue.o
    0x0800f0a4   0x0800f0a4   0x00000050   Code   RO         6743    i.prvDeleteTCB      tasks.o
    0x0800f0f4   0x0800f0f4   0x00000028   Code   RO         7117    i.prvGetNextExpireTime  timers.o
    0x0800f11c   0x0800f11c   0x0000007c   Code   RO         7833    i.prvHeapInit       heap_4.o
    0x0800f198   0x0800f198   0x00000028   Code   RO         6744    i.prvIdleTask       tasks.o
    0x0800f1c0   0x0800f1c0   0x0000002a   Code   RO         6331    i.prvInitialiseNewQueue  queue.o
    0x0800f1ea   0x0800f1ea   0x000000be   Code   RO         6745    i.prvInitialiseNewTask  tasks.o
    0x0800f2a8   0x0800f2a8   0x00000068   Code   RO         6746    i.prvInitialiseTaskLists  tasks.o
    0x0800f310   0x0800f310   0x00000068   Code   RO         7834    i.prvInsertBlockIntoFreeList  heap_4.o
    0x0800f378   0x0800f378   0x00000058   Code   RO         7119    i.prvInsertTimerInActiveList  timers.o
    0x0800f3d0   0x0800f3d0   0x0000001a   Code   RO         6332    i.prvIsQueueEmpty   queue.o
    0x0800f3ea   0x0800f3ea   0x0000001e   Code   RO         6333    i.prvIsQueueFull    queue.o
    0x0800f408   0x0800f408   0x00000074   Code   RO         7120    i.prvProcessExpiredTimer  timers.o
    0x0800f47c   0x0800f47c   0x00000164   Code   RO         7121    i.prvProcessReceivedCommands  timers.o
    0x0800f5e0   0x0800f5e0   0x00000074   Code   RO         7122    i.prvProcessTimerOrBlockTask  timers.o
    0x0800f654   0x0800f654   0x00000034   Code   RO         6748    i.prvResetNextTaskUnblockTime  tasks.o
    0x0800f688   0x0800f688   0x0000002c   Code   RO         7123    i.prvSampleTimeNow  timers.o
    0x0800f6b4   0x0800f6b4   0x000000a4   Code   RO         7124    i.prvSwitchTimerLists  timers.o
    0x0800f758   0x0800f758   0x00000040   Code   RO         7889    i.prvTaskExitError  port.o
    0x0800f798   0x0800f798   0x0000001a   Code   RO         7125    i.prvTimerTask      timers.o
    0x0800f7b2   0x0800f7b2   0x0000007e   Code   RO         6334    i.prvUnlockQueue    queue.o
    0x0800f830   0x0800f830   0x00000084   Code   RO         8412    i.pump1_two_suckers_linkage  weapon.o
    0x0800f8b4   0x0800f8b4   0x00000088   Code   RO         8414    i.pump2_two_suckers_linkage  weapon.o
    0x0800f93c   0x0800f93c   0x0000014c   Code   RO         7835    i.pvPortMalloc      heap_4.o
    0x0800fa88   0x0800fa88   0x0000002c   Code   RO         7890    i.pxPortInitialiseStack  port.o
    0x0800fab4   0x0800fab4   0x0000001c   Code   RO         8559    i.rc_bit_minmax_decode  motion_task.o
    0x0800fad0   0x0800fad0   0x00000068   Code   RO         8416    i.servo_use         weapon.o
    0x0800fb38   0x0800fb38   0x00000058   Code   RO         8417    i.sucker1_use       weapon.o
    0x0800fb90   0x0800fb90   0x00000058   Code   RO         8418    i.sucker2_use       weapon.o
    0x0800fbe8   0x0800fbe8   0x00000058   Code   RO         8419    i.sucker3_use       weapon.o
    0x0800fc40   0x0800fc40   0x00000058   Code   RO         8420    i.sucker4_use       weapon.o
    0x0800fc98   0x0800fc98   0x00000034   Code   RO         8146    i.uint_to_float     dm_motor.o
    0x0800fccc   0x0800fccc   0x00000028   Code   RO         6287    i.uxListRemove      list.o
    0x0800fcf4   0x0800fcf4   0x00000018   Code   RO         7377    i.vApplicationGetIdleTaskMemory  cmsis_os2.o
    0x0800fd0c   0x0800fd0c   0x00000018   Code   RO         7378    i.vApplicationGetTimerTaskMemory  cmsis_os2.o
    0x0800fd24   0x0800fd24   0x0000001a   Code   RO         6288    i.vListInitialise   list.o
    0x0800fd3e   0x0800fd3e   0x00000006   Code   RO         6289    i.vListInitialiseItem  list.o
    0x0800fd44   0x0800fd44   0x00000034   Code   RO         6290    i.vListInsert       list.o
    0x0800fd78   0x0800fd78   0x00000018   Code   RO         6291    i.vListInsertEnd    list.o
    0x0800fd90   0x0800fd90   0x00000054   Code   RO         7892    i.vPortEnterCritical  port.o
    0x0800fde4   0x0800fde4   0x0000003c   Code   RO         7893    i.vPortExitCritical  port.o
    0x0800fe20   0x0800fe20   0x000000a4   Code   RO         7836    i.vPortFree         heap_4.o
    0x0800fec4   0x0800fec4   0x00000028   Code   RO         7894    i.vPortSetupTimerInterrupt  port.o
    0x0800feec   0x0800feec   0x00000078   Code   RO         7895    i.vPortValidateInterruptPriority  port.o
    0x0800ff64   0x0800ff64   0x0000002c   Code   RO         6340    i.vQueueAddToRegistry  queue.o
    0x0800ff90   0x0800ff90   0x0000004a   Code   RO         6344    i.vQueueWaitForMessageRestricted  queue.o
    0x0800ffda   0x0800ffda   0x00000002   PAD
    0x0800ffdc   0x0800ffdc   0x0000005c   Code   RO         6761    i.vTaskDelay        tasks.o
    0x08010038   0x08010038   0x00000018   Code   RO         6766    i.vTaskInternalSetTimeOutState  tasks.o
    0x08010050   0x08010050   0x0000000c   Code   RO         6767    i.vTaskMissedYield  tasks.o
    0x0801005c   0x0801005c   0x00000038   Code   RO         6769    i.vTaskPlaceOnEventList  tasks.o
    0x08010094   0x08010094   0x00000040   Code   RO         6770    i.vTaskPlaceOnEventListRestricted  tasks.o
    0x080100d4   0x080100d4   0x000000b8   Code   RO         6778    i.vTaskStartScheduler  tasks.o
    0x0801018c   0x0801018c   0x00000010   Code   RO         6780    i.vTaskSuspendAll   tasks.o
    0x0801019c   0x0801019c   0x00000090   Code   RO         6781    i.vTaskSwitchContext  tasks.o
    0x0801022c   0x0801022c   0x00000038   Code   RO         8421    i.weapon_init       weapon.o
    0x08010264   0x08010264   0x00000168   Code   RO         7896    i.xPortStartScheduler  port.o
    0x080103cc   0x080103cc   0x00000034   Code   RO         7897    i.xPortSysTickHandler  port.o
    0x08010400   0x08010400   0x000000e0   Code   RO         6350    i.xQueueGenericCreateStatic  queue.o
    0x080104e0   0x080104e0   0x00000098   Code   RO         6351    i.xQueueGenericReset  queue.o
    0x08010578   0x08010578   0x000001a8   Code   RO         6352    i.xQueueGenericSend  queue.o
    0x08010720   0x08010720   0x000000fc   Code   RO         6353    i.xQueueGenericSendFromISR  queue.o
    0x0801081c   0x0801081c   0x00000168   Code   RO         6362    i.xQueueReceive     queue.o
    0x08010984   0x08010984   0x0000008c   Code   RO         6783    i.xTaskCheckForTimeOut  tasks.o
    0x08010a10   0x08010a10   0x00000064   Code   RO         6784    i.xTaskCreate       tasks.o
    0x08010a74   0x08010a74   0x000000ba   Code   RO         6785    i.xTaskCreateStatic  tasks.o
    0x08010b2e   0x08010b2e   0x00000002   PAD
    0x08010b30   0x08010b30   0x00000020   Code   RO         6789    i.xTaskGetSchedulerState  tasks.o
    0x08010b50   0x08010b50   0x0000000c   Code   RO         6790    i.xTaskGetTickCount  tasks.o
    0x08010b5c   0x08010b5c   0x00000144   Code   RO         6792    i.xTaskIncrementTick  tasks.o
    0x08010ca0   0x08010ca0   0x000000a4   Code   RO         6795    i.xTaskPriorityDisinherit  tasks.o
    0x08010d44   0x08010d44   0x00000098   Code   RO         6797    i.xTaskRemoveFromEventList  tasks.o
    0x08010ddc   0x08010ddc   0x00000104   Code   RO         6798    i.xTaskResumeAll    tasks.o
    0x08010ee0   0x08010ee0   0x00000078   Code   RO         7134    i.xTimerCreateTimerTask  timers.o
    0x08010f58   0x08010f58   0x00000084   Code   RO         7135    i.xTimerGenericCommand  timers.o
    0x08010fdc   0x08010fdc   0x0000006c   Data   RO          352    .constdata          freertos.o
    0x08011048   0x08011048   0x00000008   Data   RO         3168    .constdata          stm32h7xx_hal_dma.o
    0x08011050   0x08011050   0x0000005c   Data   RO         5050    .constdata          stm32h7xx_hal_fdcan.o
    0x080110ac   0x080110ac   0x00000018   Data   RO         5638    .constdata          stm32h7xx_hal_uart.o
    0x080110c4   0x080110c4   0x00000010   Data   RO         6009    .constdata          stm32h7xx_hal_uart_ex.o
    0x080110d4   0x080110d4   0x00000010   Data   RO         6119    .constdata          system_stm32h7xx.o
    0x080110e4   0x080110e4   0x00000020   Data   RO          353    .conststring        freertos.o
    0x08011104   0x08011104   0x00000020   Data   RO         9786    Region$$Table       anon$$obj.o


    Execution Region RW_IRAM1 (Exec base: 0x20000000, Load base: 0x08011124, Size: 0x00000000, Max: 0x00020000, ABSOLUTE)

    **** No section assigned to this execution region ****


    Execution Region RW_IRAM2 (Exec base: 0x24000000, Load base: 0x08011124, Size: 0x00008770, Max: 0x00050000, ABSOLUTE, COMPRESSED[0x00000120])

    Exec Addr    Load Addr    Size         Type   Attr      Idx    E Section Name        Object

    0x24000000   COMPRESSED   0x0000000c   Data   RW          354    .data               freertos.o
    0x2400000c   COMPRESSED   0x00000004   Data   RW          433    .data               fdcan.o
    0x24000010   COMPRESSED   0x00000009   Data   RW         4058    .data               stm32h7xx_hal.o
    0x24000019   COMPRESSED   0x00000003   PAD
    0x2400001c   COMPRESSED   0x00000008   Data   RW         6120    .data               system_stm32h7xx.o
    0x24000024   COMPRESSED   0x0000003c   Data   RW         6801    .data               tasks.o
    0x24000060   COMPRESSED   0x00000014   Data   RW         7143    .data               timers.o
    0x24000074   COMPRESSED   0x00000004   Data   RW         7380    .data               cmsis_os2.o
    0x24000078   COMPRESSED   0x00000020   Data   RW         7842    .data               heap_4.o
    0x24000098   COMPRESSED   0x0000000c   Data   RW         7898    .data               port.o
    0x240000a4   COMPRESSED   0x00000010   Data   RW         8094    .data               dji_motor.o
    0x240000b4   COMPRESSED   0x0000000c   Data   RW         8147    .data               dm_motor.o
    0x240000c0   COMPRESSED   0x00000094   Data   RW         8244    .data               chassis.o
    0x24000154   COMPRESSED   0x0000004a   Data   RW         8306    .data               kfs.o
    0x2400019e   COMPRESSED   0x00000002   PAD
    0x240001a0   COMPRESSED   0x00000048   Data   RW         8351    .data               lift.o
    0x240001e8   COMPRESSED   0x00000009   Data   RW         8423    .data               weapon.o
    0x240001f1   COMPRESSED   0x00000003   Data   RW         8560    .data               motion_task.o
    0x240001f4   COMPRESSED   0x00000022   Data   RW         8606    .data               remote_control.o
    0x24000216   COMPRESSED   0x00000002   PAD
    0x24000218   COMPRESSED   0x0000005e   Data   RW         8879    .data               usbd_desc.o
    0x24000276   COMPRESSED   0x00000002   PAD
    0x24000278   COMPRESSED   0x00000014   Data   RW         8971    .data               usbd_cdc_if.o
    0x2400028c   COMPRESSED   0x00000001   Data   RW         9417    .data               usbd_ctlreq.o
    0x2400028d   COMPRESSED   0x00000003   PAD
    0x24000290   COMPRESSED   0x0000008a   Data   RW         9588    .data               usbd_cdc.o
    0x2400031a   COMPRESSED   0x00000002   PAD
    0x2400031c   COMPRESSED   0x00000004   Data   RW         9765    .data               mc_w.l(errno.o)
    0x24000320        -       0x000001e0   Zero   RW          432    .bss                fdcan.o
    0x24000500        -       0x00000098   Zero   RW          489    .bss                tim.o
    0x24000598        -       0x00000218   Zero   RW          552    .bss                usart.o
    0x240007b0        -       0x0000004c   Zero   RW          745    .bss                stm32h7xx_hal_timebase_tim.o
    0x240007fc        -       0x00000040   Zero   RW         6366    .bss                queue.o
    0x2400083c        -       0x000004c4   Zero   RW         6800    .bss                tasks.o
    0x24000d00        -       0x00000118   Zero   RW         7142    .bss                timers.o
    0x24000e18        -       0x000006b8   Zero   RW         7379    .bss                cmsis_os2.o
    0x240014d0        -       0x00003c00   Zero   RW         7841    .bss                heap_4.o
    0x240050d0        -       0x00000a20   Zero   RW         8243    .bss                chassis.o
    0x24005af0        -       0x000006a0   Zero   RW         8305    .bss                kfs.o
    0x24006190        -       0x00000598   Zero   RW         8350    .bss                lift.o
    0x24006728        -       0x00000064   Zero   RW         8605    .bss                remote_control.o
    0x2400678c        -       0x000002dc   Zero   RW         8834    .bss                usb_device.o
    0x24006a68        -       0x00000200   Zero   RW         8878    .bss                usbd_desc.o
    0x24006c68        -       0x00001000   Zero   RW         8970    .bss                usbd_cdc_if.o
    0x24007c68        -       0x00000704   Zero   RW         9056    .bss                usbd_conf.o
    0x2400836c   COMPRESSED   0x00000004   PAD
    0x24008370        -       0x00000400   Zero   RW            1    STACK               startup_stm32h723xx.o


==============================================================================

Image component sizes


      Code (inc. data)   RO Data    RW Data    ZI Data      Debug   Object Name

       660         84          0          0          0       2167   bsp_can.o
      1584         50          0          0          0       2738   bsp_uart.o
       204         36          0          0          0        739   can_task.o
       876         86          0        148       2592       5206   chassis.o
       534         38          0          4       1720      73542   cmsis_os2.o
       618         24          0         16          0       4537   dji_motor.o
      1696         88          0         12          0       6619   dm_motor.o
        68          4          0          0          0        902   dma.o
         0          0          0          0          0      19436   event_groups.o
       932         56          0          4        480       3577   fdcan.o
        98         38        140         12          0       2089   freertos.o
        38          0          0          0          0       2939   global.o
       304         16          0          0          0       1215   gpio.o
       724         74          0         32      15360       5015   heap_4.o
       820        130          0         74       1696       4493   kfs.o
      1326        170          0         72       1432      11538   lift.o
       148          0          0          0          0       3726   list.o
       440         22          0          0          0    1259396   main.o
       208         12          0          3          0       2090   motion_task.o
       134         20          0          0          0       2167   motor.o
       774         20          0          0          0       8264   pid.o
      1014         92          0         12          0      11865   port.o
      1922         20          0          0         64      17600   queue.o
       794        148          0          0          0       2596   register.o
       494         14          0         34        100       3926   remote_control.o
        44         12        716          0       1024        840   startup_stm32h723xx.o
       172         34          0          9          0      23078   stm32h7xx_hal.o
       458         40          0          0          0      41584   stm32h7xx_hal_cortex.o
      7030        138          8          0          0      11163   stm32h7xx_hal_dma.o
      1036         22          0          0          0       2685   stm32h7xx_hal_dma_ex.o
      3598         54         92          0          0      24147   stm32h7xx_hal_fdcan.o
       508         50          0          0          0       2252   stm32h7xx_hal_gpio.o
        48          6          0          0          0        950   stm32h7xx_hal_msp.o
      3630         16          0          0          0      13984   stm32h7xx_hal_pcd.o
       130          4          0          0          0       3233   stm32h7xx_hal_pcd_ex.o
       116         12          0          0          0       1358   stm32h7xx_hal_pwr_ex.o
      3496        120          0          0          0       7653   stm32h7xx_hal_rcc.o
      5140        112          0          0          0       7385   stm32h7xx_hal_rcc_ex.o
      3350        344          0          0          0      18647   stm32h7xx_hal_tim.o
       234         38          0          0          0       3332   stm32h7xx_hal_tim_ex.o
       148         20          0          0         76       1619   stm32h7xx_hal_timebase_tim.o
      3736        152         24          0          0      30095   stm32h7xx_hal_uart.o
       360         10         16          0          0       5610   stm32h7xx_hal_uart_ex.o
       202         58          0          0          0       7920   stm32h7xx_it.o
      3906         90          0          0          0      23116   stm32h7xx_ll_usb.o
         0          0          0          0          0        392   stream_buffer.o
       230         26          0          0          0       2903   structure.o
       304         38         16          8          0       1917   system_stm32h7xx.o
      2808        346          0         60       1220      27702   tasks.o
       468         36          0          0        152       3743   tim.o
      1318        124          0         20        280      33075   timers.o
       740         62          0          0        536       2879   usart.o
        80         16          0          0        732        792   usb_device.o
      1690         48          0        138          0      13699   usbd_cdc.o
       148         16          0         20       4096       3674   usbd_cdc_if.o
       952         28          0          0       1796      17844   usbd_conf.o
      1354          0          0          0          0      16781   usbd_core.o
      2416         22          0          1          0      18208   usbd_ctlreq.o
       386        122          0         94        512       7129   usbd_desc.o
       174          0          0          0          0       4876   usbd_ioreq.o
       976        168          0          9          0       6038   weapon.o

    ----------------------------------------------------------------------
     67860       3626       1044        796      33872    1850685   Object Totals
         0          0         32          0          0          0   (incl. Generated)
        64          0          0         14          4          0   (incl. Padding)

    ----------------------------------------------------------------------

      Code (inc. data)   RO Data    RW Data    ZI Data      Debug   Library Member Name

        24         14          0          0          0        116   dunder.o
       252          6          0          0          0        144   fmod.o
        86          0          0          0          0          0   __dczerorl2.o
         0          0          0          0          0          0   entry.o
         0          0          0          0          0          0   entry10a.o
         0          0          0          0          0          0   entry11a.o
         8          4          0          0          0          0   entry2.o
         4          0          0          0          0          0   entry5.o
         0          0          0          0          0          0   entry7b.o
         0          0          0          0          0          0   entry8b.o
         8          4          0          0          0          0   entry9a.o
        12          6          0          4          0         68   errno.o
        30          0          0          0          0          0   handlers.o
        36          8          0          0          0         68   init.o
         0          0          0          0          0          0   iusefp.o
        30          0          0          0          0         68   llshl.o
        32          0          0          0          0         68   llushr.o
        36          0          0          0          0         68   memcpya.o
        36          0          0          0          0        108   memseta.o
        98          0          0          0          0         92   uldiv.o
       186          0          0          0          0        176   depilogue.o
       134          0          0          0          0         96   drem.o

    ----------------------------------------------------------------------
      1020         46          0          4          0       1072   Library Totals
         8          4          0          0          0          0   (incl. Padding)

    ----------------------------------------------------------------------

      Code (inc. data)   RO Data    RW Data    ZI Data      Debug   Library Name

       276         20          0          0          0        260   m_wv.l
       416         22          0          4          0        540   mc_w.l
       320          0          0          0          0        272   mf_w.l

    ----------------------------------------------------------------------
      1020         46          0          4          0       1072   Library Totals

    ----------------------------------------------------------------------

==============================================================================


      Code (inc. data)   RO Data    RW Data    ZI Data      Debug   

     68880       3672       1044        800      33872    1808329   Grand Totals
     68880       3672       1044        288      33872    1808329   ELF Image Totals (compressed)
     68880       3672       1044        288          0          0   ROM Totals

==============================================================================

    Total RO  Size (Code + RO Data)                69924 (  68.29kB)
    Total RW  Size (RW Data + ZI Data)             34672 (  33.86kB)
    Total ROM Size (Code + RO Data + RW Data)      70212 (  68.57kB)

==============================================================================

