<html>
<body>
<pre>
<h1>µVision Build Log</h1>
<h2>Tool Versions:</h2>
IDE-Version: ¦ÌVision V5.37.0.0
Copyright (C) 2022 ARM Ltd and ARM Germany GmbH. All rights reserved.
License Information: 1 www, 2, LIC=4ZLZX-HJ479-GQT0H-WIZNU-TK5DU-EUB4R
 
Tool Versions:
Toolchain:       MDK-ARM Professional  Version: 5.37.0.0
Toolchain Path:  E:\Keil5\Core\ARM\ARMCC\Bin
C Compiler:      Armcc.exe V5.06 update 7 (build 960)
Assembler:       Armasm.exe V5.06 update 7 (build 960)
Linker/Locator:  ArmLink.exe V5.06 update 7 (build 960)
Library Manager: ArmAr.exe V5.06 update 7 (build 960)
Hex Converter:   FromElf.exe V5.06 update 7 (build 960)
CPU DLL:         SARMCM3.DLL V5.37.0.0
Dialog DLL:      DCM.DLL V1.17.5.0
Target DLL:      CMSIS_AGDI.dll V1.33.12.0
Dialog DLL:      TCM.DLL V1.56.1.0
 
<h2>Project:</h2>
E:\2026RM\2026R2\R2\RC26_H7_R2\MDK-ARM\RC26_H7_R1.uvprojx
Project File Date:  04/02/2026

<h2>Output:</h2>
*** Using Compiler 'V5.06 update 7 (build 960)', folder: 'E:\Keil5\Core\ARM\ARMCC\Bin'
Build target 'RC26_H7_R1'
compiling stm32h7xx_hal_msp.c...
compiling stm32h7xx_hal_timebase_tim.c...
compiling tim.c...
compiling fdcan.c...
compiling usart.c...
compiling dma.c...
compiling stm32h7xx_it.c...
compiling freertos.c...
compiling gpio.c...
compiling main.c...
compiling stm32h7xx_hal_tim.c...
compiling stm32h7xx_hal_gpio.c...
compiling stm32h7xx_hal_flash.c...
compiling stm32h7xx_hal_pcd_ex.c...
compiling stm32h7xx_hal_hsem.c...
compiling stm32h7xx_hal_pcd.c...
compiling stm32h7xx_hal_flash_ex.c...
compiling stm32h7xx_ll_usb.c...
compiling stm32h7xx_hal_tim_ex.c...
compiling stm32h7xx_hal_rcc.c...
compiling stm32h7xx_hal_rcc_ex.c...
compiling stm32h7xx_hal_dma.c...
compiling stm32h7xx_hal_mdma.c...
compiling stm32h7xx_hal_i2c_ex.c...
compiling stm32h7xx_hal_pwr.c...
compiling stm32h7xx_hal_cortex.c...
compiling croutine.c...
compiling event_groups.c...
compiling list.c...
compiling queue.c...
compiling stream_buffer.c...
compiling timers.c...
compiling tasks.c...
compiling stm32h7xx_hal.c...
compiling stm32h7xx_hal_exti.c...
compiling heap_4.c...
compiling port.c...
compiling stm32h7xx_hal_fdcan.c...
compiling stm32h7xx_hal_pwr_ex.c...
compiling stm32h7xx_hal_dma_ex.c...
compiling stm32h7xx_hal_i2c.c...
compiling stm32h7xx_hal_uart.c...
compiling motor.c...
..\user\src\motor.c(4): warning:  #177-D: variable "Motor"  was declared but never referenced
      MotorModule *Motor = (MotorModule *)base;
..\user\src\motor.c(12): warning:  #177-D: variable "Motor"  was declared but never referenced
      MotorModule *Motor = (MotorModule*)base;
..\user\src\motor.c: 2 warnings, 0 errors
compiling structure.c...
..\user\src\structure.c(4): warning:  #177-D: variable "Structure"  was declared but never referenced
      StructureModule *Structure = (StructureModule *)base;
..\user\src\structure.c(12): warning:  #177-D: variable "Structure"  was declared but never referenced
      StructureModule *Structure = (StructureModule*)base;
..\user\src\structure.c: 2 warnings, 0 errors
compiling stm32h7xx_hal_uart_ex.c...
compiling chassis.c...
compiling system_stm32h7xx.c...
compiling bsp_can.c...
..\user\src\bsp_can.c(210): warning:  #111-D: statement is unreachable
  					break;
..\user\src\bsp_can.c: 1 warning, 0 errors
compiling dm_motor.c...
compiling master_control.c...
compiling bsp_uart.c...
compiling remote_control.c...
compiling pid.c...
compiling dji_motor.c...
..\user\src\dji_motor.c(119): warning:  #940-D: missing return statement at end of non-void function "DJIset_motor_data" 
  }
..\user\src\dji_motor.c: 1 warning, 0 errors
compiling cmsis_os2.c...
compiling kfs.c...
compiling global.c...
compiling usbd_cdc_if.c...
compiling weapon.c...
compiling usb_device.c...
compiling vofa.c...
compiling usbd_desc.c...
compiling register.c...
compiling Can_Task.c...
..\user\src\Can_Task.c(20): warning:  #550-D: variable "can1_free_level"  was set but never used
      uint32_t can1_free_level = 0;
..\user\src\Can_Task.c(21): warning:  #550-D: variable "can2_free_level"  was set but never used
      uint32_t can2_free_level = 0;
..\user\src\Can_Task.c: 2 warnings, 0 errors
compiling lift.c...
..\user\src\lift.c(21): warning:  #550-D: variable "flexible_motor_PID_input"  was set but never used
  static float flexible_motor_PID_input;
..\user\src\lift.c: 1 warning, 0 errors
compiling usbd_conf.c...
compiling Motion_Task.c...
..\user\src\Motion_Task.c(57): warning:  #1-D: last line of file ends without a newline
  }
..\user\src\Motion_Task.c: 1 warning, 0 errors
compiling usbd_core.c...
compiling usbd_ctlreq.c...
compiling usbd_ioreq.c...
compiling usbd_cdc.c...
linking...
Program Size: Code=52180 RO-data=1044 RW-data=664 ZI-data=32784  
FromELF: creating hex file...
"RC26_H7_R1\RC26_H7_R1.axf" - 0 Error(s), 10 Warning(s).

<h2>Software Packages used:</h2>

Package Vendor: ARM
                http://www.keil.com/pack/ARM.CMSIS.5.9.0.pack
                ARM.CMSIS.5.9.0
                CMSIS (Common Microcontroller Software Interface Standard)
   * Component: CORE Version: 5.6.0

Package Vendor: Keil
                http://www.keil.com/pack/Keil.STM32H7xx_DFP.3.0.0.pack
                Keil.STM32H7xx_DFP.3.0.0
                STMicroelectronics STM32H7 Series Device Support and Examples

<h2>Collection of Component include folders:</h2>
  ./RTE/_RC26_H7_R1
  E:/Keil5/Pack/ARM/CMSIS/5.9.0/CMSIS/Core/Include
  E:/Keil5/Pack/Keil/STM32H7xx_DFP/3.0.0/Drivers/CMSIS/Device/ST/STM32H7xx/Include

<h2>Collection of Component Files used:</h2>

   * Component: ARM::CMSIS:CORE:5.6.0
      Include file:  CMSIS/Core/Include/tz_context.h
Build Time Elapsed:  00:01:02
</pre>
</body>
</html>
