<html>
<body>
<pre>
<h1>µVision Build Log</h1>
<h2>Tool Versions:</h2>
IDE-Version: ¦ÌVision V5.40.0.12
Copyright (C) 2024 ARM Ltd and ARM Germany GmbH. All rights reserved.
License Information: 111111 Administrator, 11, LIC=14HV2-9A31Q-Y83FK-ZT92N-EYBST-P6V39
 
Tool Versions:
Toolchain:       MDK-ARM Plus  Version: 5.40.0.5
Toolchain Path:  E:\Keil_v5\ARM\ARMCC\Bin
C Compiler:      Armcc.exe V5.06 update 6 (build 750)
Assembler:       Armasm.exe V5.06 update 6 (build 750)
Linker/Locator:  ArmLink.exe V5.06 update 6 (build 750)
Library Manager: ArmAr.exe V5.06 update 6 (build 750)
Hex Converter:   FromElf.exe V5.06 update 6 (build 750)
CPU DLL:         SARMCM3.DLL V5.40.0.5
Dialog DLL:      DCM.DLL V1.17.5.0
Target DLL:      CMSIS_AGDI.dll V1.33.21.0
Dialog DLL:      TCM.DLL V1.56.4.0
 
<h2>Project:</h2>
E:\code\RC26_H7_R2\MDK-ARM\RC26_H7_R1.uvprojx
Project File Date:  04/05/2026

<h2>Output:</h2>
*** Using Compiler 'V5.06 update 6 (build 750)', folder: 'E:\Keil_v5\ARM\ARMCC\Bin'
Build target 'RC26_H7_R1'
compiling register.c...
compiling bsp_can.c...
..\user\src\bsp_can.c(221): warning:  #111-D: statement is unreachable
  					break;
..\user\src\bsp_can.c(239): warning:  #111-D: statement is unreachable
          switch(rx_data[0] & 0x0F)
..\user\src\bsp_can.c: 2 warnings, 0 errors
compiling chassis.c...
..\user\src\chassis.c(21): warning:  #177-D: variable "flexible_motor_has_stopped"  was declared but never referenced
  static uint8_t flexible_motor_has_stopped = 0;
..\user\src\chassis.c(22): warning:  #177-D: variable "flexible_motor_running"  was declared but never referenced
  static uint8_t flexible_motor_running = 0;
..\user\src\chassis.c: 2 warnings, 0 errors
compiling lift.c...
..\user\src\lift.c(202): warning:  #1-D: last line of file ends without a newline
  }
..\user\src\lift.c: 1 warning, 0 errors
compiling Can_Task.c...
..\user\src\Can_Task.c(17): warning:  #550-D: variable "can1_free_level"  was set but never used
      uint32_t can1_free_level = 0;
..\user\src\Can_Task.c(18): warning:  #550-D: variable "can2_free_level"  was set but never used
      uint32_t can2_free_level = 0;
..\user\src\Can_Task.c(19): warning:  #550-D: variable "can3_free_level"  was set but never used
      uint32_t can3_free_level = 0;
..\user\src\Can_Task.c(12): warning:  #177-D: variable "flexible_motor_PID_input"  was declared but never referenced
  static float flexible_motor_PID_input;
..\user\src\Can_Task.c: 4 warnings, 0 errors
compiling main.c...
linking...
Program Size: Code=54732 RO-data=1044 RW-data=768 ZI-data=34480  
FromELF: creating hex file...
"RC26_H7_R1\RC26_H7_R1.axf" - 0 Error(s), 9 Warning(s).

<h2>Software Packages used:</h2>

Package Vendor: ARM
                https://www.keil.com/pack/ARM.CMSIS.6.1.0.pack
                ARM::CMSIS@6.1.0
                CMSIS (Common Microcontroller Software Interface Standard)
   * Component: CORE Version: 6.1.0

Package Vendor: Keil
                https://www.keil.com/pack/Keil.STM32H7xx_DFP.2.6.0.pack
                Keil::STM32H7xx_DFP@2.6.0
                STMicroelectronics STM32H7 Series Device Support and Examples

<h2>Collection of Component include folders:</h2>
  ./RTE/_RC26_H7_R1
  E:/Keil_v5/ARM/Packs/ARM/CMSIS/6.1.0/CMSIS/Core/Include
  E:/Keil_v5/ARM/Packs/Keil/STM32H7xx_DFP/2.6.0/Drivers/CMSIS/Device/ST/STM32H7xx/Include

<h2>Collection of Component Files used:</h2>

   * Component: ARM::CMSIS:CORE@6.1.0
      Include file:  CMSIS/Core/Include/tz_context.h
Build Time Elapsed:  00:00:16
</pre>
</body>
</html>
