Component: ARM Compiler 5.06 update 6 (build 750) Tool: armlink [4d35ed]

==============================================================================

Section Cross References

    startup_stm32h723xx.o(STACK) refers (Special) to heapauxi.o(.text) for __use_two_region_memory
    startup_stm32h723xx.o(HEAP) refers (Special) to heapauxi.o(.text) for __use_two_region_memory
    startup_stm32h723xx.o(RESET) refers (Special) to heapauxi.o(.text) for __use_two_region_memory
    startup_stm32h723xx.o(RESET) refers to startup_stm32h723xx.o(STACK) for __initial_sp
    startup_stm32h723xx.o(RESET) refers to startup_stm32h723xx.o(.text) for Reset_Handler
    startup_stm32h723xx.o(RESET) refers to stm32h7xx_it.o(i.NMI_Handler) for NMI_Handler
    startup_stm32h723xx.o(RESET) refers to stm32h7xx_it.o(i.HardFault_Handler) for HardFault_Handler
    startup_stm32h723xx.o(RESET) refers to stm32h7xx_it.o(i.MemManage_Handler) for MemManage_Handler
    startup_stm32h723xx.o(RESET) refers to stm32h7xx_it.o(i.BusFault_Handler) for BusFault_Handler
    startup_stm32h723xx.o(RESET) refers to stm32h7xx_it.o(i.UsageFault_Handler) for UsageFault_Handler
    startup_stm32h723xx.o(RESET) refers to port.o(.emb_text) for SVC_Handler
    startup_stm32h723xx.o(RESET) refers to stm32h7xx_it.o(i.DebugMon_Handler) for DebugMon_Handler
    startup_stm32h723xx.o(RESET) refers to cmsis_os2.o(i.SysTick_Handler) for SysTick_Handler
    startup_stm32h723xx.o(RESET) refers to stm32h7xx_it.o(i.DMA1_Stream2_IRQHandler) for DMA1_Stream2_IRQHandler
    startup_stm32h723xx.o(RESET) refers to stm32h7xx_it.o(i.DMA1_Stream3_IRQHandler) for DMA1_Stream3_IRQHandler
    startup_stm32h723xx.o(RESET) refers to stm32h7xx_it.o(i.FDCAN1_IT0_IRQHandler) for FDCAN1_IT0_IRQHandler
    startup_stm32h723xx.o(RESET) refers to stm32h7xx_it.o(i.FDCAN2_IT0_IRQHandler) for FDCAN2_IT0_IRQHandler
    startup_stm32h723xx.o(RESET) refers to stm32h7xx_it.o(i.TIM4_IRQHandler) for TIM4_IRQHandler
    startup_stm32h723xx.o(RESET) refers to stm32h7xx_it.o(i.TIM8_UP_TIM13_IRQHandler) for TIM8_UP_TIM13_IRQHandler
    startup_stm32h723xx.o(RESET) refers to stm32h7xx_it.o(i.UART5_IRQHandler) for UART5_IRQHandler
    startup_stm32h723xx.o(RESET) refers to stm32h7xx_it.o(i.OTG_HS_IRQHandler) for OTG_HS_IRQHandler
    startup_stm32h723xx.o(RESET) refers to stm32h7xx_it.o(i.UART7_IRQHandler) for UART7_IRQHandler
    startup_stm32h723xx.o(RESET) refers to stm32h7xx_it.o(i.FDCAN3_IT0_IRQHandler) for FDCAN3_IT0_IRQHandler
    startup_stm32h723xx.o(.text) refers (Special) to heapauxi.o(.text) for __use_two_region_memory
    startup_stm32h723xx.o(.text) refers to system_stm32h7xx.o(i.ExitRun0Mode) for ExitRun0Mode
    startup_stm32h723xx.o(.text) refers to system_stm32h7xx.o(i.SystemInit) for SystemInit
    startup_stm32h723xx.o(.text) refers to __main.o(!!!main) for __main
    startup_stm32h723xx.o(.text) refers to startup_stm32h723xx.o(HEAP) for Heap_Mem
    startup_stm32h723xx.o(.text) refers to startup_stm32h723xx.o(STACK) for Stack_Mem
    freertos.o(i.Can_Task) refers to cmsis_os2.o(i.osDelay) for osDelay
    freertos.o(i.MX_FREERTOS_Init) refers to cmsis_os2.o(i.osThreadNew) for osThreadNew
    freertos.o(i.MX_FREERTOS_Init) refers to freertos.o(.constdata) for .constdata
    freertos.o(i.MX_FREERTOS_Init) refers to freertos.o(i.StartDefaultTask) for StartDefaultTask
    freertos.o(i.MX_FREERTOS_Init) refers to freertos.o(.data) for .data
    freertos.o(i.MX_FREERTOS_Init) refers to can_task.o(i.Can_Task) for Can_Task
    freertos.o(i.MX_FREERTOS_Init) refers to motion_task.o(i.Motion_Task) for Motion_Task
    freertos.o(i.Motion_Task) refers to cmsis_os2.o(i.osDelay) for osDelay
    freertos.o(i.StartDefaultTask) refers to usb_device.o(i.MX_USB_DEVICE_Init) for MX_USB_DEVICE_Init
    freertos.o(i.StartDefaultTask) refers to cmsis_os2.o(i.osDelay) for osDelay
    freertos.o(.constdata) refers to freertos.o(.conststring) for .conststring
    main.o(i.HAL_TIM_PeriodElapsedCallback) refers to stm32h7xx_hal.o(i.HAL_IncTick) for HAL_IncTick
    main.o(i.MPU_Config) refers to stm32h7xx_hal_cortex.o(i.HAL_MPU_Disable) for HAL_MPU_Disable
    main.o(i.MPU_Config) refers to stm32h7xx_hal_cortex.o(i.HAL_MPU_ConfigRegion) for HAL_MPU_ConfigRegion
    main.o(i.MPU_Config) refers to stm32h7xx_hal_cortex.o(i.HAL_MPU_Enable) for HAL_MPU_Enable
    main.o(i.SystemClock_Config) refers to rt_memclr_w.o(.text) for __aeabi_memclr4
    main.o(i.SystemClock_Config) refers to stm32h7xx_hal_pwr_ex.o(i.HAL_PWREx_ConfigSupply) for HAL_PWREx_ConfigSupply
    main.o(i.SystemClock_Config) refers to stm32h7xx_hal_rcc.o(i.HAL_RCC_OscConfig) for HAL_RCC_OscConfig
    main.o(i.SystemClock_Config) refers to main.o(i.Error_Handler) for Error_Handler
    main.o(i.SystemClock_Config) refers to stm32h7xx_hal_rcc.o(i.HAL_RCC_ClockConfig) for HAL_RCC_ClockConfig
    main.o(i.main) refers to main.o(i.MPU_Config) for MPU_Config
    main.o(i.main) refers to stm32h7xx_hal.o(i.HAL_Init) for HAL_Init
[...]
    USBD_CoreFindIF                          0x080094fd   Thumb Code     4  usbd_core.o(i.USBD_CoreFindIF)
    USBD_CtlContinueRx                       0x08009501   Thumb Code    16  usbd_ioreq.o(i.USBD_CtlContinueRx)
    USBD_CtlContinueSendData                 0x08009511   Thumb Code    16  usbd_ioreq.o(i.USBD_CtlContinueSendData)
    USBD_CtlError                            0x08009521   Thumb Code    24  usbd_ctlreq.o(i.USBD_CtlError)
    USBD_CtlPrepareRx                        0x08009539   Thumb Code    30  usbd_ioreq.o(i.USBD_CtlPrepareRx)
    USBD_CtlReceiveStatus                    0x08009557   Thumb Code    22  usbd_ioreq.o(i.USBD_CtlReceiveStatus)
    USBD_CtlSendData                         0x0800956d   Thumb Code    26  usbd_ioreq.o(i.USBD_CtlSendData)
    USBD_CtlSendStatus                       0x08009587   Thumb Code    22  usbd_ioreq.o(i.USBD_CtlSendStatus)
    USBD_GetEpDesc                           0x080097bb   Thumb Code    58  usbd_core.o(i.USBD_GetEpDesc)
    USBD_GetNextDesc                         0x08009809   Thumb Code    14  usbd_core.o(i.USBD_GetNextDesc)
    USBD_GetString                           0x08009853   Thumb Code    80  usbd_ctlreq.o(i.USBD_GetString)
    USBD_Get_USB_Status                      0x080098a3   Thumb Code    36  usbd_conf.o(i.USBD_Get_USB_Status)
    USBD_HS_ConfigStrDescriptor              0x080098c9   Thumb Code    32  usbd_desc.o(i.USBD_HS_ConfigStrDescriptor)
    USBD_HS_DeviceDescriptor                 0x080098f9   Thumb Code     8  usbd_desc.o(i.USBD_HS_DeviceDescriptor)
    USBD_HS_InterfaceStrDescriptor           0x08009905   Thumb Code    32  usbd_desc.o(i.USBD_HS_InterfaceStrDescriptor)
    USBD_HS_LangIDStrDescriptor              0x08009939   Thumb Code     8  usbd_desc.o(i.USBD_HS_LangIDStrDescriptor)
    USBD_HS_ManufacturerStrDescriptor        0x08009945   Thumb Code    16  usbd_desc.o(i.USBD_HS_ManufacturerStrDescriptor)
    USBD_HS_ProductStrDescriptor             0x0800996d   Thumb Code    32  usbd_desc.o(i.USBD_HS_ProductStrDescriptor)
    USBD_HS_SerialStrDescriptor              0x080099a9   Thumb Code    14  usbd_desc.o(i.USBD_HS_SerialStrDescriptor)
    USBD_Init                                0x080099bd   Thumb Code    40  usbd_core.o(i.USBD_Init)
    USBD_LL_ClearStallEP                     0x080099e5   Thumb Code    18  usbd_conf.o(i.USBD_LL_ClearStallEP)
    USBD_LL_CloseEP                          0x080099f7   Thumb Code    18  usbd_conf.o(i.USBD_LL_CloseEP)
    USBD_LL_DataInStage                      0x08009a09   Thumb Code   220  usbd_core.o(i.USBD_LL_DataInStage)
    USBD_LL_DataOutStage                     0x08009ae5   Thumb Code   202  usbd_core.o(i.USBD_LL_DataOutStage)
    USBD_LL_DevConnected                     0x08009baf   Thumb Code     4  usbd_core.o(i.USBD_LL_DevConnected)
    USBD_LL_DevDisconnected                  0x08009bb3   Thumb Code    32  usbd_core.o(i.USBD_LL_DevDisconnected)
    USBD_LL_GetRxDataSize                    0x08009bd3   Thumb Code     8  usbd_conf.o(i.USBD_LL_GetRxDataSize)
    USBD_LL_Init                             0x08009bdd   Thumb Code    96  usbd_conf.o(i.USBD_LL_Init)
    USBD_LL_IsStallEP                        0x08009c45   Thumb Code    30  usbd_conf.o(i.USBD_LL_IsStallEP)
    USBD_LL_IsoINIncomplete                  0x08009c63   Thumb Code    42  usbd_core.o(i.USBD_LL_IsoINIncomplete)
    USBD_LL_IsoOUTIncomplete                 0x08009c8d   Thumb Code    42  usbd_core.o(i.USBD_LL_IsoOUTIncomplete)
    USBD_LL_OpenEP                           0x08009cb7   Thumb Code    24  usbd_conf.o(i.USBD_LL_OpenEP)
    USBD_LL_PrepareReceive                   0x08009ccf   Thumb Code    18  usbd_conf.o(i.USBD_LL_PrepareReceive)
    USBD_LL_Reset                            0x08009ce1   Thumb Code    96  usbd_core.o(i.USBD_LL_Reset)
    USBD_LL_Resume                           0x08009d41   Thumb Code    20  usbd_core.o(i.USBD_LL_Resume)
    USBD_LL_SOF                              0x08009d55   Thumb Code    26  usbd_core.o(i.USBD_LL_SOF)
    USBD_LL_SetSpeed                         0x08009d6f   Thumb Code     6  usbd_core.o(i.USBD_LL_SetSpeed)
    USBD_LL_SetUSBAddress                    0x08009d75   Thumb Code    18  usbd_conf.o(i.USBD_LL_SetUSBAddress)
    USBD_LL_SetupStage                       0x08009d87   Thumb Code    96  usbd_core.o(i.USBD_LL_SetupStage)
    USBD_LL_StallEP                          0x08009de7   Thumb Code    18  usbd_conf.o(i.USBD_LL_StallEP)
    USBD_LL_Start                            0x08009df9   Thumb Code    18  usbd_conf.o(i.USBD_LL_Start)
    USBD_LL_Suspend                          0x08009e0b   Thumb Code    26  usbd_core.o(i.USBD_LL_Suspend)
    USBD_LL_Transmit                         0x08009e25   Thumb Code    18  usbd_conf.o(i.USBD_LL_Transmit)
    USBD_ParseSetupRequest                   0x08009e37   Thumb Code    50  usbd_ctlreq.o(i.USBD_ParseSetupRequest)
    USBD_RegisterClass                       0x08009e69   Thumb Code    58  usbd_core.o(i.USBD_RegisterClass)
    USBD_RunTestMode                         0x08009ea3   Thumb Code     4  usbd_core.o(i.USBD_RunTestMode)
    USBD_SetClassConfig                      0x08009eff   Thumb Code    20  usbd_core.o(i.USBD_SetClassConfig)
    USBD_Start                               0x0800a015   Thumb Code     4  usbd_core.o(i.USBD_Start)
    USBD_StdDevReq                           0x0800a019   Thumb Code   118  usbd_ctlreq.o(i.USBD_StdDevReq)
    USBD_StdEPReq                            0x0800a08f   Thumb Code   544  usbd_ctlreq.o(i.USBD_StdEPReq)
    USBD_StdItfReq                           0x0800a2af   Thumb Code   142  usbd_ctlreq.o(i.USBD_StdItfReq)
    USBD_static_free                         0x0800a33d   Thumb Code     2  usbd_conf.o(i.USBD_static_free)
    USBD_static_malloc                       0x0800a341   Thumb Code     4  usbd_conf.o(i.USBD_static_malloc)
    USB_ActivateEndpoint                     0x0800a349   Thumb Code   126  stm32h7xx_ll_usb.o(i.USB_ActivateEndpoint)
    USB_ActivateSetup                        0x0800a3cd   Thumb Code    28  stm32h7xx_ll_usb.o(i.USB_ActivateSetup)
    USB_CoreInit                             0x0800a3e9   Thumb Code   146  stm32h7xx_ll_usb.o(i.USB_CoreInit)
    USB_DeactivateEndpoint                   0x0800a4c9   Thumb Code   190  stm32h7xx_ll_usb.o(i.USB_DeactivateEndpoint)
    USB_DevConnect                           0x0800a591   Thumb Code    28  stm32h7xx_ll_usb.o(i.USB_DevConnect)
    USB_DevDisconnect                        0x0800a5ad   Thumb Code    28  stm32h7xx_ll_usb.o(i.USB_DevDisconnect)
    USB_DevInit                              0x0800a5c9   Thumb Code   354  stm32h7xx_ll_usb.o(i.USB_DevInit)
    USB_DisableGlobalInt                     0x0800a735   Thumb Code    12  stm32h7xx_ll_usb.o(i.USB_DisableGlobalInt)
    USB_EP0_OutStart                         0x0800a741   Thumb Code    80  stm32h7xx_ll_usb.o(i.USB_EP0_OutStart)
    USB_EPClearStall                         0x0800a795   Thumb Code    88  stm32h7xx_ll_usb.o(i.USB_EPClearStall)
    USB_EPSetStall                           0x0800a7ed   Thumb Code    88  stm32h7xx_ll_usb.o(i.USB_EPSetStall)
    USB_EPStartXfer                          0x0800a845   Thumb Code   592  stm32h7xx_ll_usb.o(i.USB_EPStartXfer)
    USB_EPStopXfer                           0x0800aa99   Thumb Code   164  stm32h7xx_ll_usb.o(i.USB_EPStopXfer)
    USB_EnableGlobalInt                      0x0800ab3d   Thumb Code    12  stm32h7xx_ll_usb.o(i.USB_EnableGlobalInt)
    USB_FlushRxFifo                          0x0800ab49   Thumb Code    64  stm32h7xx_ll_usb.o(i.USB_FlushRxFifo)
    USB_FlushTxFifo                          0x0800ab89   Thumb Code    68  stm32h7xx_ll_usb.o(i.USB_FlushTxFifo)
    USB_GetDevSpeed                          0x0800abcd   Thumb Code    32  stm32h7xx_ll_usb.o(i.USB_GetDevSpeed)
    USB_GetMode                              0x0800abed   Thumb Code     8  stm32h7xx_ll_usb.o(i.USB_GetMode)
    USB_ReadDevAllInEpInterrupt              0x0800abf5   Thumb Code    14  stm32h7xx_ll_usb.o(i.USB_ReadDevAllInEpInterrupt)
    USB_ReadDevAllOutEpInterrupt             0x0800ac03   Thumb Code    14  stm32h7xx_ll_usb.o(i.USB_ReadDevAllOutEpInterrupt)
    USB_ReadDevInEPInterrupt                 0x0800ac11   Thumb Code    36  stm32h7xx_ll_usb.o(i.USB_ReadDevInEPInterrupt)
    USB_ReadDevOutEPInterrupt                0x0800ac35   Thumb Code    16  stm32h7xx_ll_usb.o(i.USB_ReadDevOutEPInterrupt)
    USB_ReadInterrupts                       0x0800ac45   Thumb Code     8  stm32h7xx_ll_usb.o(i.USB_ReadInterrupts)
    USB_ReadPacket                           0x0800ac4d   Thumb Code    62  stm32h7xx_ll_usb.o(i.USB_ReadPacket)
    USB_SetCurrentMode                       0x0800ac8b   Thumb Code    96  stm32h7xx_ll_usb.o(i.USB_SetCurrentMode)
    USB_SetDevAddress                        0x0800aceb   Thumb Code    30  stm32h7xx_ll_usb.o(i.USB_SetDevAddress)
    USB_SetDevSpeed                          0x0800ad09   Thumb Code    14  stm32h7xx_ll_usb.o(i.USB_SetDevSpeed)
    USB_SetTurnaroundTime                    0x0800ad19   Thumb Code   170  stm32h7xx_ll_usb.o(i.USB_SetTurnaroundTime)
    USB_WritePacket                          0x0800ae0d   Thumb Code    40  stm32h7xx_ll_usb.o(i.USB_WritePacket)
    UsageFault_Handler                       0x0800ae35   Thumb Code     2  stm32h7xx_it.o(i.UsageFault_Handler)
    Weapon_Init                              0x0800ae37   Thumb Code     2  register.o(i.Weapon_Init)
    __hardfp_fmod                            0x0800ae59   Thumb Code   246  fmod.o(i.__hardfp_fmod)
    __mathlib_dbl_invalid                    0x0800af59   Thumb Code    10  dunder.o(i.__mathlib_dbl_invalid)
    data_convert                             0x0800af71   Thumb Code   138  remote_control.o(i.data_convert)
    f_PID_Calculate                          0x0800b00d   Thumb Code   388  pid.o(i.f_PID_Calculate)
    main                                     0x0800b1c1   Thumb Code   116  main.o(i.main)
    manual_chassis_function                  0x0800b23d   Thumb Code   160  chassis.o(i.manual_chassis_function)
    manual_kfs_function                      0x0800b305   Thumb Code     2  kfs.o(i.manual_kfs_function)
    manual_lift_function                     0x0800b307   Thumb Code     2  lift.o(i.manual_lift_function)
    manual_weapon_function                   0x0800b309   Thumb Code     2  weapon.o(i.manual_weapon_function)
    osDelay                                  0x0800b30b   Thumb Code    28  cmsis_os2.o(i.osDelay)
    osKernelGetSysTimerCount                 0x0800b327   Thumb Code    66  cmsis_os2.o(i.osKernelGetSysTimerCount)
    osKernelInitialize                       0x0800b369   Thumb Code    34  cmsis_os2.o(i.osKernelInitialize)
    osKernelStart                            0x0800b391   Thumb Code    48  cmsis_os2.o(i.osKernelStart)
    osThreadNew                              0x0800b3c9   Thumb Code   186  cmsis_os2.o(i.osThreadNew)
    pvPortMalloc                             0x0800bc9d   Thumb Code   214  heap_4.o(i.pvPortMalloc)
    pxPortInitialiseStack                    0x0800bd79   Thumb Code    30  port.o(i.pxPortInitialiseStack)
    uxListRemove                             0x0800bddf   Thumb Code    38  list.o(i.uxListRemove)
    vApplicationGetIdleTaskMemory            0x0800be05   Thumb Code    16  cmsis_os2.o(i.vApplicationGetIdleTaskMemory)
    vApplicationGetTimerTaskMemory           0x0800be19   Thumb Code    18  cmsis_os2.o(i.vApplicationGetTimerTaskMemory)
    vListInitialise                          0x0800be31   Thumb Code    22  list.o(i.vListInitialise)
    vListInitialiseItem                      0x0800be47   Thumb Code     6  list.o(i.vListInitialiseItem)
    vListInsert                              0x0800be4d   Thumb Code    48  list.o(i.vListInsert)
    vListInsertEnd                           0x0800be7d   Thumb Code    24  list.o(i.vListInsertEnd)
    vPortEnterCritical                       0x0800be95   Thumb Code    54  port.o(i.vPortEnterCritical)
    vPortExitCritical                        0x0800bed5   Thumb Code    38  port.o(i.vPortExitCritical)
    vPortFree                                0x0800bf01   Thumb Code    94  heap_4.o(i.vPortFree)
    vPortSetupTimerInterrupt                 0x0800bf65   Thumb Code    32  port.o(i.vPortSetupTimerInterrupt)
    vPortValidateInterruptPriority           0x0800bf89   Thumb Code    74  port.o(i.vPortValidateInterruptPriority)
    vQueueAddToRegistry                      0x0800bfdd   Thumb Code    32  queue.o(i.vQueueAddToRegistry)
    vQueueWaitForMessageRestricted           0x0800c001   Thumb Code    70  queue.o(i.vQueueWaitForMessageRestricted)
    vTaskDelay                               0x0800c049   Thumb Code    70  tasks.o(i.vTaskDelay)
    vTaskInternalSetTimeOutState             0x0800c099   Thumb Code    12  tasks.o(i.vTaskInternalSetTimeOutState)
    vTaskMissedYield                         0x0800c0a9   Thumb Code     8  tasks.o(i.vTaskMissedYield)
    vTaskPlaceOnEventList                    0x0800c0b5   Thumb Code    46  tasks.o(i.vTaskPlaceOnEventList)
    vTaskPlaceOnEventListRestricted          0x0800c0e9   Thumb Code    54  tasks.o(i.vTaskPlaceOnEventListRestricted)
    vTaskStartScheduler                      0x0800c125   Thumb Code   126  tasks.o(i.vTaskStartScheduler)
    vTaskSuspendAll                          0x0800c1b5   Thumb Code    10  tasks.o(i.vTaskSuspendAll)
    vTaskSwitchContext                       0x0800c1c5   Thumb Code    94  tasks.o(i.vTaskSwitchContext)
    xPortStartScheduler                      0x0800c22d   Thumb Code   222  port.o(i.xPortStartScheduler)
    xPortSysTickHandler                      0x0800c321   Thumb Code    38  port.o(i.xPortSysTickHandler)
    xQueueGenericCreateStatic                0x0800c34d   Thumb Code   108  queue.o(i.xQueueGenericCreateStatic)
    xQueueGenericReset                       0x0800c3b9   Thumb Code   134  queue.o(i.xQueueGenericReset)
    xQueueGenericSend                        0x0800c445   Thumb Code   352  queue.o(i.xQueueGenericSend)
    xQueueGenericSendFromISR                 0x0800c5a9   Thumb Code   192  queue.o(i.xQueueGenericSendFromISR)
    xQueueReceive                            0x0800c669   Thumb Code   310  queue.o(i.xQueueReceive)
    xTaskCheckForTimeOut                     0x0800c7a5   Thumb Code   118  tasks.o(i.xTaskCheckForTimeOut)
    xTaskCreate                              0x0800c821   Thumb Code   100  tasks.o(i.xTaskCreate)
    xTaskCreateStatic                        0x0800c885   Thumb Code    92  tasks.o(i.xTaskCreateStatic)
    xTaskGetSchedulerState                   0x0800c8e1   Thumb Code    24  tasks.o(i.xTaskGetSchedulerState)
    xTaskGetTickCount                        0x0800c8fd   Thumb Code     6  tasks.o(i.xTaskGetTickCount)
    xTaskIncrementTick                       0x0800c909   Thumb Code   196  tasks.o(i.xTaskIncrementTick)
    xTaskPriorityDisinherit                  0x0800c9d5   Thumb Code   116  tasks.o(i.xTaskPriorityDisinherit)
    xTaskRemoveFromEventList                 0x0800ca51   Thumb Code   106  tasks.o(i.xTaskRemoveFromEventList)
    xTaskResumeAll                           0x0800cac9   Thumb Code   184  tasks.o(i.xTaskResumeAll)
    xTimerCreateTimerTask                    0x0800cb91   Thumb Code    86  timers.o(i.xTimerCreateTimerTask)
    xTimerGenericCommand                     0x0800cbf9   Thumb Code   104  timers.o(i.xTimerGenericCommand)
    __fpl_dnaninf                            0x0800cc65   Thumb Code   156  dnaninf.o(x$fpl$dnaninf)
    _drem                                    0x0800cd01   Thumb Code   328  drem_clz.o(x$fpl$drem)
    _fp_init                                 0x0800ce51   Thumb Code    10  fpinit.o(x$fpl$fpinit)
    __fplib_config_fpu_vfp                   0x0800ce59   Thumb Code     0  fpinit.o(x$fpl$fpinit)
    __fplib_config_pureend_doubles           0x0800ce59   Thumb Code     0  fpinit.o(x$fpl$fpinit)
    __I$use$fp                               0x0800ce5a   Number         0  usenofp.o(x$fpl$usenofp)
    defaultTask_attributes                   0x0800ce5c   Data          36  freertos.o(.constdata)
    CanTask_attributes                       0x0800ce80   Data          36  freertos.o(.constdata)
    MotionTask_attributes                    0x0800cea4   Data          36  freertos.o(.constdata)
    UARTPrescTable                           0x0800cf2c   Data          24  stm32h7xx_hal_uart.o(.constdata)
    D1CorePrescTable                         0x0800cf54   Data          16  system_stm32h7xx.o(.constdata)
    Region$$Table$$Base                      0x0800cf84   Number         0  anon$$obj.o(Region$$Table)
    Region$$Table$$Limit                     0x0800cfa4   Number         0  anon$$obj.o(Region$$Table)
    defaultTaskHandle                        0x24000000   Data           4  freertos.o(.data)
    CanTaskHandle                            0x24000004   Data           4  freertos.o(.data)
    MotionTaskHandle                         0x24000008   Data           4  freertos.o(.data)
    uwTickFreq                               0x24000010   Data           1  stm32h7xx_hal.o(.data)
    uwTickPrio                               0x24000014   Data           4  stm32h7xx_hal.o(.data)
    uwTick                                   0x24000018   Data           4  stm32h7xx_hal.o(.data)
    SystemCoreClock                          0x2400001c   Data           4  system_stm32h7xx.o(.data)
    SystemD2Clock                            0x24000020   Data           4  system_stm32h7xx.o(.data)
    pxCurrentTCB                             0x24000024   Data           4  tasks.o(.data)
    flag3                                    0x240000a4   Data           1  dji_motor.o(.data)
    chassis_motor1_pid_param                 0x240000b8   Data          24  chassis.o(.data)
    chassis_motor2_pid_param                 0x240000d0   Data          24  chassis.o(.data)
    chassis_motor3_pid_param                 0x240000e8   Data          24  chassis.o(.data)
    chassis_motor4_pid_param                 0x24000100   Data          24  chassis.o(.data)
    guide_motor1_pid_param                   0x24000118   Data          24  chassis.o(.data)
    guide_motor2_pid_param                   0x24000130   Data          24  chassis.o(.data)
    flexible_motor1_pid_param                0x24000148   Data          24  lift.o(.data)
    control_mode                             0x24000164   Data           1  motion_task.o(.data)
    remote_mode                              0x24000165   Data           1  motion_task.o(.data)
    RCctrl                                   0x24000166   Data          34  remote_control.o(.data)
    HS_Desc                                  0x24000188   Data          32  usbd_desc.o(.data)
    USBD_LangIDDesc                          0x240001a8   Data           4  usbd_desc.o(.data)
    USBD_HS_DeviceDesc                       0x240001ac   Data          18  usbd_desc.o(.data)
    USBD_HS_BOSDesc                          0x240001c0   Data          12  usbd_desc.o(.data)
    USBD_StringSerial                        0x240001cc   Data          26  usbd_desc.o(.data)
    USBD_Interface_fops_HS                   0x240001e8   Data          20  usbd_cdc_if.o(.data)
    USBD_CDC                                 0x24000254   Data          56  usbd_cdc.o(.data)
    hfdcan1                                  0x2400028c   Data         160  fdcan.o(.bss)
    hfdcan2                                  0x2400032c   Data         160  fdcan.o(.bss)
    hfdcan3                                  0x240003cc   Data         160  fdcan.o(.bss)
    htim2                                    0x2400046c   Data          76  tim.o(.bss)
    htim4                                    0x240004b8   Data          76  tim.o(.bss)
    huart5                                   0x24000504   Data         148  usart.o(.bss)
    huart7                                   0x24000598   Data         148  usart.o(.bss)
    hdma_uart5_rx                            0x2400062c   Data         120  usart.o(.bss)
    hdma_uart7_rx                            0x240006a4   Data         120  usart.o(.bss)
    htim8                                    0x2400071c   Data          76  stm32h7xx_hal_timebase_tim.o(.bss)
    xQueueRegistry                           0x24000768   Data          64  queue.o(.bss)
    Chassis                                  0x2400503c   Data         120  chassis.o(.bss)
    chassis_motor1                           0x240050b4   Data         412  chassis.o(.bss)
    chassis_motor2                           0x24005250   Data         412  chassis.o(.bss)
    chassis_motor3                           0x240053ec   Data         412  chassis.o(.bss)
    chassis_motor4                           0x24005588   Data         412  chassis.o(.bss)
    guide_motor1                             0x24005724   Data         412  chassis.o(.bss)
    guide_motor2                             0x240058c0   Data         412  chassis.o(.bss)
    Lift                                     0x24005a5c   Data          80  lift.o(.bss)
    R2_lift_motor_left                       0x24005aac   Data         264  lift.o(.bss)
    R2_lift_motor_right                      0x24005bb4   Data         264  lift.o(.bss)
    flexible_motor1                          0x24005cbc   Data         412  lift.o(.bss)
    flexible_motor2                          0x24005e58   Data         412  lift.o(.bss)
    SBUS_MultiRx_Buf                         0x24005ff4   Data         100  remote_control.o(.bss)
    hUsbDeviceHS                             0x24006058   Data         732  usb_device.o(.bss)
    USBD_StrDesc                             0x24006334   Data         512  usbd_desc.o(.bss)
    UserRxBufferHS                           0x24006534   Data        2048  usbd_cdc_if.o(.bss)
    UserTxBufferHS                           0x24006d34   Data        2048  usbd_cdc_if.o(.bss)
    hpcd_USB_OTG_HS                          0x24007754   Data        1252  usbd_conf.o(.bss)
    __libspace_start                         0x24007c38   Data          96  libspace.o(.bss)
    __temporary_stack_top$libspace           0x24007c98   Data           0  libspace.o(.bss)



==============================================================================

Memory Map of the image

  Image Entry point : 0x080002cd

  Load Region LR_IROM1 (Base: 0x08000000, Size: 0x0000d230, Max: 0x00100000, ABSOLUTE, COMPRESSED[0x0000d0a0])

    Execution Region ER_IROM1 (Exec base: 0x08000000, Load base: 0x08000000, Size: 0x0000cfa4, Max: 0x00100000, ABSOLUTE)

    Exec Addr    Load Addr    Size         Type   Attr      Idx    E Section Name        Object

    0x08000000   0x08000000   0x000002cc   Data   RO            3    RESET               startup_stm32h723xx.o
    0x080002cc   0x080002cc   0x00000008   Code   RO         9643  * !!!main             c_w.l(__main.o)
    0x080002d4   0x080002d4   0x00000034   Code   RO         9888    !!!scatter          c_w.l(__scatter.o)
    0x08000308   0x08000308   0x0000005a   Code   RO         9886    !!dczerorl2         c_w.l(__dczerorl2.o)
    0x08000362   0x08000362   0x00000002   PAD
    0x08000364   0x08000364   0x0000001c   Code   RO         9890    !!handler_zi        c_w.l(__scatter_zi.o)
    0x08000380   0x08000380   0x00000002   Code   RO         9759    .ARM.Collect$$libinit$$00000000  c_w.l(libinit.o)
    0x08000382   0x08000382   0x00000004   Code   RO         9768    .ARM.Collect$$libinit$$00000001  c_w.l(libinit2.o)
    0x08000386   0x08000386   0x00000000   Code   RO         9771    .ARM.Collect$$libinit$$00000004  c_w.l(libinit2.o)
    0x08000386   0x08000386   0x00000000   Code   RO         9774    .ARM.Collect$$libinit$$0000000A  c_w.l(libinit2.o)
    0x08000386   0x08000386   0x00000000   Code   RO         9776    .ARM.Collect$$libinit$$0000000C  c_w.l(libinit2.o)
    0x08000386   0x08000386   0x00000000   Code   RO         9778    .ARM.Collect$$libinit$$0000000E  c_w.l(libinit2.o)
    0x08000386   0x08000386   0x00000000   Code   RO         9781    .ARM.Collect$$libinit$$00000011  c_w.l(libinit2.o)
    0x08000386   0x08000386   0x00000000   Code   RO         9783    .ARM.Collect$$libinit$$00000013  c_w.l(libinit2.o)
    0x08000386   0x08000386   0x00000000   Code   RO         9785    .ARM.Collect$$libinit$$00000015  c_w.l(libinit2.o)
    0x08000386   0x08000386   0x00000000   Code   RO         9787    .ARM.Collect$$libinit$$00000017  c_w.l(libinit2.o)
    0x08000386   0x08000386   0x00000000   Code   RO         9789    .ARM.Collect$$libinit$$00000019  c_w.l(libinit2.o)
    0x08000386   0x08000386   0x00000000   Code   RO         9791    .ARM.Collect$$libinit$$0000001B  c_w.l(libinit2.o)
    0x08000386   0x08000386   0x00000000   Code   RO         9793    .ARM.Collect$$libinit$$0000001D  c_w.l(libinit2.o)
    0x08000386   0x08000386   0x00000000   Code   RO         9795    .ARM.Collect$$libinit$$0000001F  c_w.l(libinit2.o)
    0x08000386   0x08000386   0x00000000   Code   RO         9797    .ARM.Collect$$libinit$$00000021  c_w.l(libinit2.o)
    0x08000386   0x08000386   0x00000000   Code   RO         9799    .ARM.Collect$$libinit$$00000023  c_w.l(libinit2.o)
    0x08000386   0x08000386   0x00000000   Code   RO         9801    .ARM.Collect$$libinit$$00000025  c_w.l(libinit2.o)
    0x08000386   0x08000386   0x00000000   Code   RO         9805    .ARM.Collect$$libinit$$0000002C  c_w.l(libinit2.o)
    0x08000386   0x08000386   0x00000000   Code   RO         9807    .ARM.Collect$$libinit$$0000002E  c_w.l(libinit2.o)
    0x08000386   0x08000386   0x00000000   Code   RO         9809    .ARM.Collect$$libinit$$00000030  c_w.l(libinit2.o)
    0x08000386   0x08000386   0x00000000   Code   RO         9811    .ARM.Collect$$libinit$$00000032  c_w.l(libinit2.o)
    0x08000386   0x08000386   0x00000002   Code   RO         9812    .ARM.Collect$$libinit$$00000033  c_w.l(libinit2.o)
    0x08000388   0x08000388   0x00000002   Code   RO         9843    .ARM.Collect$$libshutdown$$00000000  c_w.l(libshutdown.o)
    0x0800038a   0x0800038a   0x00000000   Code   RO         9869    .ARM.Collect$$libshutdown$$00000002  c_w.l(libshutdown2.o)
    0x0800038a   0x0800038a   0x00000000   Code   RO         9871    .ARM.Collect$$libshutdown$$00000004  c_w.l(libshutdown2.o)
    0x0800038a   0x0800038a   0x00000000   Code   RO         9874    .ARM.Collect$$libshutdown$$00000007  c_w.l(libshutdown2.o)
    0x0800038a   0x0800038a   0x00000000   Code   RO         9877    .ARM.Collect$$libshutdown$$0000000A  c_w.l(libshutdown2.o)
    0x0800038a   0x0800038a   0x00000000   Code   RO         9879    .ARM.Collect$$libshutdown$$0000000C  c_w.l(libshutdown2.o)
    0x0800038a   0x0800038a   0x00000000   Code   RO         9882    .ARM.Collect$$libshutdown$$0000000F  c_w.l(libshutdown2.o)
    0x0800038a   0x0800038a   0x00000002   Code   RO         9883    .ARM.Collect$$libshutdown$$00000010  c_w.l(libshutdown2.o)
    0x0800038c   0x0800038c   0x00000000   Code   RO         9669    .ARM.Collect$$rtentry$$00000000  c_w.l(__rtentry.o)
    0x0800038c   0x0800038c   0x00000000   Code   RO         9710    .ARM.Collect$$rtentry$$00000002  c_w.l(__rtentry2.o)
    0x0800038c   0x0800038c   0x00000006   Code   RO         9722    .ARM.Collect$$rtentry$$00000004  c_w.l(__rtentry4.o)
    0x08000392   0x08000392   0x00000000   Code   RO         9712    .ARM.Collect$$rtentry$$00000009  c_w.l(__rtentry2.o)
    0x08000392   0x08000392   0x00000004   Code   RO         9713    .ARM.Collect$$rtentry$$0000000A  c_w.l(__rtentry2.o)
    0x08000396   0x08000396   0x00000000   Code   RO         9715    .ARM.Collect$$rtentry$$0000000C  c_w.l(__rtentry2.o)
    0x08000396   0x08000396   0x00000008   Code   RO         9716    .ARM.Collect$$rtentry$$0000000D  c_w.l(__rtentry2.o)
    0x0800039e   0x0800039e   0x00000002   Code   RO         9760    .ARM.Collect$$rtexit$$00000000  c_w.l(rtexit.o)
    0x080003a0   0x080003a0   0x00000000   Code   RO         9816    .ARM.Collect$$rtexit$$00000002  c_w.l(rtexit2.o)
    0x080003a0   0x080003a0   0x00000004   Code   RO         9817    .ARM.Collect$$rtexit$$00000003  c_w.l(rtexit2.o)
    0x080003a4   0x080003a4   0x00000006   Code   RO         9818    .ARM.Collect$$rtexit$$00000004  c_w.l(rtexit2.o)
    0x080003aa   0x080003aa   0x00000002   PAD
    0x080003ac   0x080003ac   0x000000be   Code   RO         7868    .emb_text           port.o
    0x0800046a   0x0800046a   0x00000002   PAD
    0x0800046c   0x0800046c   0x00000048   Code   RO            4    .text               startup_stm32h723xx.o
    0x080004b4   0x080004b4   0x000000ee   Code   RO         9629    .text               c_w.l(lludivv7m.o)
    0x080005a2   0x080005a2   0x0000008a   Code   RO         9631    .text               c_w.l(rt_memcpy_v6.o)
    0x0800062c   0x0800062c   0x00000064   Code   RO         9633    .text               c_w.l(rt_memcpy_w.o)
    0x08000690   0x08000690   0x00000010   Code   RO         9637    .text               c_w.l(aeabi_memset.o)
    0x080006a0   0x080006a0   0x0000004e   Code   RO         9639    .text               c_w.l(rt_memclr_w.o)
    0x080006ee   0x080006ee   0x00000006   Code   RO         9641    .text               c_w.l(heapauxi.o)
    0x080006f4   0x080006f4   0x00000016   Code   RO         9674    .text               c_w.l(_rserrno.o)
    0x0800070a   0x0800070a   0x00000044   Code   RO         9676    .text               c_w.l(rt_memclr.o)
    0x0800074e   0x0800074e   0x00000002   PAD
    0x08000750   0x08000750   0x00000008   Code   RO         9729    .text               c_w.l(rt_errno_addr_intlibspace.o)
    0x08000758   0x08000758   0x00000008   Code   RO         9743    .text               c_w.l(libspace.o)
    0x08000760   0x08000760   0x0000004a   Code   RO         9746    .text               c_w.l(sys_stackheap_outer.o)
    0x080007aa   0x080007aa   0x00000012   Code   RO         9748    .text               c_w.l(exit.o)
    0x080007bc   0x080007bc   0x0000000c   Code   RO         9813    .text               c_w.l(sys_exit.o)
    0x080007c8   0x080007c8   0x00000002   Code   RO         9832    .text               c_w.l(use_no_semi.o)
    0x080007ca   0x080007ca   0x00000000   Code   RO         9834    .text               c_w.l(indicate_semi.o)
    0x080007ca   0x080007ca   0x00000002   PAD
    0x080007cc   0x080007cc   0x000000fc   Code   RO         7948    i.BSP_CAN_Init      bsp_can.o
    0x080008c8   0x080008c8   0x00000020   Code   RO         8005    i.BSP_USART_Init    bsp_uart.o
    0x080008e8   0x080008e8   0x0000000a   Code   RO         8642    i.BaseModule_ClearError  global.o
    0x080008f2   0x080008f2   0x00000004   Code   RO         8643    i.BaseModule_GetState  global.o
    0x080008f6   0x080008f6   0x0000000a   Code   RO         8644    i.BaseModule_Init   global.o
    0x08000900   0x08000900   0x00000006   Code   RO         8645    i.BaseModule_Run    global.o
    0x08000906   0x08000906   0x00000006   Code   RO         8646    i.BaseModule_Stop   global.o
    0x0800090c   0x0800090c   0x00000002   Code   RO          586    i.BusFault_Handler  stm32h7xx_it.o
    0x0800090e   0x0800090e   0x00000008   Code   RO         8911    i.CDC_Control_HS    usbd_cdc_if.o
    0x08000916   0x08000916   0x00000004   Code   RO         8912    i.CDC_DeInit_HS     usbd_cdc_if.o
    0x0800091a   0x0800091a   0x00000002   PAD
    0x0800091c   0x0800091c   0x00000024   Code   RO         8913    i.CDC_Init_HS       usbd_cdc_if.o
    0x08000940   0x08000940   0x00000018   Code   RO         8914    i.CDC_Receive_HS    usbd_cdc_if.o
    0x08000958   0x08000958   0x00000004   Code   RO         8915    i.CDC_TransmitCplt_HS  usbd_cdc_if.o
    0x0800095c   0x0800095c   0x00000130   Code   RO         8462    i.Can_Task          can_task.o
    0x08000a8c   0x08000a8c   0x00000144   Code   RO         8230    i.Chassis_Calc      chassis.o
    0x08000bd0   0x08000bd0   0x000001b8   Code   RO         8690    i.Chassis_Init      register.o
    0x08000d88   0x08000d88   0x0000001c   Code   RO         8231    i.Chassis_Stop      chassis.o
    0x08000da4   0x08000da4   0x00000012   Code   RO         8079    i.DJIget_moto_offset  dji_motor.o
    0x08000db6   0x08000db6   0x00000084   Code   RO         8080    i.DJIget_motor_measure  dji_motor.o
    0x08000e3a   0x08000e3a   0x00000002   PAD
    0x08000e3c   0x08000e3c   0x00000090   Code   RO         8081    i.DJImotor_Create   dji_motor.o
    0x08000ecc   0x08000ecc   0x0000005c   Code   RO         8082    i.DJIset_motor_data  dji_motor.o
    0x08000f28   0x08000f28   0x0000000c   Code   RO          587    i.DMA1_Stream2_IRQHandler  stm32h7xx_it.o
    0x08000f34   0x08000f34   0x0000000c   Code   RO          588    i.DMA1_Stream3_IRQHandler  stm32h7xx_it.o
    0x08000f40   0x08000f40   0x000000c0   Code   RO         3141    i.DMA_CalcBaseAndBitshift  stm32h7xx_hal_dma.o
    0x08001000   0x08001000   0x000000a0   Code   RO         3142    i.DMA_CalcDMAMUXChannelBaseAndMask  stm32h7xx_hal_dma.o
    0x080010a0   0x080010a0   0x0000007c   Code   RO         3143    i.DMA_CalcDMAMUXRequestGenBaseAndMask  stm32h7xx_hal_dma.o
    0x0800111c   0x0800111c   0x00000078   Code   RO         3144    i.DMA_CheckFifoParam  stm32h7xx_hal_dma.o
    0x08001194   0x08001194   0x000000c0   Code   RO         3257    i.DMA_MultiBufferSetConfig  stm32h7xx_hal_dma_ex.o
    0x08001254   0x08001254   0x00000082   Code   RO         8131    i.DM_Motor_CMD      dm_motor.o
    0x080012d6   0x080012d6   0x00000002   PAD
    0x080012d8   0x080012d8   0x00000144   Code   RO         8132    i.DMget_motor_measure  dm_motor.o
    0x0800141c   0x0800141c   0x00000058   Code   RO         8133    i.DMmotor_Create    dm_motor.o
    0x08001474   0x08001474   0x0000022c   Code   RO         8134    i.DMset_mit_data    dm_motor.o
    0x080016a0   0x080016a0   0x0000006e   Code   RO         8135    i.DMset_posvel_data  dm_motor.o
    0x0800170e   0x0800170e   0x00000002   Code   RO          589    i.DebugMon_Handler  stm32h7xx_it.o
    0x08001710   0x08001710   0x00000004   Code   RO          221    i.Error_Handler     main.o
    0x08001714   0x08001714   0x0000001c   Code   RO         6101    i.ExitRun0Mode      system_stm32h7xx.o
    0x08001730   0x08001730   0x0000000c   Code   RO          590    i.FDCAN1_IT0_IRQHandler  stm32h7xx_it.o
    0x0800173c   0x0800173c   0x0000000c   Code   RO          591    i.FDCAN2_IT0_IRQHandler  stm32h7xx_it.o
    0x08001748   0x08001748   0x0000000c   Code   RO          592    i.FDCAN3_IT0_IRQHandler  stm32h7xx_it.o
    0x08001754   0x08001754   0x000001b0   Code   RO         4935    i.FDCAN_CalcultateRamBlockAddresses  stm32h7xx_hal_fdcan.o
    0x08001904   0x08001904   0x00000074   Code   RO         4936    i.FDCAN_CopyMessageToRAM  stm32h7xx_hal_fdcan.o
    0x08001978   0x08001978   0x00000038   Code   RO         8814    i.Get_SerialNum     usbd_desc.o
    0x080019b0   0x080019b0   0x0000025c   Code   RO         3264    i.HAL_DMAEx_MultiBufferStart  stm32h7xx_hal_dma_ex.o
    0x08001c0c   0x08001c0c   0x0000037c   Code   RO         3146    i.HAL_DMA_Abort     stm32h7xx_hal_dma.o
    0x08001f88   0x08001f88   0x000002b0   Code   RO         3147    i.HAL_DMA_Abort_IT  stm32h7xx_hal_dma.o
    0x08002238   0x08002238   0x000007a8   Code   RO         3151    i.HAL_DMA_IRQHandler  stm32h7xx_hal_dma.o
    0x080029e0   0x080029e0   0x000003f0   Code   RO         3152    i.HAL_DMA_Init      stm32h7xx_hal_dma.o
    0x08002dd0   0x08002dd0   0x00000024   Code   RO         3996    i.HAL_Delay         stm32h7xx_hal.o
    0x08002df4   0x08002df4   0x00000084   Code   RO         4938    i.HAL_FDCAN_ActivateNotification  stm32h7xx_hal_fdcan.o
    0x08002e78   0x08002e78   0x0000006c   Code   RO         4940    i.HAL_FDCAN_AddMessageToTxFifoQ  stm32h7xx_hal_fdcan.o
    0x08002ee4   0x08002ee4   0x00000002   Code   RO         4941    i.HAL_FDCAN_ClockCalibrationCallback  stm32h7xx_hal_fdcan.o
    0x08002ee6   0x08002ee6   0x00000088   Code   RO         4945    i.HAL_FDCAN_ConfigFilter  stm32h7xx_hal_fdcan.o
    0x08002f6e   0x08002f6e   0x00000030   Code   RO         4946    i.HAL_FDCAN_ConfigGlobalFilter  stm32h7xx_hal_fdcan.o
    0x08002f9e   0x08002f9e   0x00000002   Code   RO         4967    i.HAL_FDCAN_ErrorCallback  stm32h7xx_hal_fdcan.o
    0x08002fa0   0x08002fa0   0x00000002   Code   RO         4968    i.HAL_FDCAN_ErrorStatusCallback  stm32h7xx_hal_fdcan.o
    0x08002fa2   0x08002fa2   0x00000002   PAD
    0x08002fa4   0x08002fa4   0x000001a8   Code   RO         4979    i.HAL_FDCAN_GetRxMessage  stm32h7xx_hal_fdcan.o
    0x0800314c   0x0800314c   0x0000000c   Code   RO         4984    i.HAL_FDCAN_GetTxFifoFreeLevel  stm32h7xx_hal_fdcan.o
    0x08003158   0x08003158   0x00000002   Code   RO         4985    i.HAL_FDCAN_HighPriorityMessageCallback  stm32h7xx_hal_fdcan.o
    0x0800315a   0x0800315a   0x00000002   PAD
    0x0800315c   0x0800315c   0x000002ec   Code   RO         4986    i.HAL_FDCAN_IRQHandler  stm32h7xx_hal_fdcan.o
    0x08003448   0x08003448   0x00000268   Code   RO         4987    i.HAL_FDCAN_Init    stm32h7xx_hal_fdcan.o
    0x080036b0   0x080036b0   0x000001ac   Code   RO          418    i.HAL_FDCAN_MspInit  fdcan.o
    0x0800385c   0x0800385c   0x00000002   Code   RO         4996    i.HAL_FDCAN_RxBufferNewMessageCallback  stm32h7xx_hal_fdcan.o
    0x0800385e   0x0800385e   0x00000002   PAD
    0x08003860   0x08003860   0x000000f4   Code   RO         7949    i.HAL_FDCAN_RxFifo0Callback  bsp_can.o
    0x08003954   0x08003954   0x00000002   Code   RO         4998    i.HAL_FDCAN_RxFifo1Callback  stm32h7xx_hal_fdcan.o
    0x08003956   0x08003956   0x00000030   Code   RO         4999    i.HAL_FDCAN_Start   stm32h7xx_hal_fdcan.o
    0x08003986   0x08003986   0x00000002   Code   RO         5021    i.HAL_FDCAN_TT_GlobalTimeCallback  stm32h7xx_hal_fdcan.o
    0x08003988   0x08003988   0x00000002   Code   RO         5022    i.HAL_FDCAN_TT_ScheduleSyncCallback  stm32h7xx_hal_fdcan.o
    0x0800398a   0x0800398a   0x00000002   Code   RO         5027    i.HAL_FDCAN_TT_StopWatchCallback  stm32h7xx_hal_fdcan.o
    0x0800398c   0x0800398c   0x00000002   Code   RO         5028    i.HAL_FDCAN_TT_TimeMarkCallback  stm32h7xx_hal_fdcan.o
    0x0800398e   0x0800398e   0x00000002   Code   RO         5029    i.HAL_FDCAN_TimeoutOccurredCallback  stm32h7xx_hal_fdcan.o
    0x08003990   0x08003990   0x00000002   Code   RO         5030    i.HAL_FDCAN_TimestampWraparoundCallback  stm32h7xx_hal_fdcan.o
    0x08003992   0x08003992   0x00000002   Code   RO         5031    i.HAL_FDCAN_TxBufferAbortCallback  stm32h7xx_hal_fdcan.o
    0x08003994   0x08003994   0x00000002   Code   RO         5032    i.HAL_FDCAN_TxBufferCompleteCallback  stm32h7xx_hal_fdcan.o
    0x08003996   0x08003996   0x00000002   Code   RO         5033    i.HAL_FDCAN_TxEventFifoCallback  stm32h7xx_hal_fdcan.o
    0x08003998   0x08003998   0x00000002   Code   RO         5034    i.HAL_FDCAN_TxFifoEmptyCallback  stm32h7xx_hal_fdcan.o
    0x0800399a   0x0800399a   0x00000002   PAD
    0x0800399c   0x0800399c   0x00000214   Code   RO         2994    i.HAL_GPIO_Init     stm32h7xx_hal_gpio.o
    0x08003bb0   0x08003bb0   0x0000000e   Code   RO         2998    i.HAL_GPIO_WritePin  stm32h7xx_hal_gpio.o
    0x08003bbe   0x08003bbe   0x00000002   PAD
    0x08003bc0   0x08003bc0   0x0000000c   Code   RO         4012    i.HAL_GetTick       stm32h7xx_hal.o
    0x08003bcc   0x08003bcc   0x00000010   Code   RO         4018    i.HAL_IncTick       stm32h7xx_hal.o
    0x08003bdc   0x08003bdc   0x0000005c   Code   RO         4019    i.HAL_Init          stm32h7xx_hal.o
    0x08003c38   0x08003c38   0x00000088   Code   RO          732    i.HAL_InitTick      stm32h7xx_hal_timebase_tim.o
    0x08003cc0   0x08003cc0   0x00000054   Code   RO         3837    i.HAL_MPU_ConfigRegion  stm32h7xx_hal_cortex.o
    0x08003d14   0x08003d14   0x0000001c   Code   RO         3838    i.HAL_MPU_Disable   stm32h7xx_hal_cortex.o
    0x08003d30   0x08003d30   0x00000024   Code   RO         3840    i.HAL_MPU_Enable    stm32h7xx_hal_cortex.o
    0x08003d54   0x08003d54   0x00000024   Code   RO          708    i.HAL_MspInit       stm32h7xx_hal_msp.o
    0x08003d78   0x08003d78   0x0000001a   Code   RO         3844    i.HAL_NVIC_EnableIRQ  stm32h7xx_hal_cortex.o
    0x08003d92   0x08003d92   0x00000002   PAD
    0x08003d94   0x08003d94   0x00000040   Code   RO         3850    i.HAL_NVIC_SetPriority  stm32h7xx_hal_cortex.o
    0x08003dd4   0x08003dd4   0x00000024   Code   RO         3851    i.HAL_NVIC_SetPriorityGrouping  stm32h7xx_hal_cortex.o
    0x08003df8   0x08003df8   0x00000028   Code   RO         2039    i.HAL_PCDEx_ActivateLPM  stm32h7xx_hal_pcd_ex.o
    0x08003e20   0x08003e20   0x00000002   Code   RO         2044    i.HAL_PCDEx_LPM_Callback  stm32h7xx_hal_pcd_ex.o
    0x08003e22   0x08003e22   0x00000008   Code   RO         2045    i.HAL_PCDEx_SetRxFiFo  stm32h7xx_hal_pcd_ex.o
    0x08003e2a   0x08003e2a   0x00000042   Code   RO         2046    i.HAL_PCDEx_SetTxFiFo  stm32h7xx_hal_pcd_ex.o
    0x08003e6c   0x08003e6c   0x00000008   Code   RO         8972    i.HAL_PCD_ConnectCallback  usbd_conf.o
    0x08003e74   0x08003e74   0x00000012   Code   RO         8973    i.HAL_PCD_DataInStageCallback  usbd_conf.o
    0x08003e86   0x08003e86   0x00000014   Code   RO         8974    i.HAL_PCD_DataOutStageCallback  usbd_conf.o
    0x08003e9a   0x08003e9a   0x00000008   Code   RO         8975    i.HAL_PCD_DisconnectCallback  usbd_conf.o
    0x08003ea2   0x08003ea2   0x0000001e   Code   RO         1810    i.HAL_PCD_EP_Abort  stm32h7xx_hal_pcd.o
    0x08003ec0   0x08003ec0   0x00000048   Code   RO         1811    i.HAL_PCD_EP_Close  stm32h7xx_hal_pcd.o
    0x08003f08   0x08003f08   0x00000058   Code   RO         1812    i.HAL_PCD_EP_ClrStall  stm32h7xx_hal_pcd.o
    0x08003f60   0x08003f60   0x00000012   Code   RO         1814    i.HAL_PCD_EP_GetRxCount  stm32h7xx_hal_pcd.o
    0x08003f72   0x08003f72   0x00000060   Code   RO         1815    i.HAL_PCD_EP_Open   stm32h7xx_hal_pcd.o
    0x08003fd2   0x08003fd2   0x00000032   Code   RO         1816    i.HAL_PCD_EP_Receive  stm32h7xx_hal_pcd.o
    0x08004004   0x08004004   0x00000070   Code   RO         1817    i.HAL_PCD_EP_SetStall  stm32h7xx_hal_pcd.o
    0x08004074   0x08004074   0x00000032   Code   RO         1818    i.HAL_PCD_EP_Transmit  stm32h7xx_hal_pcd.o
    0x080040a6   0x080040a6   0x00000542   Code   RO         1820    i.HAL_PCD_IRQHandler  stm32h7xx_hal_pcd.o
    0x080045e8   0x080045e8   0x00000008   Code   RO         8976    i.HAL_PCD_ISOINIncompleteCallback  usbd_conf.o
    0x080045f0   0x080045f0   0x00000008   Code   RO         8977    i.HAL_PCD_ISOOUTIncompleteCallback  usbd_conf.o
    0x080045f8   0x080045f8   0x000000d8   Code   RO         1823    i.HAL_PCD_Init      stm32h7xx_hal_pcd.o
    0x080046d0   0x080046d0   0x00000064   Code   RO         8979    i.HAL_PCD_MspInit   usbd_conf.o
    0x08004734   0x08004734   0x0000002e   Code   RO         8980    i.HAL_PCD_ResetCallback  usbd_conf.o
    0x08004762   0x08004762   0x00000008   Code   RO         8981    i.HAL_PCD_ResumeCallback  usbd_conf.o
    0x0800476a   0x0800476a   0x00000008   Code   RO         8982    i.HAL_PCD_SOFCallback  usbd_conf.o
    0x08004772   0x08004772   0x00000026   Code   RO         1829    i.HAL_PCD_SetAddress  stm32h7xx_hal_pcd.o
    0x08004798   0x08004798   0x0000000e   Code   RO         8983    i.HAL_PCD_SetupStageCallback  usbd_conf.o
    0x080047a6   0x080047a6   0x00000042   Code   RO         1832    i.HAL_PCD_Start     stm32h7xx_hal_pcd.o
    0x080047e8   0x080047e8   0x00000030   Code   RO         8984    i.HAL_PCD_SuspendCallback  usbd_conf.o
    0x08004818   0x08004818   0x00000058   Code   RO         3595    i.HAL_PWREx_ConfigSupply  stm32h7xx_hal_pwr_ex.o
    0x08004870   0x08004870   0x00000010   Code   RO         3612    i.HAL_PWREx_EnableUSBVoltageDetector  stm32h7xx_hal_pwr_ex.o
    0x08004880   0x08004880   0x00000024   Code   RO         2537    i.HAL_RCCEx_GetD3PCLK1Freq  stm32h7xx_hal_rcc_ex.o
    0x080048a4   0x080048a4   0x000001c0   Code   RO         2539    i.HAL_RCCEx_GetPLL2ClockFreq  stm32h7xx_hal_rcc_ex.o
    0x08004a64   0x08004a64   0x000001c0   Code   RO         2540    i.HAL_RCCEx_GetPLL3ClockFreq  stm32h7xx_hal_rcc_ex.o
    0x08004c24   0x08004c24   0x00000990   Code   RO         2546    i.HAL_RCCEx_PeriphCLKConfig  stm32h7xx_hal_rcc_ex.o
    0x080055b4   0x080055b4   0x0000027c   Code   RO         2422    i.HAL_RCC_ClockConfig  stm32h7xx_hal_rcc.o
    0x08005830   0x08005830   0x00000060   Code   RO         2426    i.HAL_RCC_GetClockConfig  stm32h7xx_hal_rcc.o
    0x08005890   0x08005890   0x00000044   Code   RO         2427    i.HAL_RCC_GetHCLKFreq  stm32h7xx_hal_rcc.o
    0x080058d4   0x080058d4   0x00000024   Code   RO         2429    i.HAL_RCC_GetPCLK1Freq  stm32h7xx_hal_rcc.o
    0x080058f8   0x080058f8   0x00000024   Code   RO         2430    i.HAL_RCC_GetPCLK2Freq  stm32h7xx_hal_rcc.o
    0x0800591c   0x0800591c   0x000001b4   Code   RO         2431    i.HAL_RCC_GetSysClockFreq  stm32h7xx_hal_rcc.o
    0x08005ad0   0x08005ad0   0x000005d8   Code   RO         2434    i.HAL_RCC_OscConfig  stm32h7xx_hal_rcc.o
    0x080060a8   0x080060a8   0x00000002   Code   RO         1498    i.HAL_TIMEx_Break2Callback  stm32h7xx_hal_tim_ex.o
    0x080060aa   0x080060aa   0x00000002   Code   RO         1499    i.HAL_TIMEx_BreakCallback  stm32h7xx_hal_tim_ex.o
    0x080060ac   0x080060ac   0x00000002   Code   RO         1500    i.HAL_TIMEx_CommutCallback  stm32h7xx_hal_tim_ex.o
    0x080060ae   0x080060ae   0x00000002   PAD
    0x080060b0   0x080060b0   0x000000b4   Code   RO         1521    i.HAL_TIMEx_MasterConfigSynchronization  stm32h7xx_hal_tim_ex.o
    0x08006164   0x08006164   0x0000004e   Code   RO          773    i.HAL_TIM_Base_Init  stm32h7xx_hal_tim.o
    0x080061b2   0x080061b2   0x00000002   PAD
    0x080061b4   0x080061b4   0x0000003c   Code   RO          473    i.HAL_TIM_Base_MspInit  tim.o
    0x080061f0   0x080061f0   0x000000a0   Code   RO          776    i.HAL_TIM_Base_Start  stm32h7xx_hal_tim.o
    0x08006290   0x08006290   0x000000a8   Code   RO          778    i.HAL_TIM_Base_Start_IT  stm32h7xx_hal_tim.o
    0x08006338   0x08006338   0x00000108   Code   RO          782    i.HAL_TIM_ConfigClockSource  stm32h7xx_hal_tim.o
    0x08006440   0x08006440   0x00000002   Code   RO          807    i.HAL_TIM_IC_CaptureCallback  stm32h7xx_hal_tim.o
    0x08006442   0x08006442   0x00000152   Code   RO          821    i.HAL_TIM_IRQHandler  stm32h7xx_hal_tim.o
    0x08006594   0x08006594   0x00000050   Code   RO          474    i.HAL_TIM_MspPostInit  tim.o
    0x080065e4   0x080065e4   0x00000002   Code   RO          824    i.HAL_TIM_OC_DelayElapsedCallback  stm32h7xx_hal_tim.o
    0x080065e6   0x080065e6   0x00000136   Code   RO          845    i.HAL_TIM_PWM_ConfigChannel  stm32h7xx_hal_tim.o
    0x0800671c   0x0800671c   0x0000004e   Code   RO          848    i.HAL_TIM_PWM_Init  stm32h7xx_hal_tim.o
    0x0800676a   0x0800676a   0x00000002   PAD
    0x0800676c   0x0800676c   0x00000024   Code   RO          476    i.HAL_TIM_PWM_MspInit  tim.o
    0x08006790   0x08006790   0x00000002   Code   RO          851    i.HAL_TIM_PWM_PulseFinishedCallback  stm32h7xx_hal_tim.o
    0x08006792   0x08006792   0x00000002   PAD
    0x08006794   0x08006794   0x0000013c   Code   RO          853    i.HAL_TIM_PWM_Start  stm32h7xx_hal_tim.o
    0x080068d0   0x080068d0   0x00000014   Code   RO          222    i.HAL_TIM_PeriodElapsedCallback  main.o
    0x080068e4   0x080068e4   0x00000002   Code   RO          864    i.HAL_TIM_TriggerCallback  stm32h7xx_hal_tim.o
    0x080068e6   0x080068e6   0x0000003e   Code   RO         5978    i.HAL_UARTEx_DisableFifoMode  stm32h7xx_hal_uart_ex.o
    0x08006924   0x08006924   0x00000368   Code   RO         8006    i.HAL_UARTEx_RxEventCallback  bsp_uart.o
    0x08006c8c   0x08006c8c   0x00000002   Code   RO         5986    i.HAL_UARTEx_RxFifoFullCallback  stm32h7xx_hal_uart_ex.o
    0x08006c8e   0x08006c8e   0x0000004c   Code   RO         5987    i.HAL_UARTEx_SetRxFifoThreshold  stm32h7xx_hal_uart_ex.o
    0x08006cda   0x08006cda   0x0000004c   Code   RO         5988    i.HAL_UARTEx_SetTxFifoThreshold  stm32h7xx_hal_uart_ex.o
    0x08006d26   0x08006d26   0x00000002   Code   RO         5990    i.HAL_UARTEx_TxFifoEmptyCallback  stm32h7xx_hal_uart_ex.o
    0x08006d28   0x08006d28   0x00000002   Code   RO         5991    i.HAL_UARTEx_WakeupCallback  stm32h7xx_hal_uart_ex.o
    0x08006d2a   0x08006d2a   0x00000002   Code   RO         5578    i.HAL_UART_ErrorCallback  stm32h7xx_hal_uart.o
    0x08006d2c   0x08006d2c   0x000003ac   Code   RO         5581    i.HAL_UART_IRQHandler  stm32h7xx_hal_uart.o
    0x080070d8   0x080070d8   0x00000070   Code   RO         5582    i.HAL_UART_Init     stm32h7xx_hal_uart.o
    0x08007148   0x08007148   0x000001b8   Code   RO          539    i.HAL_UART_MspInit  usart.o
    0x08007300   0x08007300   0x00000002   Code   RO         5594    i.HAL_UART_TxCpltCallback  stm32h7xx_hal_uart.o
    0x08007302   0x08007302   0x00000002   Code   RO          593    i.HardFault_Handler  stm32h7xx_it.o
    0x08007304   0x08007304   0x0000003a   Code   RO         8815    i.IntToUnicode      usbd_desc.o
    0x0800733e   0x0800733e   0x00000002   Code   RO         8691    i.Kfs_Init          register.o
    0x08007340   0x08007340   0x00000002   Code   RO         8692    i.Lift_Init         register.o
    0x08007342   0x08007342   0x0000004e   Code   RO          223    i.MPU_Config        main.o
    0x08007390   0x08007390   0x0000003c   Code   RO          393    i.MX_DMA_Init       dma.o
    0x080073cc   0x080073cc   0x00000068   Code   RO          419    i.MX_FDCAN1_Init    fdcan.o
    0x08007434   0x08007434   0x0000006c   Code   RO          420    i.MX_FDCAN2_Init    fdcan.o
    0x080074a0   0x080074a0   0x0000006c   Code   RO          421    i.MX_FDCAN3_Init    fdcan.o
    0x0800750c   0x0800750c   0x00000044   Code   RO           14    i.MX_FREERTOS_Init  freertos.o
    0x08007550   0x08007550   0x000000ec   Code   RO          369    i.MX_GPIO_Init      gpio.o
    0x0800763c   0x0800763c   0x00000084   Code   RO          477    i.MX_TIM2_Init      tim.o
    0x080076c0   0x080076c0   0x00000074   Code   RO          478    i.MX_TIM4_Init      tim.o
    0x08007734   0x08007734   0x00000070   Code   RO          540    i.MX_UART5_Init     usart.o
    0x080077a4   0x080077a4   0x00000068   Code   RO          541    i.MX_UART7_Init     usart.o
    0x0800780c   0x0800780c   0x00000054   Code   RO         8779    i.MX_USB_DEVICE_Init  usb_device.o
    0x08007860   0x08007860   0x00000002   Code   RO          594    i.MemManage_Handler  stm32h7xx_it.o
    0x08007862   0x08007862   0x00000002   PAD
    0x08007864   0x08007864   0x00000080   Code   RO         8505    i.Motion_Task       motion_task.o
    0x080078e4   0x080078e4   0x0000005c   Code   RO         8044    i.MotorModule_Create  motor.o
    0x08007940   0x08007940   0x00000010   Code   RO         8045    i.MotorModule_Init  motor.o
    0x08007950   0x08007950   0x00000002   Code   RO         8046    i.MotorModule_Run   motor.o
    0x08007952   0x08007952   0x00000002   PAD
    0x08007954   0x08007954   0x0000005c   Code   RO         8083    i.Motor_PID_Calculate  dji_motor.o
    0x080079b0   0x080079b0   0x00000002   Code   RO          595    i.NMI_Handler       stm32h7xx_it.o
    0x080079b2   0x080079b2   0x0000000c   Code   RO         7285    i.OS_Tick_GetCount  cmsis_os2.o
    0x080079be   0x080079be   0x0000000a   Code   RO         7286    i.OS_Tick_GetInterval  cmsis_os2.o
    0x080079c8   0x080079c8   0x0000000c   Code   RO         7287    i.OS_Tick_GetOverflow  cmsis_os2.o
    0x080079d4   0x080079d4   0x0000000c   Code   RO          596    i.OTG_HS_IRQHandler  stm32h7xx_it.o
    0x080079e0   0x080079e0   0x00000048   Code   RO         1835    i.PCD_EP_OutSetupPacket_int  stm32h7xx_hal_pcd.o
    0x08007a28   0x08007a28   0x000000e4   Code   RO         1836    i.PCD_EP_OutXfrComplete_int  stm32h7xx_hal_pcd.o
    0x08007b0c   0x08007b0c   0x0000009c   Code   RO         1837    i.PCD_WriteEmptyTxFifo  stm32h7xx_hal_pcd.o
    0x08007ba8   0x08007ba8   0x00000028   Code   RO         8739    i.PID_Calc_Clear    pid.o
    0x08007bd0   0x08007bd0   0x0000002c   Code   RO         8740    i.PID_ErrorHandle   pid.o
    0x08007bfc   0x08007bfc   0x0000002c   Code   RO         8741    i.PID_Init          pid.o
    0x08007c28   0x08007c28   0x00000046   Code   RO         8742    i.PID_Param_Init    pid.o
    0x08007c6e   0x08007c6e   0x00000002   PAD
    0x08007c70   0x08007c70   0x00000124   Code   RO         2549    i.RCCEx_PLL2_Config  stm32h7xx_hal_rcc_ex.o
    0x08007d94   0x08007d94   0x00000124   Code   RO         2550    i.RCCEx_PLL3_Config  stm32h7xx_hal_rcc_ex.o
    0x08007eb8   0x08007eb8   0x00000126   Code   RO         8551    i.SBUS_TO_RC        remote_control.o
    0x08007fde   0x08007fde   0x0000000a   Code   RO         9349    i.SWAPBYTE          usbd_ctlreq.o
    0x08007fe8   0x08007fe8   0x0000000c   Code   RO           16    i.StartDefaultTask  freertos.o
    0x08007ff4   0x08007ff4   0x0000002e   Code   RO         8693    i.Structue_Init     register.o
    0x08008022   0x08008022   0x00000066   Code   RO         8190    i.StructureModule_AddMotor  structure.o
    0x08008088   0x08008088   0x00000050   Code   RO         8191    i.StructureModule_Create  structure.o
    0x080080d8   0x080080d8   0x00000010   Code   RO         8192    i.StructureModule_Init  structure.o
    0x080080e8   0x080080e8   0x00000004   Code   RO         8193    i.StructureModule_Run  structure.o
    0x080080ec   0x080080ec   0x0000001a   Code   RO         7288    i.SysTick_Handler   cmsis_os2.o
    0x08008106   0x08008106   0x00000002   PAD
    0x08008108   0x08008108   0x00000098   Code   RO          224    i.SystemClock_Config  main.o
    0x080081a0   0x080081a0   0x000000d8   Code   RO         6103    i.SystemInit        system_stm32h7xx.o
    0x08008278   0x08008278   0x0000001c   Code   RO          597    i.TIM4_IRQHandler   stm32h7xx_it.o
    0x08008294   0x08008294   0x0000000c   Code   RO          598    i.TIM8_UP_TIM13_IRQHandler  stm32h7xx_it.o
    0x080082a0   0x080082a0   0x000000dc   Code   RO          866    i.TIM_Base_SetConfig  stm32h7xx_hal_tim.o
    0x0800837c   0x0800837c   0x0000001a   Code   RO          867    i.TIM_CCxChannelCmd  stm32h7xx_hal_tim.o
    0x08008396   0x08008396   0x00000014   Code   RO          877    i.TIM_ETR_SetConfig  stm32h7xx_hal_tim.o
    0x080083aa   0x080083aa   0x00000002   PAD
    0x080083ac   0x080083ac   0x00000014   Code   RO          878    i.TIM_ITRx_SetConfig  stm32h7xx_hal_tim.o
    0x080083c0   0x080083c0   0x000000a0   Code   RO          879    i.TIM_OC1_SetConfig  stm32h7xx_hal_tim.o
    0x08008460   0x08008460   0x00000094   Code   RO          880    i.TIM_OC2_SetConfig  stm32h7xx_hal_tim.o
    0x080084f4   0x080084f4   0x00000094   Code   RO          881    i.TIM_OC3_SetConfig  stm32h7xx_hal_tim.o
    0x08008588   0x08008588   0x00000074   Code   RO          882    i.TIM_OC4_SetConfig  stm32h7xx_hal_tim.o
    0x080085fc   0x080085fc   0x00000070   Code   RO          883    i.TIM_OC5_SetConfig  stm32h7xx_hal_tim.o
    0x0800866c   0x0800866c   0x00000070   Code   RO          884    i.TIM_OC6_SetConfig  stm32h7xx_hal_tim.o
    0x080086dc   0x080086dc   0x00000022   Code   RO          886    i.TIM_TI1_ConfigInputStage  stm32h7xx_hal_tim.o
    0x080086fe   0x080086fe   0x00000024   Code   RO          888    i.TIM_TI2_ConfigInputStage  stm32h7xx_hal_tim.o
    0x08008722   0x08008722   0x00000002   PAD
    0x08008724   0x08008724   0x0000000c   Code   RO          599    i.UART5_IRQHandler  stm32h7xx_it.o
    0x08008730   0x08008730   0x0000000c   Code   RO          600    i.UART7_IRQHandler  stm32h7xx_it.o
    0x0800873c   0x0800873c   0x00000048   Code   RO         5992    i.UARTEx_SetNbDataToProcess  stm32h7xx_hal_uart_ex.o
    0x08008784   0x08008784   0x000000c8   Code   RO         5596    i.UART_AdvFeatureConfig  stm32h7xx_hal_uart.o
    0x0800884c   0x0800884c   0x000000aa   Code   RO         5597    i.UART_CheckIdleState  stm32h7xx_hal_uart.o
    0x080088f6   0x080088f6   0x00000010   Code   RO         5598    i.UART_DMAAbortOnError  stm32h7xx_hal_uart.o
    0x08008906   0x08008906   0x00000002   PAD
    0x08008908   0x08008908   0x00000054   Code   RO         5608    i.UART_EndRxTransfer  stm32h7xx_hal_uart.o
    0x0800895c   0x0800895c   0x00000024   Code   RO         5609    i.UART_EndTransmit_IT  stm32h7xx_hal_uart.o
    0x08008980   0x08008980   0x0000052e   Code   RO         5615    i.UART_SetConfig    stm32h7xx_hal_uart.o
    0x08008eae   0x08008eae   0x00000098   Code   RO         5622    i.UART_WaitOnFlagUntilTimeout  stm32h7xx_hal_uart.o
    0x08008f46   0x08008f46   0x00000002   PAD
    0x08008f48   0x08008f48   0x00000034   Code   RO         8007    i.USART_RxDMA_MultiBufferStart  bsp_uart.o
    0x08008f7c   0x08008f7c   0x00000078   Code   RO         9520    i.USBD_CDC_DataIn   usbd_cdc.o
    0x08008ff4   0x08008ff4   0x0000003e   Code   RO         9521    i.USBD_CDC_DataOut  usbd_cdc.o
    0x08009032   0x08009032   0x00000002   PAD
    0x08009034   0x08009034   0x00000094   Code   RO         9522    i.USBD_CDC_DeInit   usbd_cdc.o
    0x080090c8   0x080090c8   0x00000038   Code   RO         9523    i.USBD_CDC_EP0_RxReady  usbd_cdc.o
    0x08009100   0x08009100   0x0000000c   Code   RO         9524    i.USBD_CDC_GetDeviceQualifierDescriptor  usbd_cdc.o
    0x0800910c   0x0800910c   0x0000003c   Code   RO         9525    i.USBD_CDC_GetFSCfgDesc  usbd_cdc.o
    0x08009148   0x08009148   0x00000040   Code   RO         9526    i.USBD_CDC_GetHSCfgDesc  usbd_cdc.o
    0x08009188   0x08009188   0x0000003c   Code   RO         9527    i.USBD_CDC_GetOtherSpeedCfgDesc  usbd_cdc.o
    0x080091c4   0x080091c4   0x0000015c   Code   RO         9528    i.USBD_CDC_Init     usbd_cdc.o
    0x08009320   0x08009320   0x00000040   Code   RO         9529    i.USBD_CDC_ReceivePacket  usbd_cdc.o
    0x08009360   0x08009360   0x00000018   Code   RO         9530    i.USBD_CDC_RegisterInterface  usbd_cdc.o
    0x08009378   0x08009378   0x0000001c   Code   RO         9531    i.USBD_CDC_SetRxBuffer  usbd_cdc.o
    0x08009394   0x08009394   0x00000020   Code   RO         9532    i.USBD_CDC_SetTxBuffer  usbd_cdc.o
    0x080093b4   0x080093b4   0x0000010a   Code   RO         9533    i.USBD_CDC_Setup    usbd_cdc.o
    0x080094be   0x080094be   0x00000014   Code   RO         9183    i.USBD_ClrClassConfig  usbd_core.o
    0x080094d2   0x080094d2   0x00000026   Code   RO         9350    i.USBD_ClrFeature   usbd_ctlreq.o
    0x080094f8   0x080094f8   0x00000004   Code   RO         9184    i.USBD_CoreFindEP   usbd_core.o
    0x080094fc   0x080094fc   0x00000004   Code   RO         9185    i.USBD_CoreFindIF   usbd_core.o
    0x08009500   0x08009500   0x00000010   Code   RO         9456    i.USBD_CtlContinueRx  usbd_ioreq.o
    0x08009510   0x08009510   0x00000010   Code   RO         9457    i.USBD_CtlContinueSendData  usbd_ioreq.o
    0x08009520   0x08009520   0x00000018   Code   RO         9351    i.USBD_CtlError     usbd_ctlreq.o
    0x08009538   0x08009538   0x0000001e   Code   RO         9458    i.USBD_CtlPrepareRx  usbd_ioreq.o
    0x08009556   0x08009556   0x00000016   Code   RO         9459    i.USBD_CtlReceiveStatus  usbd_ioreq.o
    0x0800956c   0x0800956c   0x0000001a   Code   RO         9460    i.USBD_CtlSendData  usbd_ioreq.o
    0x08009586   0x08009586   0x00000016   Code   RO         9461    i.USBD_CtlSendStatus  usbd_ioreq.o
    0x0800959c   0x0800959c   0x0000003a   Code   RO         9352    i.USBD_GetConfig    usbd_ctlreq.o
    0x080095d6   0x080095d6   0x000001e4   Code   RO         9353    i.USBD_GetDescriptor  usbd_ctlreq.o
    0x080097ba   0x080097ba   0x0000003a   Code   RO         9187    i.USBD_GetEpDesc    usbd_core.o
    0x080097f4   0x080097f4   0x00000014   Code   RO         9354    i.USBD_GetLen       usbd_ctlreq.o
    0x08009808   0x08009808   0x0000000e   Code   RO         9188    i.USBD_GetNextDesc  usbd_core.o
    0x08009816   0x08009816   0x0000003c   Code   RO         9355    i.USBD_GetStatus    usbd_ctlreq.o
    0x08009852   0x08009852   0x00000050   Code   RO         9356    i.USBD_GetString    usbd_ctlreq.o
    0x080098a2   0x080098a2   0x00000024   Code   RO         8985    i.USBD_Get_USB_Status  usbd_conf.o
    0x080098c6   0x080098c6   0x00000002   PAD
    0x080098c8   0x080098c8   0x00000030   Code   RO         8816    i.USBD_HS_ConfigStrDescriptor  usbd_desc.o
    0x080098f8   0x080098f8   0x0000000c   Code   RO         8817    i.USBD_HS_DeviceDescriptor  usbd_desc.o
    0x08009904   0x08009904   0x00000034   Code   RO         8818    i.USBD_HS_InterfaceStrDescriptor  usbd_desc.o
    0x08009938   0x08009938   0x0000000c   Code   RO         8819    i.USBD_HS_LangIDStrDescriptor  usbd_desc.o
    0x08009944   0x08009944   0x00000028   Code   RO         8820    i.USBD_HS_ManufacturerStrDescriptor  usbd_desc.o
    0x0800996c   0x0800996c   0x0000003c   Code   RO         8821    i.USBD_HS_ProductStrDescriptor  usbd_desc.o
    0x080099a8   0x080099a8   0x00000014   Code   RO         8822    i.USBD_HS_SerialStrDescriptor  usbd_desc.o
    0x080099bc   0x080099bc   0x00000028   Code   RO         9189    i.USBD_Init         usbd_core.o
    0x080099e4   0x080099e4   0x00000012   Code   RO         8986    i.USBD_LL_ClearStallEP  usbd_conf.o
    0x080099f6   0x080099f6   0x00000012   Code   RO         8987    i.USBD_LL_CloseEP   usbd_conf.o
    0x08009a08   0x08009a08   0x000000dc   Code   RO         9190    i.USBD_LL_DataInStage  usbd_core.o
    0x08009ae4   0x08009ae4   0x000000ca   Code   RO         9191    i.USBD_LL_DataOutStage  usbd_core.o
    0x08009bae   0x08009bae   0x00000004   Code   RO         9192    i.USBD_LL_DevConnected  usbd_core.o
    0x08009bb2   0x08009bb2   0x00000020   Code   RO         9193    i.USBD_LL_DevDisconnected  usbd_core.o
    0x08009bd2   0x08009bd2   0x00000008   Code   RO         8991    i.USBD_LL_GetRxDataSize  usbd_conf.o
    0x08009bda   0x08009bda   0x00000002   PAD
    0x08009bdc   0x08009bdc   0x00000068   Code   RO         8992    i.USBD_LL_Init      usbd_conf.o
    0x08009c44   0x08009c44   0x0000001e   Code   RO         8993    i.USBD_LL_IsStallEP  usbd_conf.o
    0x08009c62   0x08009c62   0x0000002a   Code   RO         9194    i.USBD_LL_IsoINIncomplete  usbd_core.o
    0x08009c8c   0x08009c8c   0x0000002a   Code   RO         9195    i.USBD_LL_IsoOUTIncomplete  usbd_core.o
    0x08009cb6   0x08009cb6   0x00000018   Code   RO         8994    i.USBD_LL_OpenEP    usbd_conf.o
    0x08009cce   0x08009cce   0x00000012   Code   RO         8995    i.USBD_LL_PrepareReceive  usbd_conf.o
    0x08009ce0   0x08009ce0   0x00000060   Code   RO         9196    i.USBD_LL_Reset     usbd_core.o
    0x08009d40   0x08009d40   0x00000014   Code   RO         9197    i.USBD_LL_Resume    usbd_core.o
    0x08009d54   0x08009d54   0x0000001a   Code   RO         9198    i.USBD_LL_SOF       usbd_core.o
    0x08009d6e   0x08009d6e   0x00000006   Code   RO         9199    i.USBD_LL_SetSpeed  usbd_core.o
    0x08009d74   0x08009d74   0x00000012   Code   RO         8996    i.USBD_LL_SetUSBAddress  usbd_conf.o
    0x08009d86   0x08009d86   0x00000060   Code   RO         9200    i.USBD_LL_SetupStage  usbd_core.o
    0x08009de6   0x08009de6   0x00000012   Code   RO         8997    i.USBD_LL_StallEP   usbd_conf.o
    0x08009df8   0x08009df8   0x00000012   Code   RO         8998    i.USBD_LL_Start     usbd_conf.o
    0x08009e0a   0x08009e0a   0x0000001a   Code   RO         9201    i.USBD_LL_Suspend   usbd_core.o
    0x08009e24   0x08009e24   0x00000012   Code   RO         9000    i.USBD_LL_Transmit  usbd_conf.o
    0x08009e36   0x08009e36   0x00000032   Code   RO         9357    i.USBD_ParseSetupRequest  usbd_ctlreq.o
    0x08009e68   0x08009e68   0x0000003a   Code   RO         9202    i.USBD_RegisterClass  usbd_core.o
    0x08009ea2   0x08009ea2   0x00000004   Code   RO         9203    i.USBD_RunTestMode  usbd_core.o
    0x08009ea6   0x08009ea6   0x00000058   Code   RO         9358    i.USBD_SetAddress   usbd_ctlreq.o
    0x08009efe   0x08009efe   0x00000014   Code   RO         9204    i.USBD_SetClassConfig  usbd_core.o
    0x08009f12   0x08009f12   0x00000002   PAD
    0x08009f14   0x08009f14   0x000000dc   Code   RO         9359    i.USBD_SetConfig    usbd_ctlreq.o
    0x08009ff0   0x08009ff0   0x00000024   Code   RO         9360    i.USBD_SetFeature   usbd_ctlreq.o
    0x0800a014   0x0800a014   0x00000004   Code   RO         9205    i.USBD_Start        usbd_core.o
    0x0800a018   0x0800a018   0x00000076   Code   RO         9361    i.USBD_StdDevReq    usbd_ctlreq.o
    0x0800a08e   0x0800a08e   0x00000220   Code   RO         9362    i.USBD_StdEPReq     usbd_ctlreq.o
    0x0800a2ae   0x0800a2ae   0x0000008e   Code   RO         9363    i.USBD_StdItfReq    usbd_ctlreq.o
    0x0800a33c   0x0800a33c   0x00000002   Code   RO         9001    i.USBD_static_free  usbd_conf.o
    0x0800a33e   0x0800a33e   0x00000002   PAD
    0x0800a340   0x0800a340   0x00000008   Code   RO         9002    i.USBD_static_malloc  usbd_conf.o
    0x0800a348   0x0800a348   0x00000084   Code   RO         2111    i.USB_ActivateEndpoint  stm32h7xx_ll_usb.o
    0x0800a3cc   0x0800a3cc   0x0000001c   Code   RO         2113    i.USB_ActivateSetup  stm32h7xx_ll_usb.o
    0x0800a3e8   0x0800a3e8   0x0000009c   Code   RO         2115    i.USB_CoreInit      stm32h7xx_ll_usb.o
    0x0800a484   0x0800a484   0x00000044   Code   RO         2116    i.USB_CoreReset     stm32h7xx_ll_usb.o
    0x0800a4c8   0x0800a4c8   0x000000c8   Code   RO         2119    i.USB_DeactivateEndpoint  stm32h7xx_ll_usb.o
    0x0800a590   0x0800a590   0x0000001c   Code   RO         2120    i.USB_DevConnect    stm32h7xx_ll_usb.o
    0x0800a5ac   0x0800a5ac   0x0000001c   Code   RO         2121    i.USB_DevDisconnect  stm32h7xx_ll_usb.o
    0x0800a5c8   0x0800a5c8   0x0000016c   Code   RO         2122    i.USB_DevInit       stm32h7xx_ll_usb.o
    0x0800a734   0x0800a734   0x0000000c   Code   RO         2123    i.USB_DisableGlobalInt  stm32h7xx_ll_usb.o
    0x0800a740   0x0800a740   0x00000054   Code   RO         2126    i.USB_EP0_OutStart  stm32h7xx_ll_usb.o
    0x0800a794   0x0800a794   0x00000058   Code   RO         2127    i.USB_EPClearStall  stm32h7xx_ll_usb.o
    0x0800a7ec   0x0800a7ec   0x00000058   Code   RO         2128    i.USB_EPSetStall    stm32h7xx_ll_usb.o
    0x0800a844   0x0800a844   0x00000254   Code   RO         2129    i.USB_EPStartXfer   stm32h7xx_ll_usb.o
    0x0800aa98   0x0800aa98   0x000000a4   Code   RO         2130    i.USB_EPStopXfer    stm32h7xx_ll_usb.o
    0x0800ab3c   0x0800ab3c   0x0000000c   Code   RO         2131    i.USB_EnableGlobalInt  stm32h7xx_ll_usb.o
    0x0800ab48   0x0800ab48   0x00000040   Code   RO         2132    i.USB_FlushRxFifo   stm32h7xx_ll_usb.o
    0x0800ab88   0x0800ab88   0x00000044   Code   RO         2133    i.USB_FlushTxFifo   stm32h7xx_ll_usb.o
    0x0800abcc   0x0800abcc   0x00000020   Code   RO         2135    i.USB_GetDevSpeed   stm32h7xx_ll_usb.o
    0x0800abec   0x0800abec   0x00000008   Code   RO         2137    i.USB_GetMode       stm32h7xx_ll_usb.o
    0x0800abf4   0x0800abf4   0x0000000e   Code   RO         2145    i.USB_ReadDevAllInEpInterrupt  stm32h7xx_ll_usb.o
    0x0800ac02   0x0800ac02   0x0000000e   Code   RO         2146    i.USB_ReadDevAllOutEpInterrupt  stm32h7xx_ll_usb.o
    0x0800ac10   0x0800ac10   0x00000024   Code   RO         2147    i.USB_ReadDevInEPInterrupt  stm32h7xx_ll_usb.o
    0x0800ac34   0x0800ac34   0x00000010   Code   RO         2148    i.USB_ReadDevOutEPInterrupt  stm32h7xx_ll_usb.o
    0x0800ac44   0x0800ac44   0x00000008   Code   RO         2149    i.USB_ReadInterrupts  stm32h7xx_ll_usb.o
    0x0800ac4c   0x0800ac4c   0x0000003e   Code   RO         2150    i.USB_ReadPacket    stm32h7xx_ll_usb.o
    0x0800ac8a   0x0800ac8a   0x00000060   Code   RO         2152    i.USB_SetCurrentMode  stm32h7xx_ll_usb.o
    0x0800acea   0x0800acea   0x0000001e   Code   RO         2153    i.USB_SetDevAddress  stm32h7xx_ll_usb.o
    0x0800ad08   0x0800ad08   0x0000000e   Code   RO         2154    i.USB_SetDevSpeed   stm32h7xx_ll_usb.o
    0x0800ad16   0x0800ad16   0x00000002   PAD
    0x0800ad18   0x0800ad18   0x000000f4   Code   RO         2155    i.USB_SetTurnaroundTime  stm32h7xx_ll_usb.o
    0x0800ae0c   0x0800ae0c   0x00000028   Code   RO         2158    i.USB_WritePacket   stm32h7xx_ll_usb.o
    0x0800ae34   0x0800ae34   0x00000002   Code   RO          601    i.UsageFault_Handler  stm32h7xx_it.o
    0x0800ae36   0x0800ae36   0x00000002   Code   RO         8694    i.Weapon_Init       register.o
    0x0800ae38   0x0800ae38   0x00000020   Code   RO         3857    i.__NVIC_SetPriority  stm32h7xx_hal_cortex.o
    0x0800ae58   0x0800ae58   0x000000fc   Code   RO         9645    i.__hardfp_fmod     m_wv.l(fmod.o)
    0x0800af54   0x0800af54   0x00000004   PAD
    0x0800af58   0x0800af58   0x00000018   Code   RO         9687    i.__mathlib_dbl_invalid  m_wv.l(dunder.o)
    0x0800af70   0x0800af70   0x0000009c   Code   RO         8552    i.data_convert      remote_control.o
    0x0800b00c   0x0800b00c   0x00000188   Code   RO         8743    i.f_PID_Calculate   pid.o
    0x0800b194   0x0800b194   0x0000002a   Code   RO         8136    i.float_to_uint     dm_motor.o
    0x0800b1be   0x0800b1be   0x00000002   PAD
    0x0800b1c0   0x0800b1c0   0x0000007c   Code   RO          225    i.main              main.o
    0x0800b23c   0x0800b23c   0x000000c8   Code   RO         8233    i.manual_chassis_function  chassis.o
    0x0800b304   0x0800b304   0x00000002   Code   RO         8300    i.manual_kfs_function  kfs.o
    0x0800b306   0x0800b306   0x00000002   Code   RO         8330    i.manual_lift_function  lift.o
    0x0800b308   0x0800b308   0x00000002   Code   RO         8387    i.manual_weapon_function  weapon.o
    0x0800b30a   0x0800b30a   0x0000001c   Code   RO         7290    i.osDelay           cmsis_os2.o
    0x0800b326   0x0800b326   0x00000042   Code   RO         7300    i.osKernelGetSysTimerCount  cmsis_os2.o
    0x0800b368   0x0800b368   0x00000028   Code   RO         7304    i.osKernelInitialize  cmsis_os2.o
    0x0800b390   0x0800b390   0x00000038   Code   RO         7307    i.osKernelStart     cmsis_os2.o
    0x0800b3c8   0x0800b3c8   0x000000ba   Code   RO         7349    i.osThreadNew       cmsis_os2.o
    0x0800b482   0x0800b482   0x00000002   PAD
    0x0800b484   0x0800b484   0x00000060   Code   RO         6725    i.prvAddCurrentTaskToDelayedList  tasks.o
    0x0800b4e4   0x0800b4e4   0x00000088   Code   RO         6726    i.prvAddNewTaskToReadyList  tasks.o
    0x0800b56c   0x0800b56c   0x00000058   Code   RO         7101    i.prvCheckForValidListAndQueue  timers.o
    0x0800b5c4   0x0800b5c4   0x0000003c   Code   RO         6727    i.prvCheckTasksWaitingTermination  tasks.o
    0x0800b600   0x0800b600   0x00000028   Code   RO         6312    i.prvCopyDataFromQueue  queue.o
    0x0800b628   0x0800b628   0x0000006e   Code   RO         6313    i.prvCopyDataToQueue  queue.o
    0x0800b696   0x0800b696   0x00000040   Code   RO         6728    i.prvDeleteTCB      tasks.o
    0x0800b6d6   0x0800b6d6   0x00000002   PAD
    0x0800b6d8   0x0800b6d8   0x00000024   Code   RO         7102    i.prvGetNextExpireTime  timers.o
    0x0800b6fc   0x0800b6fc   0x0000004c   Code   RO         7813    i.prvHeapInit       heap_4.o
    0x0800b748   0x0800b748   0x00000028   Code   RO         6729    i.prvIdleTask       tasks.o
    0x0800b770   0x0800b770   0x00000022   Code   RO         6316    i.prvInitialiseNewQueue  queue.o
    0x0800b792   0x0800b792   0x000000a8   Code   RO         6730    i.prvInitialiseNewTask  tasks.o
    0x0800b83a   0x0800b83a   0x00000002   PAD
    0x0800b83c   0x0800b83c   0x00000058   Code   RO         6731    i.prvInitialiseTaskLists  tasks.o
    0x0800b894   0x0800b894   0x00000054   Code   RO         7814    i.prvInsertBlockIntoFreeList  heap_4.o
    0x0800b8e8   0x0800b8e8   0x00000040   Code   RO         7104    i.prvInsertTimerInActiveList  timers.o
    0x0800b928   0x0800b928   0x0000001a   Code   RO         6317    i.prvIsQueueEmpty   queue.o
    0x0800b942   0x0800b942   0x0000001e   Code   RO         6318    i.prvIsQueueFull    queue.o
    0x0800b960   0x0800b960   0x00000068   Code   RO         7105    i.prvProcessExpiredTimer  timers.o
    0x0800b9c8   0x0800b9c8   0x000000fc   Code   RO         7106    i.prvProcessReceivedCommands  timers.o
    0x0800bac4   0x0800bac4   0x0000006c   Code   RO         7107    i.prvProcessTimerOrBlockTask  timers.o
    0x0800bb30   0x0800bb30   0x00000024   Code   RO         6733    i.prvResetNextTaskUnblockTime  tasks.o
    0x0800bb54   0x0800bb54   0x0000002c   Code   RO         7108    i.prvSampleTimeNow  timers.o
    0x0800bb80   0x0800bb80   0x00000070   Code   RO         7109    i.prvSwitchTimerLists  timers.o
    0x0800bbf0   0x0800bbf0   0x0000002c   Code   RO         7869    i.prvTaskExitError  port.o
    0x0800bc1c   0x0800bc1c   0x00000014   Code   RO         7110    i.prvTimerTask      timers.o
    0x0800bc30   0x0800bc30   0x0000006a   Code   RO         6319    i.prvUnlockQueue    queue.o
    0x0800bc9a   0x0800bc9a   0x00000002   PAD
    0x0800bc9c   0x0800bc9c   0x000000dc   Code   RO         7815    i.pvPortMalloc      heap_4.o
    0x0800bd78   0x0800bd78   0x00000024   Code   RO         7870    i.pxPortInitialiseStack  port.o
    0x0800bd9c   0x0800bd9c   0x0000001a   Code   RO         8506    i.rc_bit_minmax_decode  motion_task.o
    0x0800bdb6   0x0800bdb6   0x00000028   Code   RO         8137    i.uint_to_float     dm_motor.o
    0x0800bdde   0x0800bdde   0x00000026   Code   RO         6272    i.uxListRemove      list.o
    0x0800be04   0x0800be04   0x00000014   Code   RO         7361    i.vApplicationGetIdleTaskMemory  cmsis_os2.o
    0x0800be18   0x0800be18   0x00000018   Code   RO         7362    i.vApplicationGetTimerTaskMemory  cmsis_os2.o
    0x0800be30   0x0800be30   0x00000016   Code   RO         6273    i.vListInitialise   list.o
    0x0800be46   0x0800be46   0x00000006   Code   RO         6274    i.vListInitialiseItem  list.o
    0x0800be4c   0x0800be4c   0x00000030   Code   RO         6275    i.vListInsert       list.o
    0x0800be7c   0x0800be7c   0x00000018   Code   RO         6276    i.vListInsertEnd    list.o
    0x0800be94   0x0800be94   0x00000040   Code   RO         7872    i.vPortEnterCritical  port.o
    0x0800bed4   0x0800bed4   0x0000002c   Code   RO         7873    i.vPortExitCritical  port.o
    0x0800bf00   0x0800bf00   0x00000064   Code   RO         7816    i.vPortFree         heap_4.o
    0x0800bf64   0x0800bf64   0x00000024   Code   RO         7874    i.vPortSetupTimerInterrupt  port.o
    0x0800bf88   0x0800bf88   0x00000054   Code   RO         7875    i.vPortValidateInterruptPriority  port.o
    0x0800bfdc   0x0800bfdc   0x00000024   Code   RO         6325    i.vQueueAddToRegistry  queue.o
    0x0800c000   0x0800c000   0x00000046   Code   RO         6329    i.vQueueWaitForMessageRestricted  queue.o
    0x0800c046   0x0800c046   0x00000002   PAD
    0x0800c048   0x0800c048   0x00000050   Code   RO         6746    i.vTaskDelay        tasks.o
    0x0800c098   0x0800c098   0x00000010   Code   RO         6751    i.vTaskInternalSetTimeOutState  tasks.o
    0x0800c0a8   0x0800c0a8   0x0000000c   Code   RO         6752    i.vTaskMissedYield  tasks.o
    0x0800c0b4   0x0800c0b4   0x00000034   Code   RO         6754    i.vTaskPlaceOnEventList  tasks.o
    0x0800c0e8   0x0800c0e8   0x0000003c   Code   RO         6755    i.vTaskPlaceOnEventListRestricted  tasks.o
    0x0800c124   0x0800c124   0x00000090   Code   RO         6763    i.vTaskStartScheduler  tasks.o
    0x0800c1b4   0x0800c1b4   0x00000010   Code   RO         6765    i.vTaskSuspendAll   tasks.o
    0x0800c1c4   0x0800c1c4   0x00000068   Code   RO         6766    i.vTaskSwitchContext  tasks.o
    0x0800c22c   0x0800c22c   0x000000f4   Code   RO         7876    i.xPortStartScheduler  port.o
    0x0800c320   0x0800c320   0x0000002c   Code   RO         7877    i.xPortSysTickHandler  port.o
    0x0800c34c   0x0800c34c   0x0000006c   Code   RO         6335    i.xQueueGenericCreateStatic  queue.o
    0x0800c3b8   0x0800c3b8   0x0000008c   Code   RO         6336    i.xQueueGenericReset  queue.o
    0x0800c444   0x0800c444   0x00000164   Code   RO         6337    i.xQueueGenericSend  queue.o
    0x0800c5a8   0x0800c5a8   0x000000c0   Code   RO         6338    i.xQueueGenericSendFromISR  queue.o
    0x0800c668   0x0800c668   0x0000013c   Code   RO         6347    i.xQueueReceive     queue.o
    0x0800c7a4   0x0800c7a4   0x0000007c   Code   RO         6768    i.xTaskCheckForTimeOut  tasks.o
    0x0800c820   0x0800c820   0x00000064   Code   RO         6769    i.xTaskCreate       tasks.o
    0x0800c884   0x0800c884   0x0000005c   Code   RO         6770    i.xTaskCreateStatic  tasks.o
    0x0800c8e0   0x0800c8e0   0x0000001c   Code   RO         6774    i.xTaskGetSchedulerState  tasks.o
    0x0800c8fc   0x0800c8fc   0x0000000c   Code   RO         6775    i.xTaskGetTickCount  tasks.o
    0x0800c908   0x0800c908   0x000000cc   Code   RO         6777    i.xTaskIncrementTick  tasks.o
    0x0800c9d4   0x0800c9d4   0x0000007c   Code   RO         6780    i.xTaskPriorityDisinherit  tasks.o
    0x0800ca50   0x0800ca50   0x00000078   Code   RO         6782    i.xTaskRemoveFromEventList  tasks.o
    0x0800cac8   0x0800cac8   0x000000c8   Code   RO         6783    i.xTaskResumeAll    tasks.o
    0x0800cb90   0x0800cb90   0x00000068   Code   RO         7119    i.xTimerCreateTimerTask  timers.o
    0x0800cbf8   0x0800cbf8   0x0000006c   Code   RO         7120    i.xTimerGenericCommand  timers.o
    0x0800cc64   0x0800cc64   0x0000009c   Code   RO         9731    x$fpl$dnaninf       fz_wv.l(dnaninf.o)
    0x0800cd00   0x0800cd00   0x00000150   Code   RO         9678    x$fpl$drem          fz_wv.l(drem_clz.o)
    0x0800ce50   0x0800ce50   0x0000000a   Code   RO         9828    x$fpl$fpinit        fz_wv.l(fpinit.o)
    0x0800ce5a   0x0800ce5a   0x00000000   Code   RO         9680    x$fpl$usenofp       fz_wv.l(usenofp.o)
    0x0800ce5a   0x0800ce5a   0x00000002   PAD
    0x0800ce5c   0x0800ce5c   0x0000006c   Data   RO           17    .constdata          freertos.o
    0x0800cec8   0x0800cec8   0x00000008   Data   RO         3158    .constdata          stm32h7xx_hal_dma.o
    0x0800ced0   0x0800ced0   0x0000005c   Data   RO         5035    .constdata          stm32h7xx_hal_fdcan.o
    0x0800cf2c   0x0800cf2c   0x00000018   Data   RO         5623    .constdata          stm32h7xx_hal_uart.o
    0x0800cf44   0x0800cf44   0x00000010   Data   RO         5994    .constdata          stm32h7xx_hal_uart_ex.o
    0x0800cf54   0x0800cf54   0x00000010   Data   RO         6104    .constdata          system_stm32h7xx.o
    0x0800cf64   0x0800cf64   0x00000020   Data   RO           18    .conststring        freertos.o
    0x0800cf84   0x0800cf84   0x00000020   Data   RO         9884    Region$$Table       anon$$obj.o


    Execution Region RW_IRAM1 (Exec base: 0x20000000, Load base: 0x0800cfa4, Size: 0x00000000, Max: 0x00020000, ABSOLUTE)

    **** No section assigned to this execution region ****


    Execution Region RW_IRAM2 (Exec base: 0x24000000, Load base: 0x0800cfa4, Size: 0x00008298, Max: 0x00050000, ABSOLUTE, COMPRESSED[0x000000fc])

    Exec Addr    Load Addr    Size         Type   Attr      Idx    E Section Name        Object

    0x24000000   COMPRESSED   0x0000000c   Data   RW           19    .data               freertos.o
    0x2400000c   COMPRESSED   0x00000004   Data   RW          423    .data               fdcan.o
    0x24000010   COMPRESSED   0x0000000c   Data   RW         4043    .data               stm32h7xx_hal.o
    0x2400001c   COMPRESSED   0x00000008   Data   RW         6105    .data               system_stm32h7xx.o
    0x24000024   COMPRESSED   0x0000003c   Data   RW         6786    .data               tasks.o
    0x24000060   COMPRESSED   0x00000014   Data   RW         7128    .data               timers.o
    0x24000074   COMPRESSED   0x00000004   Data   RW         7364    .data               cmsis_os2.o
    0x24000078   COMPRESSED   0x00000020   Data   RW         7822    .data               heap_4.o
    0x24000098   COMPRESSED   0x0000000c   Data   RW         7878    .data               port.o
    0x240000a4   COMPRESSED   0x00000008   Data   RW         8084    .data               dji_motor.o
    0x240000ac   COMPRESSED   0x0000000c   Data   RW         8138    .data               dm_motor.o
    0x240000b8   COMPRESSED   0x00000018   Data   RW         8236    .data               chassis.o
    0x240000d0   COMPRESSED   0x00000018   Data   RW         8237    .data               chassis.o
    0x240000e8   COMPRESSED   0x00000018   Data   RW         8238    .data               chassis.o
    0x24000100   COMPRESSED   0x00000018   Data   RW         8239    .data               chassis.o
    0x24000118   COMPRESSED   0x00000018   Data   RW         8240    .data               chassis.o
    0x24000130   COMPRESSED   0x00000018   Data   RW         8241    .data               chassis.o
    0x24000148   COMPRESSED   0x00000018   Data   RW         8336    .data               lift.o
    0x24000160   COMPRESSED   0x00000004   Data   RW         8463    .data               can_task.o
    0x24000164   COMPRESSED   0x00000002   Data   RW         8507    .data               motion_task.o
    0x24000166   COMPRESSED   0x00000022   Data   RW         8554    .data               remote_control.o
    0x24000188   COMPRESSED   0x00000020   Data   RW         8825    .data               usbd_desc.o
    0x240001a8   COMPRESSED   0x0000003e   Data   RW         8826    .data               usbd_desc.o
    0x240001e6   COMPRESSED   0x00000002   PAD
    0x240001e8   COMPRESSED   0x00000014   Data   RW         8918    .data               usbd_cdc_if.o
    0x240001fc   COMPRESSED   0x00000001   Data   RW         9364    .data               usbd_ctlreq.o
    0x240001fd   COMPRESSED   0x00000003   PAD
    0x24000200   COMPRESSED   0x00000053   Data   RW         9535    .data               usbd_cdc.o
    0x24000253   COMPRESSED   0x00000001   PAD
    0x24000254   COMPRESSED   0x00000038   Data   RW         9536    .data               usbd_cdc.o
    0x2400028c        -       0x000001e0   Zero   RW          422    .bss                fdcan.o
    0x2400046c        -       0x00000098   Zero   RW          479    .bss                tim.o
    0x24000504        -       0x00000218   Zero   RW          542    .bss                usart.o
    0x2400071c        -       0x0000004c   Zero   RW          735    .bss                stm32h7xx_hal_timebase_tim.o
    0x24000768        -       0x00000040   Zero   RW         6351    .bss                queue.o
    0x240007a8        -       0x000004c4   Zero   RW         6785    .bss                tasks.o
    0x24000c6c        -       0x00000118   Zero   RW         7127    .bss                timers.o
    0x24000d84        -       0x000006b8   Zero   RW         7363    .bss                cmsis_os2.o
    0x2400143c        -       0x00003c00   Zero   RW         7821    .bss                heap_4.o
    0x2400503c        -       0x00000078   Zero   RW         8234    .bss                chassis.o
    0x240050b4        -       0x000009a8   Zero   RW         8235    .bss                chassis.o
    0x24005a5c        -       0x00000050   Zero   RW         8331    .bss                lift.o
    0x24005aac        -       0x00000210   Zero   RW         8332    .bss                lift.o
    0x24005cbc        -       0x0000019c   Zero   RW         8333    .bss                lift.o
    0x24005e58        -       0x0000019c   Zero   RW         8334    .bss                lift.o
    0x24005ff4        -       0x00000064   Zero   RW         8553    .bss                remote_control.o
    0x24006058        -       0x000002dc   Zero   RW         8780    .bss                usb_device.o
    0x24006334        -       0x00000200   Zero   RW         8824    .bss                usbd_desc.o
    0x24006534        -       0x00001000   Zero   RW         8917    .bss                usbd_cdc_if.o
    0x24007534        -       0x00000704   Zero   RW         9003    .bss                usbd_conf.o
    0x24007c38        -       0x00000060   Zero   RW         9744    .bss                c_w.l(libspace.o)
    0x24007c98        -       0x00000200   Zero   RW            2    HEAP                startup_stm32h723xx.o
    0x24007e98        -       0x00000400   Zero   RW            1    STACK               startup_stm32h723xx.o


==============================================================================

Image component sizes


      Code (inc. data)   RO Data    RW Data    ZI Data      Debug   Object Name

       496         64          0          0          0       2163   bsp_can.o
       956         60          0          0          0       2746   bsp_uart.o
       304         74          0          4          0        995   can_task.o
       552         64          0        144       2592       5134   chassis.o
       480         24          0          4       1720      73610   cmsis_os2.o
       478         22          0          8          0       4561   dji_motor.o
      1290         80          0         12          0       6671   dm_motor.o
        60          4          0          0          0        926   dma.o
         0          0          0          0          0      19460   event_groups.o
       748         60          0          4        480       3653   fdcan.o
        80         22        140         12          0    1244857   freertos.o
        36          0          0          0          0       2955   global.o
       236         14          0          0          0       1211   gpio.o
       480         26          0         32      15360       5175   heap_4.o
         2          0          0          0          0        462   kfs.o
         2          0          0         24       1432       3949   lift.o
       138          0          0          0          0       3754   list.o
       378         20          0          0          0      16728   main.o
       154         10          0          2          0       2194   motion_task.o
       110         20          0          0          0       2147   motor.o
       590         18          0          0          0       8344   pid.o
       786         84          0         12          0      11849   port.o
      1564         20          0          0         64      18020   queue.o
       492         92          0          0          0       2540   register.o
       450         18          0         34        100       3770   remote_control.o
        72         30        716          0       1536        860   startup_stm32h723xx.o
       156         32          0         12          0      23114   stm32h7xx_hal.o
       306         30          0          0          0      41156   stm32h7xx_hal_cortex.o
      5144        114          8          0          0      12167   stm32h7xx_hal_dma.o
       796         22          0          0          0       2825   stm32h7xx_hal_dma_ex.o
      2852         50         92          0          0      24847   stm32h7xx_hal_fdcan.o
       546         44          0          0          0       2492   stm32h7xx_hal_gpio.o
        36          4          0          0          0        966   stm32h7xx_hal_msp.o
      2638         14          0          0          0      14520   stm32h7xx_hal_pcd.o
       116          6          0          0          0       3317   stm32h7xx_hal_pcd_ex.o
       104         10          0          0          0       1426   stm32h7xx_hal_pwr_ex.o
      2804        128          0          0          0       8837   stm32h7xx_hal_rcc.o
      3964        120          0          0          0       8441   stm32h7xx_hal_rcc_ex.o
      2872        336          0          0          0      19555   stm32h7xx_hal_tim.o
       186         36          0          0          0       3428   stm32h7xx_hal_tim_ex.o
       136         22          0          0         76       1675   stm32h7xx_hal_timebase_tim.o
      3040        136         24          0          0      30835   stm32h7xx_hal_uart.o
       292          6         16          0          0       5662   stm32h7xx_hal_uart_ex.o
       148         60          0          0          0       7704   stm32h7xx_it.o
      2794        118          0          0          0      24124   stm32h7xx_ll_usb.o
         0          0          0          0          0        392   stream_buffer.o
       202         26          0          0          0       2831   structure.o
       244         38         16          8          0       1973   system_stm32h7xx.o
      2176        186          0         60       1220      28490   tasks.o
       424         42          0          0        152       3791   tim.o
      1040         88          0         20        280      33455   timers.o
       656         56          0          0        536       3015   usart.o
        84         18          0          0        732        820   usb_device.o
      1344         34          0        139          0      14151   usbd_cdc.o
        76         16          0         20       4096       3606   usbd_cdc_if.o
       632         26          0          0       1796      17276   usbd_conf.o
      1038          0          0          0          0      16737   usbd_core.o
      1972         22          0          1          0      18588   usbd_ctlreq.o
       358        112          0         94        512       7225   usbd_desc.o
       132          0          0          0          0       4720   usbd_ioreq.o
         2          0          0          0          0        473   weapon.o

    ----------------------------------------------------------------------
     50312       2778       1044        652      32684    1843368   Object Totals
         0          0         32          0          0          0   (incl. Generated)
        68          0          0          6          0          0   (incl. Padding)

    ----------------------------------------------------------------------

      Code (inc. data)   RO Data    RW Data    ZI Data      Debug   Library Member Name

        90          0          0          0          0          0   __dczerorl2.o
         8          0          0          0          0         68   __main.o
         0          0          0          0          0          0   __rtentry.o
        12          0          0          0          0          0   __rtentry2.o
         6          0          0          0          0          0   __rtentry4.o
        52          8          0          0          0          0   __scatter.o
        28          0          0          0          0          0   __scatter_zi.o
        22          0          0          0          0        100   _rserrno.o
        16          0          0          0          0         68   aeabi_memset.o
        18          0          0          0          0         80   exit.o
         6          0          0          0          0        152   heapauxi.o
         0          0          0          0          0          0   indicate_semi.o
         2          0          0          0          0          0   libinit.o
         6          0          0          0          0          0   libinit2.o
         2          0          0          0          0          0   libshutdown.o
         2          0          0          0          0          0   libshutdown2.o
         8          4          0          0         96         68   libspace.o
       238          0          0          0          0        100   lludivv7m.o
         8          4          0          0          0         68   rt_errno_addr_intlibspace.o
        68          0          0          0          0         68   rt_memclr.o
        78          0          0          0          0         80   rt_memclr_w.o
       138          0          0          0          0         68   rt_memcpy_v6.o
       100          0          0          0          0         80   rt_memcpy_w.o
         2          0          0          0          0          0   rtexit.o
        10          0          0          0          0          0   rtexit2.o
        12          4          0          0          0         68   sys_exit.o
        74          0          0          0          0         80   sys_stackheap_outer.o
         2          0          0          0          0         68   use_no_semi.o
       156          4          0          0          0        140   dnaninf.o
       336         12          0          0          0        136   drem_clz.o
        10          0          0          0          0        116   fpinit.o
         0          0          0          0          0          0   usenofp.o
        24         14          0          0          0        116   dunder.o
       252          6          0          0          0        144   fmod.o

    ----------------------------------------------------------------------
      1800         60          0          0         96       1868   Library Totals
        14          4          0          0          0          0   (incl. Padding)

    ----------------------------------------------------------------------

      Code (inc. data)   RO Data    RW Data    ZI Data      Debug   Library Name

      1008         20          0          0         96       1216   c_w.l
       502         16          0          0          0        392   fz_wv.l
       276         20          0          0          0        260   m_wv.l

    ----------------------------------------------------------------------
      1800         60          0          0         96       1868   Library Totals

    ----------------------------------------------------------------------

==============================================================================


      Code (inc. data)   RO Data    RW Data    ZI Data      Debug   

     52112       2838       1044        652      32780    1802564   Grand Totals
     52112       2838       1044        252      32780    1802564   ELF Image Totals (compressed)
     52112       2838       1044        252          0          0   ROM Totals

==============================================================================

    Total RO  Size (Code + RO Data)                53156 (  51.91kB)
    Total RW  Size (RW Data + ZI Data)             33432 (  32.65kB)
    Total ROM Size (Code + RO Data + RW Data)      53408 (  52.16kB)

==============================================================================

